W0505 08:36:34.691000 23271289070720 torch/distributed/run.py:757] 
W0505 08:36:34.691000 23271289070720 torch/distributed/run.py:757] *****************************************
W0505 08:36:34.691000 23271289070720 torch/distributed/run.py:757] Setting OMP_NUM_THREADS environment variable for each process to be 1 in default, to avoid your system being overloaded, please further tune the variable for optimal performance in your application as needed. 
W0505 08:36:34.691000 23271289070720 torch/distributed/run.py:757] *****************************************
wandb: [wandb.login()] Loaded credentials for https://api.wandb.ai from /nfs/users/nfs_a/ap55/.netrc.
wandb: Currently logged in as: arian-yazdan2001 (shariflab) to https://api.wandb.ai. Use `wandb login --relogin` to force relogin
wandb: setting up run shn2bqje
wandb: Tracking run with wandb version 0.26.0
wandb: Run data is saved locally in /lustre/scratch126/cellgen/lotfollahi/ap55/Nonmarkovian/wandb/run-20260505_083656-shn2bqje
wandb: Run `wandb offline` to turn off syncing.
wandb: Syncing run tusken-xwing-1
wandb: ⭐️ View project at https://wandb.ai/shariflab/nonmarkovian_promoter
wandb: 🚀 View run at https://wandb.ai/shariflab/nonmarkovian_promoter/runs/shn2bqje
[rank3]:[W reducer.cpp:1389] Warning: find_unused_parameters=True was specified in DDP constructor, but did not find any unused parameters in the forward pass. This flag results in an extra traversal of the autograd graph every iteration,  which can adversely affect performance. If your model indeed never has any unused parameters in the forward pass, consider turning this flag off. Note that this warning may be a false positive if your model has flow control causing later iterations to have unused parameters. (function operator())
[rank1]:[W reducer.cpp:1389] Warning: find_unused_parameters=True was specified in DDP constructor, but did not find any unused parameters in the forward pass. This flag results in an extra traversal of the autograd graph every iteration,  which can adversely affect performance. If your model indeed never has any unused parameters in the forward pass, consider turning this flag off. Note that this warning may be a false positive if your model has flow control causing later iterations to have unused parameters. (function operator())
[rank2]:[W reducer.cpp:1389] Warning: find_unused_parameters=True was specified in DDP constructor, but did not find any unused parameters in the forward pass. This flag results in an extra traversal of the autograd graph every iteration,  which can adversely affect performance. If your model indeed never has any unused parameters in the forward pass, consider turning this flag off. Note that this warning may be a false positive if your model has flow control causing later iterations to have unused parameters. (function operator())
[rank0]:[W reducer.cpp:1389] Warning: find_unused_parameters=True was specified in DDP constructor, but did not find any unused parameters in the forward pass. This flag results in an extra traversal of the autograd graph every iteration,  which can adversely affect performance. If your model indeed never has any unused parameters in the forward pass, consider turning this flag off. Note that this warning may be a false positive if your model has flow control causing later iterations to have unused parameters. (function operator())
wandb: updating run metadata
wandb: uploading output.log; uploading wandb-summary.json; uploading config.yaml
wandb: uploading output.log; uploading wandb-summary.json
wandb: 
wandb: Run history:
wandb:                   epoch ▁▁▁▁▂▂▂▂▂▂▃▃▃▄▄▄▅▅▅▅▅▅▅▆▆▆▆▇▇▇▇▇▇▇▇█████
wandb:         train/batch_idx ▄▄▆▇▃▁▅▆▂▄▄▃▅▆▅▂▁▂▅▆▅▆▄▄██▆▇▇▂▃▃▆▅▅▆▅▃▁▃
wandb: train/batches_per_epoch ▁▁▁▁▁▁▁▁▁▁▁▁▁▁▁▁▁▁▁▁▁▁▁▁▁▁▁▁▁▁▁▁▁▁▁▁▁▁▁▁
wandb:         train/diff_loss ▁▃▁▁▁▁▁█▁▁▁▁▁▁▁▁▁▂▁▁▃▁▁▁▁▁▁▁▁▁▁▁▁▁▁▁▁▁▁▇
wandb:    train/epoch_loss_avg █▅▅▃▃▂▂▂▂▂▁▁▁▁▁▁▁▁▁▁▁▁▁▁▁▁▁▁▁▁▁▁▁▁▁▁▁▁▁▁
wandb:         train/grad_norm ▁▁▁▂▁▂▅▃▁▁▁▃▁▁▃▂▁▂▂▂▁▂▂▁▁▁▁▁▁▁█▁▁▁▁▁▁▁▁▂
wandb:              train/loss ▁▁▁█▁▁▁▁▁▂▁▁▂▁▁▁▁▁▁▁▇▁▁▁▁▁▁▁▁▁▁▁▁▁▁▁▁▁▁▁
wandb:                train/lr ▁▁▁▁▁▁▁▁▁▁▁▁▁▁▁▁▁▁▁▁▁▁▁▁▁▁▁▁▁▁▁▁▁▁▁▁▁▁▁▁
wandb:    train/router_entropy ▇██▇▇▆▇▆▇▇▇▇▇▆▇▆▆▇▆█▇▁▆▇▇▅▆▇▇▇█▇▇▇▇▇█▇▇▇
wandb:           train/t_start ▆▆██▆▁▂▄▁▆▆▇▃▅▇▄▃▆▄▇██▄▃▅█▂▂▅▃▃▆▂▄▅▄▁▅▄▁
wandb:                      +2 ...
wandb: 
wandb: Run summary:
wandb:     checkpoint_best_path /lustre/scratch126/c...
wandb: checkpoint_best_val_loss 248.84167
wandb:         cuda_device_name NVIDIA H200
wandb:              cuda_usable True
wandb:                   device cuda:0
wandb:              distributed True
wandb:                    epoch 200
wandb:   model/total_parameters 13273220
wandb:          train/batch_idx 345
wandb:  train/batches_per_epoch 346
wandb:                      +10 ...
wandb: 
wandb: 🚀 View run tusken-xwing-1 at: https://wandb.ai/shariflab/nonmarkovian_promoter/runs/shn2bqje
wandb: ⭐️ View project at: https://wandb.ai/shariflab/nonmarkovian_promoter
wandb: Synced 5 W&B file(s), 0 media file(s), 0 artifact file(s) and 0 other file(s)
wandb: Find logs at: ./wandb/run-20260505_083656-shn2bqje/logs
