W0705 07:18:54.377000 23032529691776 torch/distributed/run.py:757] 
W0705 07:18:54.377000 23032529691776 torch/distributed/run.py:757] *****************************************
W0705 07:18:54.377000 23032529691776 torch/distributed/run.py:757] Setting OMP_NUM_THREADS environment variable for each process to be 1 in default, to avoid your system being overloaded, please further tune the variable for optimal performance in your application as needed. 
W0705 07:18:54.377000 23032529691776 torch/distributed/run.py:757] *****************************************
wandb: [wandb.login()] Loaded credentials for https://api.wandb.ai from /nfs/users/nfs_a/ap55/.netrc.
wandb: Currently logged in as: arian-yazdan2001 (shariflab) to https://api.wandb.ai. Use `wandb login --relogin` to force relogin
wandb: setting up run evca6k4k
wandb: Tracking run with wandb version 0.26.0
wandb: Run data is saved locally in /lustre/scratch126/cellgen/lotfollahi/ap55/Nonmarkovian/wandb/run-20260705_071936-evca6k4k
wandb: Run `wandb offline` to turn off syncing.
wandb: Syncing run mdlm_cnn_fb
wandb: ⭐️ View project at https://wandb.ai/shariflab/nonmarkovian
wandb: 🚀 View run at https://wandb.ai/shariflab/nonmarkovian/runs/evca6k4k
wandb: updating run metadata
wandb: uploading output.log
wandb: 
wandb: Run history:
wandb:                            epoch ▁▁▁▁▂▂▂▂▂▂▃▃▃▄▄▄▄▄▅▅▅▅▆▆▆▆▆▆▆▇▇▇▇▇▇▇▇███
wandb:           model/total_parameters ▁
wandb: model/trainable_model_parameters ▁
wandb:       model/trainable_parameters ▁
wandb:                  train/batch_idx ▄▆▆█▇▇▅▆▅▇█▂▅▃▅█▃▄▅█▄▇▁▂▁▂▂▆▇▄▄▃▆█▇▂▃▅▂█
wandb:                 train/batch_size ██▁█████████████████████████████████████
wandb:          train/batches_per_epoch ▁▁▁▁▁▁▁▁▁▁▁▁▁▁▁▁▁▁▁▁▁▁▁▁▁▁▁▁▁▁▁▁▁▁▁▁▁▁▁▁
wandb:                  train/diff_loss █▇▂▃▅▅█▁█▄▇▁▂▇▅▃▁▁▅█▁▁█▂▅▁▁▁▁▂█▅▇▁▃▆▆▄▃█
wandb:             train/epoch_loss_avg █▄▄▄▄▃▃▂▃▅▂▄▂▃▄▄▃▂▄▃▄▂▂▄▁▄▂▁▂▂▃▃▃▃▁▃▂▃▃▃
wandb: train/epoch_time_ms_backward_avg █▂▁▂▂▁▁▁▂▁▂▂▁▁▂▂▂▂▁▂▂▂▂▁▂▁▂▁▂▂▂▂▂▁▂▁▂▁▂▁
wandb:                              +37 ...
wandb: 
wandb: Run summary:
wandb:                 checkpoint_best_fbd 21.28732
wandb:            checkpoint_best_fbd_path /lustre/scratch126/c...
wandb:                checkpoint_best_path /lustre/scratch126/c...
wandb:            checkpoint_best_val_loss 0.05952
wandb: checkpoint_best_val_loss_no_history 0.16916
wandb:                    cuda_device_name NVIDIA H100 80GB HBM...
wandb:                         cuda_usable True
wandb:                        dataset_size 83726
wandb:                              device cuda:0
wandb:                         distributed True
wandb:                                 +52 ...
wandb: 
wandb: 🚀 View run mdlm_cnn_fb at: https://wandb.ai/shariflab/nonmarkovian/runs/evca6k4k
wandb: ⭐️ View project at: https://wandb.ai/shariflab/nonmarkovian
wandb: Synced 3 W&B file(s), 0 media file(s), 0 artifact file(s) and 0 other file(s)
wandb: Find logs at: ./wandb/run-20260705_071936-evca6k4k/logs
Traceback (most recent call last):
  File "/usr/lib/python3.10/runpy.py", line 196, in _run_module_as_main
    return _run_code(code, main_globals, None,
  File "/usr/lib/python3.10/runpy.py", line 86, in _run_code
    exec(code, run_globals)
  File "/lustre/scratch126/cellgen/lotfollahi/ap55/Nonmarkovian/nonmarkovian/train_mdlm.py", line 1027, in <module>
    main()
  File "/lustre/scratch126/cellgen/lotfollahi/ap55/Nonmarkovian/nonmarkovian/train_mdlm.py", line 563, in main
    _train_loop(
  File "/lustre/scratch126/cellgen/lotfollahi/ap55/Nonmarkovian/nonmarkovian/train_mdlm.py", line 1013, in _train_loop
    torch.save(payload, save_path)
  File "/lustre/scratch126/cellgen/lotfollahi/ap55/Nonmarkovian/virtualenv/Python3.11.3/lib/python3.10/site-packages/torch/serialization.py", line 627, in save
    with _open_zipfile_writer(f) as opened_zipfile:
  File "/lustre/scratch126/cellgen/lotfollahi/ap55/Nonmarkovian/virtualenv/Python3.11.3/lib/python3.10/site-packages/torch/serialization.py", line 501, in _open_zipfile_writer
    return container(name_or_buffer)
  File "/lustre/scratch126/cellgen/lotfollahi/ap55/Nonmarkovian/virtualenv/Python3.11.3/lib/python3.10/site-packages/torch/serialization.py", line 472, in __init__
    super().__init__(torch._C.PyTorchFileWriter(self.name))
RuntimeError: File /lustre/scratch126/cellgen/lotfollahi/ap55/Nonmarkovian/wandb/run-20260705_071936-evca6k4k/files/routed_mdlm.pt cannot be opened.
[rank0]: Traceback (most recent call last):
[rank0]:   File "/usr/lib/python3.10/runpy.py", line 196, in _run_module_as_main
[rank0]:     return _run_code(code, main_globals, None,
[rank0]:   File "/usr/lib/python3.10/runpy.py", line 86, in _run_code
[rank0]:     exec(code, run_globals)
[rank0]:   File "/lustre/scratch126/cellgen/lotfollahi/ap55/Nonmarkovian/nonmarkovian/train_mdlm.py", line 1027, in <module>
[rank0]:     main()
[rank0]:   File "/lustre/scratch126/cellgen/lotfollahi/ap55/Nonmarkovian/nonmarkovian/train_mdlm.py", line 563, in main
[rank0]:     _train_loop(
[rank0]:   File "/lustre/scratch126/cellgen/lotfollahi/ap55/Nonmarkovian/nonmarkovian/train_mdlm.py", line 1013, in _train_loop
[rank0]:     torch.save(payload, save_path)
[rank0]:   File "/lustre/scratch126/cellgen/lotfollahi/ap55/Nonmarkovian/virtualenv/Python3.11.3/lib/python3.10/site-packages/torch/serialization.py", line 627, in save
[rank0]:     with _open_zipfile_writer(f) as opened_zipfile:
[rank0]:   File "/lustre/scratch126/cellgen/lotfollahi/ap55/Nonmarkovian/virtualenv/Python3.11.3/lib/python3.10/site-packages/torch/serialization.py", line 501, in _open_zipfile_writer
[rank0]:     return container(name_or_buffer)
[rank0]:   File "/lustre/scratch126/cellgen/lotfollahi/ap55/Nonmarkovian/virtualenv/Python3.11.3/lib/python3.10/site-packages/torch/serialization.py", line 472, in __init__
[rank0]:     super().__init__(torch._C.PyTorchFileWriter(self.name))
[rank0]: RuntimeError: File /lustre/scratch126/cellgen/lotfollahi/ap55/Nonmarkovian/wandb/run-20260705_071936-evca6k4k/files/routed_mdlm.pt cannot be opened.
W0705 10:53:58.146000 23032529691776 torch/distributed/elastic/multiprocessing/api.py:851] Sending process 697377 closing signal SIGTERM
W0705 10:53:58.146000 23032529691776 torch/distributed/elastic/multiprocessing/api.py:851] Sending process 697378 closing signal SIGTERM
W0705 10:53:58.147000 23032529691776 torch/distributed/elastic/multiprocessing/api.py:851] Sending process 697379 closing signal SIGTERM
E0705 10:53:59.330000 23032529691776 torch/distributed/elastic/multiprocessing/api.py:826] failed (exitcode: 1) local_rank: 0 (pid: 697376) of binary: /lustre/scratch126/cellgen/lotfollahi/ap55/Nonmarkovian/virtualenv/Python3.11.3/bin/python
Traceback (most recent call last):
  File "/lustre/scratch126/cellgen/lotfollahi/ap55/Nonmarkovian/virtualenv/Python3.11.3/bin/torchrun", line 6, in <module>
    sys.exit(main())
  File "/lustre/scratch126/cellgen/lotfollahi/ap55/Nonmarkovian/virtualenv/Python3.11.3/lib/python3.10/site-packages/torch/distributed/elastic/multiprocessing/errors/__init__.py", line 347, in wrapper
    return f(*args, **kwargs)
  File "/lustre/scratch126/cellgen/lotfollahi/ap55/Nonmarkovian/virtualenv/Python3.11.3/lib/python3.10/site-packages/torch/distributed/run.py", line 879, in main
    run(args)
  File "/lustre/scratch126/cellgen/lotfollahi/ap55/Nonmarkovian/virtualenv/Python3.11.3/lib/python3.10/site-packages/torch/distributed/run.py", line 870, in run
    elastic_launch(
  File "/lustre/scratch126/cellgen/lotfollahi/ap55/Nonmarkovian/virtualenv/Python3.11.3/lib/python3.10/site-packages/torch/distributed/launcher/api.py", line 132, in __call__
    return launch_agent(self._config, self._entrypoint, list(args))
  File "/lustre/scratch126/cellgen/lotfollahi/ap55/Nonmarkovian/virtualenv/Python3.11.3/lib/python3.10/site-packages/torch/distributed/launcher/api.py", line 263, in launch_agent
    raise ChildFailedError(
torch.distributed.elastic.multiprocessing.errors.ChildFailedError: 
============================================================
nonmarkovian.train_mdlm FAILED
------------------------------------------------------------
Failures:
  <NO_OTHER_FAILURES>
------------------------------------------------------------
Root Cause (first observed failure):
[0]:
  time      : 2026-07-05_10:53:58
  host      : farm-gpu0303.internal.sanger.ac.uk
  rank      : 0 (local_rank: 0)
  exitcode  : 1 (pid: 697376)
  error_file: <N/A>
  traceback : To enable traceback see: https://pytorch.org/docs/stable/elastic/errors.html
============================================================
