W0416 05:56:45.170000 2799955 torch/distributed/run.py:792] 
W0416 05:56:45.170000 2799955 torch/distributed/run.py:792] *****************************************
W0416 05:56:45.170000 2799955 torch/distributed/run.py:792] Setting OMP_NUM_THREADS environment variable for each process to be 1 in default, to avoid your system being overloaded, please further tune the variable for optimal performance in your application as needed. 
W0416 05:56:45.170000 2799955 torch/distributed/run.py:792] *****************************************
wandb: [wandb.login()] Loaded credentials for https://api.wandb.ai from /nfs/users/nfs_a/ap55/.netrc.
wandb: Currently logged in as: arian-yazdan2001 (shariflab) to https://api.wandb.ai. Use `wandb login --relogin` to force relogin
wandb: setting up run i9jgqg3p
wandb: Tracking run with wandb version 0.26.0
wandb: Run data is saved locally in /lustre/scratch126/cellgen/lotfollahi/ap55/Nonmarkovian/wandb/run-20260416_055659-i9jgqg3p
wandb: Run `wandb offline` to turn off syncing.
wandb: Syncing run clsD
wandb: ⭐️ View project at https://wandb.ai/shariflab/nonmarkovian
wandb: 🚀 View run at https://wandb.ai/shariflab/nonmarkovian/runs/i9jgqg3p
Exception ignored in atexit callback: <function cleanup_process_group at 0x14b2ca243010>
Traceback (most recent call last):
  File "/lustre/scratch126/cellgen/lotfollahi/ap55/Nonmarkovian/nonmarkovian/distributed_utils.py", line 47, in cleanup_process_group
    dist.destroy_process_group()
  File "/lustre/scratch126/cellgen/lotfollahi/ap55/Nonmarkovian/virtualenv/Python3.11.3/lib/python3.10/site-packages/torch/distributed/distributed_c10d.py", line 2146, in destroy_process_group
    _shutdown_backend(pg_to_shutdown)
  File "/lustre/scratch126/cellgen/lotfollahi/ap55/Nonmarkovian/virtualenv/Python3.11.3/lib/python3.10/site-packages/torch/distributed/distributed_c10d.py", line 1815, in _shutdown_backend
    backend._shutdown()
torch.distributed.DistBackendError: NCCL error in: /pytorch/torch/csrc/distributed/c10d/NCCLUtils.cpp:133, unhandled cuda error (run with NCCL_DEBUG=INFO for details), NCCL version 2.21.5
ncclUnhandledCudaError: Call to CUDA function failed.
Last error:
Cuda failure 'CUDA-capable device(s) is/are busy or unavailable'
Exception ignored in atexit callback: <function cleanup_process_group at 0x147eb5843010>
Traceback (most recent call last):
  File "/lustre/scratch126/cellgen/lotfollahi/ap55/Nonmarkovian/nonmarkovian/distributed_utils.py", line 47, in cleanup_process_group
    dist.destroy_process_group()
  File "/lustre/scratch126/cellgen/lotfollahi/ap55/Nonmarkovian/virtualenv/Python3.11.3/lib/python3.10/site-packages/torch/distributed/distributed_c10d.py", line 2146, in destroy_process_group
    _shutdown_backend(pg_to_shutdown)
  File "/lustre/scratch126/cellgen/lotfollahi/ap55/Nonmarkovian/virtualenv/Python3.11.3/lib/python3.10/site-packages/torch/distributed/distributed_c10d.py", line 1815, in _shutdown_backend
    backend._shutdown()
torch.distributed.DistBackendError: NCCL error in: /pytorch/torch/csrc/distributed/c10d/NCCLUtils.cpp:133, unhandled cuda error (run with NCCL_DEBUG=INFO for details), NCCL version 2.21.5
ncclUnhandledCudaError: Call to CUDA function failed.
Last error:
Cuda failure 'CUDA-capable device(s) is/are busy or unavailable'
Exception ignored in atexit callback: <function cleanup_process_group at 0x1485dac3f010>
Traceback (most recent call last):
  File "/lustre/scratch126/cellgen/lotfollahi/ap55/Nonmarkovian/nonmarkovian/distributed_utils.py", line 47, in cleanup_process_group
    dist.destroy_process_group()
  File "/lustre/scratch126/cellgen/lotfollahi/ap55/Nonmarkovian/virtualenv/Python3.11.3/lib/python3.10/site-packages/torch/distributed/distributed_c10d.py", line 2146, in destroy_process_group
    _shutdown_backend(pg_to_shutdown)
  File "/lustre/scratch126/cellgen/lotfollahi/ap55/Nonmarkovian/virtualenv/Python3.11.3/lib/python3.10/site-packages/torch/distributed/distributed_c10d.py", line 1815, in _shutdown_backend
    backend._shutdown()
torch.distributed.DistBackendError: NCCL error in: /pytorch/torch/csrc/distributed/c10d/NCCLUtils.cpp:133, unhandled cuda error (run with NCCL_DEBUG=INFO for details), NCCL version 2.21.5
ncclUnhandledCudaError: Call to CUDA function failed.
Last error:
Cuda failure 'CUDA-capable device(s) is/are busy or unavailable'
wandb: updating run metadata
wandb: uploading wandb-summary.json; uploading config.yaml; uploading output.log
wandb: uploading history steps 2913-2919, summary, console lines 2977-2986
wandb: 
wandb: Run history:
wandb:          epoch ▁▁▁▁▁▁▂▂▂▂▂▂▂▃▃▃▄▄▄▄▄▄▅▅▅▅▅▅▆▆▇▇▇▇▇█████
wandb: train/accuracy ▁▃▆▇▇███████████████████████████████████
wandb:  train/ce_loss █▇▃▂▂▂▁▁▁▁▁▁▁▁▁▁▁▁▁▁▁▁▁▁▁▁▁▁▁▁▁▁▁▁▁▁▁▁▁▁
wandb:       train/lr ▇████████▇▇▇▇▇▇▇▆▆▆▆▅▄▄▄▃▃▃▂▂▂▂▂▂▁▁▁▁▁▁▁
wandb:   val/accuracy ▁▄▄▅▆▆▅▆▇▅▆▇▆▇▆▆▆█▆▇▆▆▆▆▇▇▇█▇▇▇▇████████
wandb:    val/ce_loss ▁▁▁▁▂▂▂▂▂▂▂▂▂▂▂▂▂▃▃▃▃▃▃▃▃▄▄▄▅▅▅▆▆▆▆▇████
wandb: 
wandb: Run summary:
wandb:   best_val_acc 0.17198
wandb:          epoch 688
wandb: train/accuracy 1
wandb:  train/ce_loss 0.0
wandb:       train/lr 0.0
wandb:   val/accuracy 0.16819
wandb:    val/ce_loss 62.26796
wandb: 
wandb: 🚀 View run clsD at: https://wandb.ai/shariflab/nonmarkovian/runs/i9jgqg3p
wandb: ⭐️ View project at: https://wandb.ai/shariflab/nonmarkovian
wandb: Synced 5 W&B file(s), 0 media file(s), 0 artifact file(s) and 0 other file(s)
wandb: Find logs at: ./wandb/run-20260416_055659-i9jgqg3p/logs
