W0420 18:13:54.164000 22821224412288 torch/distributed/run.py:757] 
W0420 18:13:54.164000 22821224412288 torch/distributed/run.py:757] *****************************************
W0420 18:13:54.164000 22821224412288 torch/distributed/run.py:757] Setting OMP_NUM_THREADS environment variable for each process to be 1 in default, to avoid your system being overloaded, please further tune the variable for optimal performance in your application as needed. 
W0420 18:13:54.164000 22821224412288 torch/distributed/run.py:757] *****************************************
wandb: [wandb.login()] Loaded credentials for https://api.wandb.ai from /nfs/users/nfs_a/ap55/.netrc.
wandb: Currently logged in as: arian-yazdan2001 (shariflab) to https://api.wandb.ai. Use `wandb login --relogin` to force relogin
wandb: setting up run apizgqon
[rank3]:[W reducer.cpp:1389] Warning: find_unused_parameters=True was specified in DDP constructor, but did not find any unused parameters in the forward pass. This flag results in an extra traversal of the autograd graph every iteration,  which can adversely affect performance. If your model indeed never has any unused parameters in the forward pass, consider turning this flag off. Note that this warning may be a false positive if your model has flow control causing later iterations to have unused parameters. (function operator())
[rank1]:[W reducer.cpp:1389] Warning: find_unused_parameters=True was specified in DDP constructor, but did not find any unused parameters in the forward pass. This flag results in an extra traversal of the autograd graph every iteration,  which can adversely affect performance. If your model indeed never has any unused parameters in the forward pass, consider turning this flag off. Note that this warning may be a false positive if your model has flow control causing later iterations to have unused parameters. (function operator())
[rank2]:[W reducer.cpp:1389] Warning: find_unused_parameters=True was specified in DDP constructor, but did not find any unused parameters in the forward pass. This flag results in an extra traversal of the autograd graph every iteration,  which can adversely affect performance. If your model indeed never has any unused parameters in the forward pass, consider turning this flag off. Note that this warning may be a false positive if your model has flow control causing later iterations to have unused parameters. (function operator())
[rank5]:[W reducer.cpp:1389] Warning: find_unused_parameters=True was specified in DDP constructor, but did not find any unused parameters in the forward pass. This flag results in an extra traversal of the autograd graph every iteration,  which can adversely affect performance. If your model indeed never has any unused parameters in the forward pass, consider turning this flag off. Note that this warning may be a false positive if your model has flow control causing later iterations to have unused parameters. (function operator())
wandb: Tracking run with wandb version 0.26.0
wandb: Run data is saved locally in /lustre/scratch126/cellgen/lotfollahi/ap55/Nonmarkovian/wandb/run-20260420_181414-apizgqon
wandb: Run `wandb offline` to turn off syncing.
wandb: Syncing run simple_cnn_slm_fb
wandb: ⭐️ View project at https://wandb.ai/shariflab/nonmarkovian
wandb: 🚀 View run at https://wandb.ai/shariflab/nonmarkovian/runs/apizgqon
[rank4]:[W reducer.cpp:1389] Warning: find_unused_parameters=True was specified in DDP constructor, but did not find any unused parameters in the forward pass. This flag results in an extra traversal of the autograd graph every iteration,  which can adversely affect performance. If your model indeed never has any unused parameters in the forward pass, consider turning this flag off. Note that this warning may be a false positive if your model has flow control causing later iterations to have unused parameters. (function operator())
[rank0]:[W reducer.cpp:1389] Warning: find_unused_parameters=True was specified in DDP constructor, but did not find any unused parameters in the forward pass. This flag results in an extra traversal of the autograd graph every iteration,  which can adversely affect performance. If your model indeed never has any unused parameters in the forward pass, consider turning this flag off. Note that this warning may be a false positive if your model has flow control causing later iterations to have unused parameters. (function operator())
W0421 04:03:59.325000 22821224412288 torch/distributed/elastic/agent/server/api.py:741] Received Signals.SIGINT death signal, shutting down workers
W0421 04:03:59.327000 22821224412288 torch/distributed/elastic/multiprocessing/api.py:851] Sending process 4192705 closing signal SIGINT
W0421 04:03:59.327000 22821224412288 torch/distributed/elastic/multiprocessing/api.py:851] Sending process 4192706 closing signal SIGINT
Error in sys.excepthook:
W0421 04:03:59.327000 22821224412288 torch/distributed/elastic/multiprocessing/api.py:851] Sending process 4192707 closing signal SIGINT
W0421 04:03:59.327000 22821224412288 torch/distributed/elastic/multiprocessing/api.py:851] Sending process 4192708 closing signal SIGINT
W0421 04:03:59.327000 22821224412288 torch/distributed/elastic/multiprocessing/api.py:851] Sending process 4192709 closing signal SIGINT
W0421 04:03:59.327000 22821224412288 torch/distributed/elastic/multiprocessing/api.py:851] Sending process 4192710 closing signal SIGINT
Traceback (most recent call last):
  File "/lustre/scratch126/cellgen/lotfollahi/ap55/Nonmarkovian/virtualenv/Python3.11.3/lib/python3.10/site-packages/wandb/sdk/lib/exit_hooks.py", line 54, in exc_handler
    traceback.print_exception(exc_type, exc, tb)[rank4]: Traceback (most recent call last):
[rank4]:   File "/usr/lib/python3.10/runpy.py", line 196, in _run_module_as_main
[rank4]:     return _run_code(code, main_globals, None,
[rank4]:   File "/usr/lib/python3.10/runpy.py", line 86, in _run_code
[rank4]:     exec(code, run_globals)
[rank4]:   File "/lustre/scratch126/cellgen/lotfollahi/ap55/Nonmarkovian/nonmarkovian/train.py", line 897, in <module>
[rank4]:   File "/lustre/scratch126/cellgen/lotfollahi/ap55/Nonmarkovian/nonmarkovian/train.py", line 510, in main
[rank4]:     _train_loop(
[rank4]:   File "/lustre/scratch126/cellgen/lotfollahi/ap55/Nonmarkovian/nonmarkovian/train.py", line 642, in _train_loop
[rank4]:     views = sample_all_views_bernoulli(
[rank4]:   File "/lustre/scratch126/cellgen/lotfollahi/ap55/Nonmarkovian/nonmarkovian/forward.py", line 147, in sample_all_views_bernoulli
[rank4]:     views.append(corrupt_sequence_bernoulli(x0, t_cont, scheduler=scheduler, generator=generator))
[rank4]:   File "/lustre/scratch126/cellgen/lotfollahi/ap55/Nonmarkovian/nonmarkovian/forward.py", line 87, in corrupt_sequence_bernoulli
[rank4]:     samples = (u < bernoulli_param).to(dtype=torch.float32)
[rank4]: KeyboardInterrupt

  File "/usr/lib/python3.10/traceback.py", line 119, in print_exception
    te = TracebackException(type(value), value, tb, limit=limit, compact=True)
  File "/usr/lib/python3.10/traceback.py", line 502, in __init__
    [rank3]: Traceback (most recent call last):
[rank3]:   File "/lustre/scratch126/cellgen/lotfollahi/ap55/Nonmarkovian/nonmarkovian/train.py", line 510, in main
[rank3]:   File "/lustre/scratch126/cellgen/lotfollahi/ap55/Nonmarkovian/nonmarkovian/train.py", line 642, in _train_loop
[rank3]:     views = sample_all_views_bernoulli(
[rank3]:   File "/lustre/scratch126/cellgen/lotfollahi/ap55/Nonmarkovian/nonmarkovian/forward.py", line 147, in sample_all_views_bernoulli
[rank3]:     views.append(corrupt_sequence_bernoulli(x0, t_cont, scheduler=scheduler, generator=generator))
[rank3]:   File "/lustre/scratch126/cellgen/lotfollahi/ap55/Nonmarkovian/nonmarkovian/forward.py", line 78, in corrupt_sequence_bernoulli
[rank3]:     one_hot = torch.nn.functional.one_hot(x0.long().clamp(min=0, max=num_classes - 1), num_classes=num_classes).to(
[rank3]: KeyboardInterrupt

[rank3]: During handling of the above exception, another exception occurred:

[rank3]: Traceback (most recent call last):
[rank3]:   File "/usr/lib/python3.10/runpy.py", line 196, in _run_module_as_main
[rank3]:     return _run_code(code, main_globals, None,
[rank3]:   File "/usr/lib/python3.10/runpy.py", line 86, in _run_code
[rank3]:     exec(code, run_globals)
[rank3]:   File "/lustre/scratch126/cellgen/lotfollahi/ap55/Nonmarkovian/nonmarkovian/train.py", line 897, in <module>
[rank3]:     main()
[rank3]:   File "/lustre/scratch126/cellgen/lotfollahi/ap55/Nonmarkovian/nonmarkovian/train.py", line 510, in main
[rank3]:     _train_loop(
[rank3]: KeyboardInterrupt
[rank5]: Traceback (most recent call last):
[rank5]:   File "/lustre/scratch126/cellgen/lotfollahi/ap55/Nonmarkovian/nonmarkovian/train.py", line 510, in main
[rank5]:   File "/lustre/scratch126/cellgen/lotfollahi/ap55/Nonmarkovian/nonmarkovian/train.py", line 642, in _train_loop
[rank5]:     views = sample_all_views_bernoulli(
[rank5]:   File "/lustre/scratch126/cellgen/lotfollahi/ap55/Nonmarkovian/nonmarkovian/forward.py", line 147, in sample_all_views_bernoulli
[rank5]:     views.append(corrupt_sequence_bernoulli(x0, t_cont, scheduler=scheduler, generator=generator))
[rank5]:   File "/lustre/scratch126/cellgen/lotfollahi/ap55/Nonmarkovian/nonmarkovian/forward.py", line 72, in corrupt_sequence_bernoulli
[rank5]:     expect_nums = torch.clamp(torch.exp(torch.log(torch.tensor(float(num_classes), device=x0.device)) * t), min=1.0)
[rank5]: KeyboardInterrupt

[rank5]: During handling of the above exception, another exception occurred:

[rank5]: Traceback (most recent call last):
[rank5]:   File "/usr/lib/python3.10/runpy.py", line 196, in _run_module_as_main
[rank5]:     return _run_code(code, main_globals, None,
[rank5]:   File "/usr/lib/python3.10/runpy.py", line 86, in _run_code
[rank5]:     exec(code, run_globals)
[rank5]:   File "/lustre/scratch126/cellgen/lotfollahi/ap55/Nonmarkovian/nonmarkovian/train.py", line 897, in <module>
[rank5]:     main()
[rank5]:   File "/lustre/scratch126/cellgen/lotfollahi/ap55/Nonmarkovian/nonmarkovian/train.py", line 510, in main
[rank5]:     _train_loop(
[rank5]: KeyboardInterrupt
[rank1]: Traceback (most recent call last):
[rank1]:   File "/lustre/scratch126/cellgen/lotfollahi/ap55/Nonmarkovian/nonmarkovian/train.py", line 510, in main
[rank1]:   File "/lustre/scratch126/cellgen/lotfollahi/ap55/Nonmarkovian/nonmarkovian/train.py", line 642, in _train_loop
[rank1]:     views = sample_all_views_bernoulli(
[rank1]:   File "/lustre/scratch126/cellgen/lotfollahi/ap55/Nonmarkovian/nonmarkovian/forward.py", line 147, in sample_all_views_bernoulli
[rank1]:     views.append(corrupt_sequence_bernoulli(x0, t_cont, scheduler=scheduler, generator=generator))
[rank1]:   File "/lustre/scratch126/cellgen/lotfollahi/ap55/Nonmarkovian/nonmarkovian/forward.py", line 54, in corrupt_sequence_bernoulli
[rank1]:     def corrupt_sequence_bernoulli(
[rank1]: KeyboardInterrupt

[rank1]: During handling of the above exception, another exception occurred:

[rank1]: Traceback (most recent call last):
[rank1]:   File "/usr/lib/python3.10/runpy.py", line 196, in _run_module_as_main
[rank1]:     return _run_code(code, main_globals, None,
[rank1]:   File "/usr/lib/python3.10/runpy.py", line 86, in _run_code
[rank1]:     exec(code, run_globals)
[rank1]:   File "/lustre/scratch126/cellgen/lotfollahi/ap55/Nonmarkovian/nonmarkovian/train.py", line 897, in <module>
[rank1]:     main()
[rank1]:   File "/lustre/scratch126/cellgen/lotfollahi/ap55/Nonmarkovian/nonmarkovian/train.py", line 510, in main
[rank1]:     _train_loop(
[rank1]: KeyboardInterrupt
self.stack = StackSummary.extract(
  File "/usr/lib/python3.10/traceback.py", line 379, in extract
    linecache.checkcache(filename)[rank2]: Traceback (most recent call last):
[rank2]:   File "/lustre/scratch126/cellgen/lotfollahi/ap55/Nonmarkovian/nonmarkovian/train.py", line 510, in main
[rank2]:   File "/lustre/scratch126/cellgen/lotfollahi/ap55/Nonmarkovian/nonmarkovian/train.py", line 642, in _train_loop
[rank2]:     views = sample_all_views_bernoulli(
[rank2]:   File "/lustre/scratch126/cellgen/lotfollahi/ap55/Nonmarkovian/nonmarkovian/forward.py", line 147, in sample_all_views_bernoulli
[rank2]:     views.append(corrupt_sequence_bernoulli(x0, t_cont, scheduler=scheduler, generator=generator))
[rank2]:   File "/lustre/scratch126/cellgen/lotfollahi/ap55/Nonmarkovian/nonmarkovian/forward.py", line 72, in corrupt_sequence_bernoulli
[rank2]:     expect_nums = torch.clamp(torch.exp(torch.log(torch.tensor(float(num_classes), device=x0.device)) * t), min=1.0)
[rank2]: KeyboardInterrupt

[rank2]: During handling of the above exception, another exception occurred:

[rank2]: Traceback (most recent call last):
[rank2]:   File "/usr/lib/python3.10/runpy.py", line 196, in _run_module_as_main
[rank2]:     return _run_code(code, main_globals, None,
[rank2]:   File "/usr/lib/python3.10/runpy.py", line 86, in _run_code
[rank2]:     exec(code, run_globals)
[rank2]:   File "/lustre/scratch126/cellgen/lotfollahi/ap55/Nonmarkovian/nonmarkovian/train.py", line 897, in <module>
[rank2]:     main()
[rank2]:   File "/lustre/scratch126/cellgen/lotfollahi/ap55/Nonmarkovian/nonmarkovian/train.py", line 510, in main
[rank2]:     _train_loop(
[rank2]: KeyboardInterrupt

KeyboardInterrupt

Original exception was:
Traceback (most recent call last):
  File "/lustre/scratch126/cellgen/lotfollahi/ap55/Nonmarkovian/nonmarkovian/train.py", line 510, in main
    _train_loop(
  File "/lustre/scratch126/cellgen/lotfollahi/ap55/Nonmarkovian/nonmarkovian/train.py", line 642, in _train_loop
    views = sample_all_views_bernoulli(
  File "/lustre/scratch126/cellgen/lotfollahi/ap55/Nonmarkovian/nonmarkovian/forward.py", line 141, in sample_all_views_bernoulli
    t_cont = torch.full(
KeyboardInterrupt

During handling of the above exception, another exception occurred:

Traceback (most recent call last):
  File "/usr/lib/python3.10/runpy.py", line 196, in _run_module_as_main
    return _run_code(code, main_globals, None,
  File "/usr/lib/python3.10/runpy.py", line 86, in _run_code
    exec(code, run_globals)
  File "/lustre/scratch126/cellgen/lotfollahi/ap55/Nonmarkovian/nonmarkovian/train.py", line 897, in <module>
    main()
  File "/lustre/scratch126/cellgen/lotfollahi/ap55/Nonmarkovian/nonmarkovian/train.py", line 510, in main
    _train_loop(
KeyboardInterrupt
Terminated
Traceback (most recent call last):
  File "/lustre/scratch126/cellgen/lotfollahi/ap55/Nonmarkovian/virtualenv/Python3.11.3/lib/python3.10/site-packages/torch/distributed/elastic/agent/server/api.py", line 733, in run
    result = self._invoke_run(role)
  File "/lustre/scratch126/cellgen/lotfollahi/ap55/Nonmarkovian/virtualenv/Python3.11.3/lib/python3.10/site-packages/torch/distributed/elastic/agent/server/api.py", line 876, in _invoke_run
    time.sleep(monitor_interval)
  File "/lustre/scratch126/cellgen/lotfollahi/ap55/Nonmarkovian/virtualenv/Python3.11.3/lib/python3.10/site-packages/torch/distributed/elastic/multiprocessing/api.py", line 76, in _terminate_process_handler
    raise SignalException(f"Process {os.getpid()} got signal: {sigval}", sigval=sigval)
torch.distributed.elastic.multiprocessing.api.SignalException: Process 4192636 got signal: 2

During handling of the above exception, another exception occurred:

Traceback (most recent call last):
  File "/lustre/scratch126/cellgen/lotfollahi/ap55/Nonmarkovian/virtualenv/Python3.11.3/lib/python3.10/site-packages/torch/distributed/elastic/agent/server/api.py", line 742, in run
    self._shutdown(e.sigval)
  File "/lustre/scratch126/cellgen/lotfollahi/ap55/Nonmarkovian/virtualenv/Python3.11.3/lib/python3.10/site-packages/torch/distributed/elastic/agent/server/local_elastic_agent.py", line 296, in _shutdown
    self._pcontext.close(death_sig)
  File "/lustre/scratch126/cellgen/lotfollahi/ap55/Nonmarkovian/virtualenv/Python3.11.3/lib/python3.10/site-packages/torch/distributed/elastic/multiprocessing/api.py", line 541, in close
    self._close(death_sig=death_sig, timeout=timeout)
  File "/lustre/scratch126/cellgen/lotfollahi/ap55/Nonmarkovian/virtualenv/Python3.11.3/lib/python3.10/site-packages/torch/distributed/elastic/multiprocessing/api.py", line 861, in _close
    handler.proc.wait(time_to_wait)
  File "/usr/lib/python3.10/subprocess.py", line 1209, in wait
    return self._wait(timeout=timeout)
  File "/usr/lib/python3.10/subprocess.py", line 1953, in _wait
    time.sleep(delay)
  File "/lustre/scratch126/cellgen/lotfollahi/ap55/Nonmarkovian/virtualenv/Python3.11.3/lib/python3.10/site-packages/torch/distributed/elastic/multiprocessing/api.py", line 76, in _terminate_process_handler
    raise SignalException(f"Process {os.getpid()} got signal: {sigval}", sigval=sigval)
torch.distributed.elastic.multiprocessing.api.SignalException: Process 4192636 got signal: 15

During handling of the above exception, another exception occurred:

Traceback (most recent call last):
  File "/lustre/scratch126/cellgen/lotfollahi/ap55/Nonmarkovian/virtualenv/Python3.11.3/bin/torchrun", line 6, in <module>
    sys.exit(main())
  File "/lustre/scratch126/cellgen/lotfollahi/ap55/Nonmarkovian/virtualenv/Python3.11.3/lib/python3.10/site-packages/torch/distributed/elastic/multiprocessing/errors/__init__.py", line 347, in wrapper
    return f(*args, **kwargs)
  File "/lustre/scratch126/cellgen/lotfollahi/ap55/Nonmarkovian/virtualenv/Python3.11.3/lib/python3.10/site-packages/torch/distributed/run.py", line 879, in main
    run(args)
  File "/lustre/scratch126/cellgen/lotfollahi/ap55/Nonmarkovian/virtualenv/Python3.11.3/lib/python3.10/site-packages/torch/distributed/run.py", line 870, in run
    elastic_launch(
  File "/lustre/scratch126/cellgen/lotfollahi/ap55/Nonmarkovian/virtualenv/Python3.11.3/lib/python3.10/site-packages/torch/distributed/launcher/api.py", line 132, in __call__
    return launch_agent(self._config, self._entrypoint, list(args))
  File "/lustre/scratch126/cellgen/lotfollahi/ap55/Nonmarkovian/virtualenv/Python3.11.3/lib/python3.10/site-packages/torch/distributed/launcher/api.py", line 254, in launch_agent
    result = agent.run()
  File "/lustre/scratch126/cellgen/lotfollahi/ap55/Nonmarkovian/virtualenv/Python3.11.3/lib/python3.10/site-packages/torch/distributed/elastic/metrics/api.py", line 123, in wrapper
    result = f(*args, **kwargs)
  File "/lustre/scratch126/cellgen/lotfollahi/ap55/Nonmarkovian/virtualenv/Python3.11.3/lib/python3.10/site-packages/torch/distributed/elastic/agent/server/api.py", line 747, in run
    self._shutdown()
  File "/lustre/scratch126/cellgen/lotfollahi/ap55/Nonmarkovian/virtualenv/Python3.11.3/lib/python3.10/site-packages/torch/distributed/elastic/agent/server/local_elastic_agent.py", line 296, in _shutdown
    self._pcontext.close(death_sig)
  File "/lustre/scratch126/cellgen/lotfollahi/ap55/Nonmarkovian/virtualenv/Python3.11.3/lib/python3.10/site-packages/torch/distributed/elastic/multiprocessing/api.py", line 541, in close
    self._close(death_sig=death_sig, timeout=timeout)
  File "/lustre/scratch126/cellgen/lotfollahi/ap55/Nonmarkovian/virtualenv/Python3.11.3/lib/python3.10/site-packages/torch/distributed/elastic/multiprocessing/api.py", line 852, in _close
    "Sending process %s closing signal %s", handler.proc.pid, death_sig.name
  File "/usr/lib/python3.10/types.py", line 176, in __get__
    def __get__(self, instance, ownerclass=None):
  File "/lustre/scratch126/cellgen/lotfollahi/ap55/Nonmarkovian/virtualenv/Python3.11.3/lib/python3.10/site-packages/torch/distributed/elastic/multiprocessing/api.py", line 76, in _terminate_process_handler
    raise SignalException(f"Process {os.getpid()} got signal: {sigval}", sigval=sigval)
torch.distributed.elastic.multiprocessing.api.SignalException: Process 4192636 got signal: 15
