W0416 07:12:47.922000 2832995 torch/distributed/run.py:792] 
W0416 07:12:47.922000 2832995 torch/distributed/run.py:792] *****************************************
W0416 07:12:47.922000 2832995 torch/distributed/run.py:792] Setting OMP_NUM_THREADS environment variable for each process to be 1 in default, to avoid your system being overloaded, please further tune the variable for optimal performance in your application as needed. 
W0416 07:12:47.922000 2832995 torch/distributed/run.py:792] *****************************************
[rank0]: Traceback (most recent call last):
[rank0]:   File "/usr/lib/python3.10/runpy.py", line 196, in _run_module_as_main
[rank0]:     return _run_code(code, main_globals, None,
[rank0]:   File "/usr/lib/python3.10/runpy.py", line 86, in _run_code
[rank0]:     exec(code, run_globals)
[rank0]:   File "/lustre/scratch126/cellgen/lotfollahi/ap55/Nonmarkovian/nonmarkovian/train.py", line 628, in <module>
[rank0]:     main()
[rank0]:   File "/lustre/scratch126/cellgen/lotfollahi/ap55/Nonmarkovian/nonmarkovian/train.py", line 274, in main
[rank0]:     fbcnn = load_fbcnn_classifier(
[rank0]:   File "/lustre/scratch126/cellgen/lotfollahi/ap55/Nonmarkovian/nonmarkovian/fbcnn.py", line 195, in load_fbcnn_classifier
[rank0]:     raise FileNotFoundError(path)
[rank0]: FileNotFoundError: FBCNN.ckpt
W0416 07:13:19.120000 2832995 torch/distributed/elastic/multiprocessing/api.py:897] Sending process 2833067 closing signal SIGTERM
W0416 07:13:19.120000 2832995 torch/distributed/elastic/multiprocessing/api.py:897] Sending process 2833068 closing signal SIGTERM
W0416 07:13:19.120000 2832995 torch/distributed/elastic/multiprocessing/api.py:897] Sending process 2833069 closing signal SIGTERM
W0416 07:13:19.121000 2832995 torch/distributed/elastic/multiprocessing/api.py:897] Sending process 2833070 closing signal SIGTERM
W0416 07:13:19.121000 2832995 torch/distributed/elastic/multiprocessing/api.py:897] Sending process 2833071 closing signal SIGTERM
W0416 07:13:19.121000 2832995 torch/distributed/elastic/multiprocessing/api.py:897] Sending process 2833072 closing signal SIGTERM
W0416 07:13:19.122000 2832995 torch/distributed/elastic/multiprocessing/api.py:897] Sending process 2833073 closing signal SIGTERM
E0416 07:13:21.361000 2832995 torch/distributed/elastic/multiprocessing/api.py:869] failed (exitcode: 1) local_rank: 0 (pid: 2833066) of binary: /lustre/scratch126/cellgen/lotfollahi/ap55/Nonmarkovian/virtualenv/Python3.11.3/bin/python
Traceback (most recent call last):
  File "/lustre/scratch126/cellgen/lotfollahi/ap55/Nonmarkovian/virtualenv/Python3.11.3/bin/torchrun", line 6, in <module>
    sys.exit(main())
  File "/lustre/scratch126/cellgen/lotfollahi/ap55/Nonmarkovian/virtualenv/Python3.11.3/lib/python3.10/site-packages/torch/distributed/elastic/multiprocessing/errors/__init__.py", line 355, in wrapper
    return f(*args, **kwargs)
  File "/lustre/scratch126/cellgen/lotfollahi/ap55/Nonmarkovian/virtualenv/Python3.11.3/lib/python3.10/site-packages/torch/distributed/run.py", line 918, in main
    run(args)
  File "/lustre/scratch126/cellgen/lotfollahi/ap55/Nonmarkovian/virtualenv/Python3.11.3/lib/python3.10/site-packages/torch/distributed/run.py", line 909, in run
    elastic_launch(
  File "/lustre/scratch126/cellgen/lotfollahi/ap55/Nonmarkovian/virtualenv/Python3.11.3/lib/python3.10/site-packages/torch/distributed/launcher/api.py", line 138, in __call__
    return launch_agent(self._config, self._entrypoint, list(args))
  File "/lustre/scratch126/cellgen/lotfollahi/ap55/Nonmarkovian/virtualenv/Python3.11.3/lib/python3.10/site-packages/torch/distributed/launcher/api.py", line 269, in launch_agent
    raise ChildFailedError(
torch.distributed.elastic.multiprocessing.errors.ChildFailedError: 
============================================================
nonmarkovian.train FAILED
------------------------------------------------------------
Failures:
  <NO_OTHER_FAILURES>
------------------------------------------------------------
Root Cause (first observed failure):
[0]:
  time      : 2026-04-16_07:13:19
  host      : farm-gpu0502.internal.sanger.ac.uk
  rank      : 0 (local_rank: 0)
  exitcode  : 1 (pid: 2833066)
  error_file: <N/A>
  traceback : To enable traceback see: https://pytorch.org/docs/stable/elastic/errors.html
============================================================
