W0416 06:58:38.389000 2828510 torch/distributed/run.py:792] 
W0416 06:58:38.389000 2828510 torch/distributed/run.py:792] *****************************************
W0416 06:58:38.389000 2828510 torch/distributed/run.py:792] Setting OMP_NUM_THREADS environment variable for each process to be 1 in default, to avoid your system being overloaded, please further tune the variable for optimal performance in your application as needed. 
W0416 06:58:38.389000 2828510 torch/distributed/run.py:792] *****************************************
wandb: [wandb.login()] Loaded credentials for https://api.wandb.ai from /nfs/users/nfs_a/ap55/.netrc.
wandb: Currently logged in as: arian-yazdan2001 (shariflab) to https://api.wandb.ai. Use `wandb login --relogin` to force relogin
wandb: setting up run xmfiso1y
wandb: Tracking run with wandb version 0.26.0
wandb: Run data is saved locally in /lustre/scratch126/cellgen/lotfollahi/ap55/Nonmarkovian/wandb/run-20260416_065851-xmfiso1y
wandb: Run `wandb offline` to turn off syncing.
wandb: Syncing run clsD
wandb: ⭐️ View project at https://wandb.ai/shariflab/nonmarkovian
wandb: 🚀 View run at https://wandb.ai/shariflab/nonmarkovian/runs/xmfiso1y
Exception ignored in atexit callback: <function cleanup_process_group at 0x14945ec430a0>
Traceback (most recent call last):
  File "/lustre/scratch126/cellgen/lotfollahi/ap55/Nonmarkovian/nonmarkovian/distributed_utils.py", line 47, in cleanup_process_group
    dist.destroy_process_group()
  File "/lustre/scratch126/cellgen/lotfollahi/ap55/Nonmarkovian/virtualenv/Python3.11.3/lib/python3.10/site-packages/torch/distributed/distributed_c10d.py", line 2146, in destroy_process_group
    _shutdown_backend(pg_to_shutdown)
  File "/lustre/scratch126/cellgen/lotfollahi/ap55/Nonmarkovian/virtualenv/Python3.11.3/lib/python3.10/site-packages/torch/distributed/distributed_c10d.py", line 1815, in _shutdown_backend
    backend._shutdown()
torch.distributed.DistBackendError: NCCL error in: /pytorch/torch/csrc/distributed/c10d/NCCLUtils.cpp:133, unhandled cuda error (run with NCCL_DEBUG=INFO for details), NCCL version 2.21.5
ncclUnhandledCudaError: Call to CUDA function failed.
Last error:
Cuda failure 'CUDA-capable device(s) is/are busy or unavailable'
Exception ignored in atexit callback: <function cleanup_process_group at 0x148184a330a0>
Traceback (most recent call last):
  File "/lustre/scratch126/cellgen/lotfollahi/ap55/Nonmarkovian/nonmarkovian/distributed_utils.py", line 47, in cleanup_process_group
    dist.destroy_process_group()
  File "/lustre/scratch126/cellgen/lotfollahi/ap55/Nonmarkovian/virtualenv/Python3.11.3/lib/python3.10/site-packages/torch/distributed/distributed_c10d.py", line 2146, in destroy_process_group
    _shutdown_backend(pg_to_shutdown)
  File "/lustre/scratch126/cellgen/lotfollahi/ap55/Nonmarkovian/virtualenv/Python3.11.3/lib/python3.10/site-packages/torch/distributed/distributed_c10d.py", line 1815, in _shutdown_backend
    backend._shutdown()
torch.distributed.DistBackendError: NCCL error in: /pytorch/torch/csrc/distributed/c10d/NCCLUtils.cpp:133, unhandled cuda error (run with NCCL_DEBUG=INFO for details), NCCL version 2.21.5
ncclUnhandledCudaError: Call to CUDA function failed.
Last error:
Cuda failure 'CUDA-capable device(s) is/are busy or unavailable'
Exception ignored in atexit callback: <function cleanup_process_group at 0x14e01a2430a0>
Traceback (most recent call last):
  File "/lustre/scratch126/cellgen/lotfollahi/ap55/Nonmarkovian/nonmarkovian/distributed_utils.py", line 47, in cleanup_process_group
    dist.destroy_process_group()
  File "/lustre/scratch126/cellgen/lotfollahi/ap55/Nonmarkovian/virtualenv/Python3.11.3/lib/python3.10/site-packages/torch/distributed/distributed_c10d.py", line 2146, in destroy_process_group
    _shutdown_backend(pg_to_shutdown)
  File "/lustre/scratch126/cellgen/lotfollahi/ap55/Nonmarkovian/virtualenv/Python3.11.3/lib/python3.10/site-packages/torch/distributed/distributed_c10d.py", line 1815, in _shutdown_backend
    backend._shutdown()
torch.distributed.DistBackendError: NCCL error in: /pytorch/torch/csrc/distributed/c10d/NCCLUtils.cpp:133, unhandled cuda error (run with NCCL_DEBUG=INFO for details), NCCL version 2.21.5
ncclUnhandledCudaError: Call to CUDA function failed.
Last error:
Cuda failure 'CUDA-capable device(s) is/are busy or unavailable'
wandb: updating run metadata
wandb: uploading output.log; uploading wandb-summary.json; uploading config.yaml
wandb: uploading config.yaml
wandb: 
wandb: Run history:
wandb:          epoch ▁▁▂▂▃▃▄▄▅▅▆▆▇▇██
wandb: train/accuracy ▁▂▂▂▂▂▃▃▃▃▃▃▃▄▃▄▄▄▄▄▄▅▅▅▅▅▅▅▆▆▆▆▇▇▇█▇███
wandb:  train/ce_loss █▇▇▇▇▆▆▅▅▅▅▅▅▅▅▅▅▅▄▄▄▄▄▄▃▃▃▃▃▂▂▂▂▂▂▁▁▁▁▁
wandb:       train/lr ▁▂▂▂▃▃▄▄▄▅▆▆▆▇▇█████▇▇▇▇▆▆▅▅▅▄▃▃▃▂▂▂▁▁▁▁
wandb:   val/accuracy ▁▂▃▄▄▅▆▆▇▇██████
wandb:    val/ce_loss █▇▅▄▄▃▃▂▂▂▁▁▁▂▂▂
wandb: 
wandb: Run summary:
wandb:   best_val_acc 0.14243
wandb:          epoch 16
wandb: train/accuracy 0.23203
wandb:  train/ce_loss 2.91476
wandb:       train/lr 0.0
wandb:   val/accuracy 0.14243
wandb:    val/ce_loss 3.57634
wandb: 
wandb: 🚀 View run clsD at: https://wandb.ai/shariflab/nonmarkovian/runs/xmfiso1y
wandb: ⭐️ View project at: https://wandb.ai/shariflab/nonmarkovian
wandb: Synced 5 W&B file(s), 0 media file(s), 0 artifact file(s) and 0 other file(s)
wandb: Find logs at: ./wandb/run-20260416_065851-xmfiso1y/logs
