W0423 09:09:34.453000 22872454771840 torch/distributed/run.py:757] 
W0423 09:09:34.453000 22872454771840 torch/distributed/run.py:757] *****************************************
W0423 09:09:34.453000 22872454771840 torch/distributed/run.py:757] Setting OMP_NUM_THREADS environment variable for each process to be 1 in default, to avoid your system being overloaded, please further tune the variable for optimal performance in your application as needed. 
W0423 09:09:34.453000 22872454771840 torch/distributed/run.py:757] *****************************************
wandb: [wandb.login()] Loaded credentials for https://api.wandb.ai from /nfs/users/nfs_a/ap55/.netrc.
wandb: Currently logged in as: arian-yazdan2001 (shariflab) to https://api.wandb.ai. Use `wandb login --relogin` to force relogin
[rank1]:[W reducer.cpp:1389] Warning: find_unused_parameters=True was specified in DDP constructor, but did not find any unused parameters in the forward pass. This flag results in an extra traversal of the autograd graph every iteration,  which can adversely affect performance. If your model indeed never has any unused parameters in the forward pass, consider turning this flag off. Note that this warning may be a false positive if your model has flow control causing later iterations to have unused parameters. (function operator())
[rank3]:[W reducer.cpp:1389] Warning: find_unused_parameters=True was specified in DDP constructor, but did not find any unused parameters in the forward pass. This flag results in an extra traversal of the autograd graph every iteration,  which can adversely affect performance. If your model indeed never has any unused parameters in the forward pass, consider turning this flag off. Note that this warning may be a false positive if your model has flow control causing later iterations to have unused parameters. (function operator())
[rank2]:[W reducer.cpp:1389] Warning: find_unused_parameters=True was specified in DDP constructor, but did not find any unused parameters in the forward pass. This flag results in an extra traversal of the autograd graph every iteration,  which can adversely affect performance. If your model indeed never has any unused parameters in the forward pass, consider turning this flag off. Note that this warning may be a false positive if your model has flow control causing later iterations to have unused parameters. (function operator())
wandb: setting up run s3ey6ir8
wandb: Tracking run with wandb version 0.26.0
wandb: Run data is saved locally in /lustre/scratch126/cellgen/lotfollahi/ap55/Nonmarkovian/wandb/run-20260423_090953-s3ey6ir8
wandb: Run `wandb offline` to turn off syncing.
wandb: Syncing run simple_cnn_slm_fb
wandb: ⭐️ View project at https://wandb.ai/shariflab/nonmarkovian
wandb: 🚀 View run at https://wandb.ai/shariflab/nonmarkovian/runs/s3ey6ir8
[rank0]:[W reducer.cpp:1389] Warning: find_unused_parameters=True was specified in DDP constructor, but did not find any unused parameters in the forward pass. This flag results in an extra traversal of the autograd graph every iteration,  which can adversely affect performance. If your model indeed never has any unused parameters in the forward pass, consider turning this flag off. Note that this warning may be a false positive if your model has flow control causing later iterations to have unused parameters. (function operator())
W0424 10:26:55.352000 22872454771840 torch/distributed/elastic/agent/server/api.py:741] Received Signals.SIGINT death signal, shutting down workers
W0424 10:26:55.354000 22872454771840 torch/distributed/elastic/multiprocessing/api.py:851] Sending process 81279 closing signal SIGINT
W0424 10:26:55.354000 22872454771840 torch/distributed/elastic/multiprocessing/api.py:851] Sending process 81280 closing signal SIGINT
W0424 10:26:55.354000 22872454771840 torch/distributed/elastic/multiprocessing/api.py:851] Sending process 81281 closing signal SIGINT
W0424 10:26:55.354000 22872454771840 torch/distributed/elastic/multiprocessing/api.py:851] Sending process 81282 closing signal SIGINT
[rank2]: Traceback (most recent call last):
[rank2]:   File "/lustre/scratch126/cellgen/lotfollahi/ap55/Nonmarkovian/virtualenv/Python3.11.3/lib/python3.10/site-packages/torch/utils/_contextlib.py", line 115, in decorate_context
[rank2]:     return func(*args, **kwargs)
[rank2]:   File "/lustre/scratch126/cellgen/lotfollahi/ap55/Nonmarkovian/nonmarkovian/sample.py", line 159, in sample_sequences
[rank2]:   File "/lustre/scratch126/cellgen/lotfollahi/ap55/Nonmarkovian/virtualenv/Python3.11.3/lib/python3.10/site-packages/torch/nn/modules/module.py", line 1532, in _wrapped_call_impl
[rank2]:     return self._call_impl(*args, **kwargs)
[rank2]:   File "/lustre/scratch126/cellgen/lotfollahi/ap55/Nonmarkovian/virtualenv/Python3.11.3/lib/python3.10/site-packages/torch/nn/modules/module.py", line 1541, in _call_impl
[rank2]:     return forward_call(*args, **kwargs)
[rank2]:   File "/lustre/scratch126/cellgen/lotfollahi/ap55/Nonmarkovian/nonmarkovian/model.py", line 422, in forward
[rank2]:     z_t, z_cand, taus_cand = self._embed_current_and_candidates(x_views, t_start)
[rank2]:   File "/lustre/scratch126/cellgen/lotfollahi/ap55/Nonmarkovian/nonmarkovian/model.py", line 368, in _embed_current_and_candidates
[rank2]:     rows = [self._embed(x_views[:, k_abs]) for k_abs in range(t_start + 1, T)]
[rank2]:   File "/lustre/scratch126/cellgen/lotfollahi/ap55/Nonmarkovian/nonmarkovian/model.py", line 368, in <listcomp>
[rank2]:     rows = [self._embed(x_views[:, k_abs]) for k_abs in range(t_start + 1, T)]
[rank2]:   File "/lustre/scratch126/cellgen/lotfollahi/ap55/Nonmarkovian/nonmarkovian/model.py", line 341, in _embed
[rank2]:     def _embed(self, x: torch.Tensor) -> torch.Tensor:
[rank2]: KeyboardInterrupt

[rank2]: During handling of the above exception, another exception occurred:

[rank2]: Traceback (most recent call last):
[rank2]:   File "/usr/lib/python3.10/runpy.py", line 196, in _run_module_as_main
[rank2]:     return _run_code(code, main_globals, None,
[rank2]:   File "/usr/lib/python3.10/runpy.py", line 86, in _run_code
[rank2]:     exec(code, run_globals)
[rank2]:   File "/lustre/scratch126/cellgen/lotfollahi/ap55/Nonmarkovian/nonmarkovian/train.py", line 928, in <module>
[rank2]:     main()
[rank2]:   File "/lustre/scratch126/cellgen/lotfollahi/ap55/Nonmarkovian/nonmarkovian/train.py", line 528, in main
[rank2]:     _train_loop(
[rank2]:   File "/lustre/scratch126/cellgen/lotfollahi/ap55/Nonmarkovian/nonmarkovian/train.py", line 870, in _train_loop
[rank2]:     fbd = compute_fbd_routed(
[rank2]:   File "/lustre/scratch126/cellgen/lotfollahi/ap55/Nonmarkovian/virtualenv/Python3.11.3/lib/python3.10/site-packages/torch/utils/_contextlib.py", line 115, in decorate_context
[rank2]:     return func(*args, **kwargs)
[rank2]:   File "/lustre/scratch126/cellgen/lotfollahi/ap55/Nonmarkovian/nonmarkovian/validation.py", line 564, in compute_fbd_routed
[rank2]:     g = sample_sequences(
[rank2]:   File "/lustre/scratch126/cellgen/lotfollahi/ap55/Nonmarkovian/virtualenv/Python3.11.3/lib/python3.10/site-packages/torch/utils/_contextlib.py", line 115, in decorate_context
[rank2]:     return func(*args, **kwargs)
[rank2]: KeyboardInterrupt
[rank1]: Traceback (most recent call last):
[rank1]:   File "/lustre/scratch126/cellgen/lotfollahi/ap55/Nonmarkovian/virtualenv/Python3.11.3/lib/python3.10/site-packages/torch/utils/_contextlib.py", line 115, in decorate_context
[rank1]:     return func(*args, **kwargs)
[rank1]:   File "/lustre/scratch126/cellgen/lotfollahi/ap55/Nonmarkovian/nonmarkovian/sample.py", line 159, in sample_sequences
[rank1]:   File "/lustre/scratch126/cellgen/lotfollahi/ap55/Nonmarkovian/virtualenv/Python3.11.3/lib/python3.10/site-packages/torch/nn/modules/module.py", line 1532, in _wrapped_call_impl
[rank1]:     return self._call_impl(*args, **kwargs)
[rank1]:   File "/lustre/scratch126/cellgen/lotfollahi/ap55/Nonmarkovian/virtualenv/Python3.11.3/lib/python3.10/site-packages/torch/nn/modules/module.py", line 1541, in _call_impl
[rank1]:     return forward_call(*args, **kwargs)
[rank1]:   File "/lustre/scratch126/cellgen/lotfollahi/ap55/Nonmarkovian/nonmarkovian/model.py", line 466, in forward
[rank1]:     logits = self.cnn(seq_in, t_cont, cls_inp, state_cond=state_cond)
[rank1]:   File "/lustre/scratch126/cellgen/lotfollahi/ap55/Nonmarkovian/virtualenv/Python3.11.3/lib/python3.10/site-packages/torch/nn/modules/module.py", line 1532, in _wrapped_call_impl
[rank1]:     return self._call_impl(*args, **kwargs)
[rank1]:   File "/lustre/scratch126/cellgen/lotfollahi/ap55/Nonmarkovian/virtualenv/Python3.11.3/lib/python3.10/site-packages/torch/nn/modules/module.py", line 1541, in _call_impl
[rank1]:     return forward_call(*args, **kwargs)
[rank1]:   File "/lustre/scratch126/cellgen/lotfollahi/ap55/Nonmarkovian/nonmarkovian/slm_cnn.py", line 164, in forward
[rank1]:     feat = self._feature_map_bhl(seq, t, cls, state_cond=state_cond)
[rank1]:   File "/lustre/scratch126/cellgen/lotfollahi/ap55/Nonmarkovian/nonmarkovian/slm_cnn.py", line 152, in _feature_map_bhl
[rank1]:     h = h + self.time_layers[i](time_emb)[:, :, None]
[rank1]:   File "/lustre/scratch126/cellgen/lotfollahi/ap55/Nonmarkovian/virtualenv/Python3.11.3/lib/python3.10/site-packages/torch/nn/modules/container.py", line 292, in __getitem__
[rank1]:     if isinstance(idx, slice):
[rank1]: KeyboardInterrupt

[rank1]: During handling of the above exception, another exception occurred:

[rank1]: Traceback (most recent call last):
[rank1]:   File "/usr/lib/python3.10/runpy.py", line 196, in _run_module_as_main
[rank1]:     return _run_code(code, main_globals, None,
[rank1]:   File "/usr/lib/python3.10/runpy.py", line 86, in _run_code
[rank1]:     exec(code, run_globals)
[rank1]:   File "/lustre/scratch126/cellgen/lotfollahi/ap55/Nonmarkovian/nonmarkovian/train.py", line 928, in <module>
[rank1]:     main()
[rank1]:   File "/lustre/scratch126/cellgen/lotfollahi/ap55/Nonmarkovian/nonmarkovian/train.py", line 528, in main
[rank1]:     _train_loop(
[rank1]:   File "/lustre/scratch126/cellgen/lotfollahi/ap55/Nonmarkovian/nonmarkovian/train.py", line 870, in _train_loop
[rank1]:     fbd = compute_fbd_routed(
[rank1]:   File "/lustre/scratch126/cellgen/lotfollahi/ap55/Nonmarkovian/virtualenv/Python3.11.3/lib/python3.10/site-packages/torch/utils/_contextlib.py", line 115, in decorate_context
[rank1]:     return func(*args, **kwargs)
[rank1]:   File "/lustre/scratch126/cellgen/lotfollahi/ap55/Nonmarkovian/nonmarkovian/validation.py", line 564, in compute_fbd_routed
[rank1]:     g = sample_sequences(
[rank1]:   File "/lustre/scratch126/cellgen/lotfollahi/ap55/Nonmarkovian/virtualenv/Python3.11.3/lib/python3.10/site-packages/torch/utils/_contextlib.py", line 115, in decorate_context
[rank1]:     return func(*args, **kwargs)
[rank1]: KeyboardInterrupt
[rank3]: Traceback (most recent call last):
[rank3]:   File "/lustre/scratch126/cellgen/lotfollahi/ap55/Nonmarkovian/virtualenv/Python3.11.3/lib/python3.10/site-packages/torch/utils/_contextlib.py", line 115, in decorate_context
[rank3]:     return func(*args, **kwargs)
[rank3]:   File "/lustre/scratch126/cellgen/lotfollahi/ap55/Nonmarkovian/nonmarkovian/sample.py", line 159, in sample_sequences
[rank3]:     logits, _pi, _h, _lb, seq_in = model(
[rank3]:   File "/lustre/scratch126/cellgen/lotfollahi/ap55/Nonmarkovian/virtualenv/Python3.11.3/lib/python3.10/site-packages/torch/nn/modules/module.py", line 1532, in _wrapped_call_impl
[rank3]:   File "/lustre/scratch126/cellgen/lotfollahi/ap55/Nonmarkovian/virtualenv/Python3.11.3/lib/python3.10/site-packages/torch/nn/modules/module.py", line 1541, in _call_impl
[rank3]:     return forward_call(*args, **kwargs)
[rank3]:   File "/lustre/scratch126/cellgen/lotfollahi/ap55/Nonmarkovian/nonmarkovian/model.py", line 466, in forward
[rank3]:     logits = self.cnn(seq_in, t_cont, cls_inp, state_cond=state_cond)
[rank3]:   File "/lustre/scratch126/cellgen/lotfollahi/ap55/Nonmarkovian/virtualenv/Python3.11.3/lib/python3.10/site-packages/torch/nn/modules/module.py", line 1532, in _wrapped_call_impl
[rank3]:     return self._call_impl(*args, **kwargs)
[rank3]:   File "/lustre/scratch126/cellgen/lotfollahi/ap55/Nonmarkovian/virtualenv/Python3.11.3/lib/python3.10/site-packages/torch/nn/modules/module.py", line 1541, in _call_impl
[rank3]:     return forward_call(*args, **kwargs)
[rank3]:   File "/lustre/scratch126/cellgen/lotfollahi/ap55/Nonmarkovian/nonmarkovian/slm_cnn.py", line 164, in forward
[rank3]:     feat = self._feature_map_bhl(seq, t, cls, state_cond=state_cond)
[rank3]:   File "/lustre/scratch126/cellgen/lotfollahi/ap55/Nonmarkovian/nonmarkovian/slm_cnn.py", line 152, in _feature_map_bhl
[rank3]:     h = h + self.time_layers[i](time_emb)[:, :, None]
[rank3]:   File "/lustre/scratch126/cellgen/lotfollahi/ap55/Nonmarkovian/virtualenv/Python3.11.3/lib/python3.10/site-packages/torch/nn/modules/module.py", line 1532, in _wrapped_call_impl
[rank3]:     return self._call_impl(*args, **kwargs)
[rank3]:   File "/lustre/scratch126/cellgen/lotfollahi/ap55/Nonmarkovian/virtualenv/Python3.11.3/lib/python3.10/site-packages/torch/nn/modules/module.py", line 1541, in _call_impl
[rank3]:     return forward_call(*args, **kwargs)
[rank3]:   File "/lustre/scratch126/cellgen/lotfollahi/ap55/Nonmarkovian/nonmarkovian/slm_cnn.py", line 35, in forward
[rank3]:     return self.dense(x)[...]
[rank3]:   File "/lustre/scratch126/cellgen/lotfollahi/ap55/Nonmarkovian/virtualenv/Python3.11.3/lib/python3.10/site-packages/torch/nn/modules/module.py", line 1696, in __getattr__
[rank3]:     def __getattr__(self, name: str) -> Any:
[rank3]: KeyboardInterrupt

[rank3]: During handling of the above exception, another exception occurred:

[rank3]: Traceback (most recent call last):
[rank3]:   File "/usr/lib/python3.10/runpy.py", line 196, in _run_module_as_main
[rank3]:     return _run_code(code, main_globals, None,
[rank3]:   File "/usr/lib/python3.10/runpy.py", line 86, in _run_code
[rank3]:     exec(code, run_globals)
[rank3]:   File "/lustre/scratch126/cellgen/lotfollahi/ap55/Nonmarkovian/nonmarkovian/train.py", line 928, in <module>
[rank3]:     main()
[rank3]:   File "/lustre/scratch126/cellgen/lotfollahi/ap55/Nonmarkovian/nonmarkovian/train.py", line 528, in main
[rank3]:     _train_loop(
[rank3]:   File "/lustre/scratch126/cellgen/lotfollahi/ap55/Nonmarkovian/nonmarkovian/train.py", line 870, in _train_loop
[rank3]:     fbd = compute_fbd_routed(
[rank3]:   File "/lustre/scratch126/cellgen/lotfollahi/ap55/Nonmarkovian/virtualenv/Python3.11.3/lib/python3.10/site-packages/torch/utils/_contextlib.py", line 115, in decorate_context
[rank3]:     return func(*args, **kwargs)
[rank3]:   File "/lustre/scratch126/cellgen/lotfollahi/ap55/Nonmarkovian/nonmarkovian/validation.py", line 564, in compute_fbd_routed
[rank3]:     g = sample_sequences(
[rank3]:   File "/lustre/scratch126/cellgen/lotfollahi/ap55/Nonmarkovian/virtualenv/Python3.11.3/lib/python3.10/site-packages/torch/utils/_contextlib.py", line 115, in decorate_context
[rank3]:     return func(*args, **kwargs)
[rank3]: KeyboardInterrupt
Traceback (most recent call last):
  File "/lustre/scratch126/cellgen/lotfollahi/ap55/Nonmarkovian/nonmarkovian/train.py", line 528, in main
    _train_loop(
  File "/lustre/scratch126/cellgen/lotfollahi/ap55/Nonmarkovian/nonmarkovian/train.py", line 870, in _train_loop
    fbd = compute_fbd_routed(
  File "/lustre/scratch126/cellgen/lotfollahi/ap55/Nonmarkovian/virtualenv/Python3.11.3/lib/python3.10/site-packages/torch/utils/_contextlib.py", line 115, in decorate_context
    return func(*args, **kwargs)
  File "/lustre/scratch126/cellgen/lotfollahi/ap55/Nonmarkovian/nonmarkovian/validation.py", line 564, in compute_fbd_routed
    g = sample_sequences(
  File "/lustre/scratch126/cellgen/lotfollahi/ap55/Nonmarkovian/virtualenv/Python3.11.3/lib/python3.10/site-packages/torch/utils/_contextlib.py", line 115, in decorate_context
    return func(*args, **kwargs)
  File "/lustre/scratch126/cellgen/lotfollahi/ap55/Nonmarkovian/nonmarkovian/sample.py", line 159, in sample_sequences
    logits, _pi, _h, _lb, seq_in = model(
  File "/lustre/scratch126/cellgen/lotfollahi/ap55/Nonmarkovian/virtualenv/Python3.11.3/lib/python3.10/site-packages/torch/nn/modules/module.py", line 1532, in _wrapped_call_impl
    return self._call_impl(*args, **kwargs)
  File "/lustre/scratch126/cellgen/lotfollahi/ap55/Nonmarkovian/virtualenv/Python3.11.3/lib/python3.10/site-packages/torch/nn/modules/module.py", line 1541, in _call_impl
    return forward_call(*args, **kwargs)
  File "/lustre/scratch126/cellgen/lotfollahi/ap55/Nonmarkovian/nonmarkovian/model.py", line 422, in forward
    z_t, z_cand, taus_cand = self._embed_current_and_candidates(x_views, t_start)
  File "/lustre/scratch126/cellgen/lotfollahi/ap55/Nonmarkovian/nonmarkovian/model.py", line 368, in _embed_current_and_candidates
    rows = [self._embed(x_views[:, k_abs]) for k_abs in range(t_start + 1, T)]
  File "/lustre/scratch126/cellgen/lotfollahi/ap55/Nonmarkovian/nonmarkovian/model.py", line 368, in <listcomp>
    rows = [self._embed(x_views[:, k_abs]) for k_abs in range(t_start + 1, T)]
  File "/lustre/scratch126/cellgen/lotfollahi/ap55/Nonmarkovian/nonmarkovian/model.py", line 341, in _embed
    def _embed(self, x: torch.Tensor) -> torch.Tensor:
KeyboardInterrupt

During handling of the above exception, another exception occurred:

Traceback (most recent call last):
  File "/usr/lib/python3.10/runpy.py", line 196, in _run_module_as_main
    return _run_code(code, main_globals, None,
  File "/usr/lib/python3.10/runpy.py", line 86, in _run_code
    exec(code, run_globals)
  File "/lustre/scratch126/cellgen/lotfollahi/ap55/Nonmarkovian/nonmarkovian/train.py", line 928, in <module>
    main()
  File "/lustre/scratch126/cellgen/lotfollahi/ap55/Nonmarkovian/nonmarkovian/train.py", line 545, in main
    wandb.finish()
  File "/lustre/scratch126/cellgen/lotfollahi/ap55/Nonmarkovian/virtualenv/Python3.11.3/lib/python3.10/site-packages/wandb/sdk/wandb_run.py", line 4120, in finish
    wandb.run.finish(exit_code=exit_code, quiet=quiet)
  File "/lustre/scratch126/cellgen/lotfollahi/ap55/Nonmarkovian/virtualenv/Python3.11.3/lib/python3.10/site-packages/wandb/sdk/wandb_run.py", line 399, in wrapper
    return func(self, *args, **kwargs)
  File "/lustre/scratch126/cellgen/lotfollahi/ap55/Nonmarkovian/virtualenv/Python3.11.3/lib/python3.10/site-packages/wandb/sdk/wandb_run.py", line 444, in wrapper
    return func(self, *args, **kwargs)
  File "/lustre/scratch126/cellgen/lotfollahi/ap55/Nonmarkovian/virtualenv/Python3.11.3/lib/python3.10/site-packages/wandb/sdk/wandb_run.py", line 2297, in finish
    return self._finish(exit_code)
  File "/lustre/scratch126/cellgen/lotfollahi/ap55/Nonmarkovian/virtualenv/Python3.11.3/lib/python3.10/site-packages/wandb/sdk/wandb_run.py", line 399, in wrapper
    return func(self, *args, **kwargs)
  File "/lustre/scratch126/cellgen/lotfollahi/ap55/Nonmarkovian/virtualenv/Python3.11.3/lib/python3.10/site-packages/wandb/sdk/wandb_run.py", line 2309, in _finish
    logger.info(f"finishing run {self._get_path()}")
  File "/usr/lib/python3.10/logging/__init__.py", line 1477, in info
    self._log(INFO, msg, args, **kwargs)
  File "/usr/lib/python3.10/logging/__init__.py", line 1624, in _log
    self.handle(record)
  File "/usr/lib/python3.10/logging/__init__.py", line 1634, in handle
    self.callHandlers(record)
  File "/usr/lib/python3.10/logging/__init__.py", line 1696, in callHandlers
    hdlr.handle(record)
  File "/usr/lib/python3.10/logging/__init__.py", line 968, in handle
    self.emit(record)
  File "/usr/lib/python3.10/logging/__init__.py", line 1218, in emit
    StreamHandler.emit(self, record)
  File "/usr/lib/python3.10/logging/__init__.py", line 1104, in emit
    self.flush()
  File "/usr/lib/python3.10/logging/__init__.py", line 1084, in flush
    self.stream.flush()
KeyboardInterrupt
[rank0]: Traceback (most recent call last):
[rank0]:   File "/lustre/scratch126/cellgen/lotfollahi/ap55/Nonmarkovian/nonmarkovian/train.py", line 528, in main
[rank0]:     _train_loop(
[rank0]:   File "/lustre/scratch126/cellgen/lotfollahi/ap55/Nonmarkovian/nonmarkovian/train.py", line 870, in _train_loop
[rank0]:     fbd = compute_fbd_routed(
[rank0]:   File "/lustre/scratch126/cellgen/lotfollahi/ap55/Nonmarkovian/virtualenv/Python3.11.3/lib/python3.10/site-packages/torch/utils/_contextlib.py", line 115, in decorate_context
[rank0]:     return func(*args, **kwargs)
[rank0]:   File "/lustre/scratch126/cellgen/lotfollahi/ap55/Nonmarkovian/nonmarkovian/validation.py", line 564, in compute_fbd_routed
[rank0]:     g = sample_sequences(
[rank0]:   File "/lustre/scratch126/cellgen/lotfollahi/ap55/Nonmarkovian/virtualenv/Python3.11.3/lib/python3.10/site-packages/torch/utils/_contextlib.py", line 115, in decorate_context
[rank0]:     return func(*args, **kwargs)
[rank0]:   File "/lustre/scratch126/cellgen/lotfollahi/ap55/Nonmarkovian/nonmarkovian/sample.py", line 159, in sample_sequences
[rank0]:     logits, _pi, _h, _lb, seq_in = model(
[rank0]:   File "/lustre/scratch126/cellgen/lotfollahi/ap55/Nonmarkovian/virtualenv/Python3.11.3/lib/python3.10/site-packages/torch/nn/modules/module.py", line 1532, in _wrapped_call_impl
[rank0]:     return self._call_impl(*args, **kwargs)
[rank0]:   File "/lustre/scratch126/cellgen/lotfollahi/ap55/Nonmarkovian/virtualenv/Python3.11.3/lib/python3.10/site-packages/torch/nn/modules/module.py", line 1541, in _call_impl
[rank0]:     return forward_call(*args, **kwargs)
[rank0]:   File "/lustre/scratch126/cellgen/lotfollahi/ap55/Nonmarkovian/nonmarkovian/model.py", line 422, in forward
[rank0]:     z_t, z_cand, taus_cand = self._embed_current_and_candidates(x_views, t_start)
[rank0]:   File "/lustre/scratch126/cellgen/lotfollahi/ap55/Nonmarkovian/nonmarkovian/model.py", line 368, in _embed_current_and_candidates
[rank0]:     rows = [self._embed(x_views[:, k_abs]) for k_abs in range(t_start + 1, T)]
[rank0]:   File "/lustre/scratch126/cellgen/lotfollahi/ap55/Nonmarkovian/nonmarkovian/model.py", line 368, in <listcomp>
[rank0]:     rows = [self._embed(x_views[:, k_abs]) for k_abs in range(t_start + 1, T)]
[rank0]:   File "/lustre/scratch126/cellgen/lotfollahi/ap55/Nonmarkovian/nonmarkovian/model.py", line 341, in _embed
[rank0]:     def _embed(self, x: torch.Tensor) -> torch.Tensor:
[rank0]: KeyboardInterrupt

[rank0]: During handling of the above exception, another exception occurred:

[rank0]: Traceback (most recent call last):
[rank0]:   File "/usr/lib/python3.10/runpy.py", line 196, in _run_module_as_main
[rank0]:     return _run_code(code, main_globals, None,
[rank0]:   File "/usr/lib/python3.10/runpy.py", line 86, in _run_code
[rank0]:     exec(code, run_globals)
[rank0]:   File "/lustre/scratch126/cellgen/lotfollahi/ap55/Nonmarkovian/nonmarkovian/train.py", line 928, in <module>
[rank0]:     main()
[rank0]:   File "/lustre/scratch126/cellgen/lotfollahi/ap55/Nonmarkovian/nonmarkovian/train.py", line 545, in main
[rank0]:     wandb.finish()
[rank0]:   File "/lustre/scratch126/cellgen/lotfollahi/ap55/Nonmarkovian/virtualenv/Python3.11.3/lib/python3.10/site-packages/wandb/sdk/wandb_run.py", line 4120, in finish
[rank0]:     wandb.run.finish(exit_code=exit_code, quiet=quiet)
[rank0]:   File "/lustre/scratch126/cellgen/lotfollahi/ap55/Nonmarkovian/virtualenv/Python3.11.3/lib/python3.10/site-packages/wandb/sdk/wandb_run.py", line 399, in wrapper
[rank0]:     return func(self, *args, **kwargs)
[rank0]:   File "/lustre/scratch126/cellgen/lotfollahi/ap55/Nonmarkovian/virtualenv/Python3.11.3/lib/python3.10/site-packages/wandb/sdk/wandb_run.py", line 444, in wrapper
[rank0]:     return func(self, *args, **kwargs)
[rank0]:   File "/lustre/scratch126/cellgen/lotfollahi/ap55/Nonmarkovian/virtualenv/Python3.11.3/lib/python3.10/site-packages/wandb/sdk/wandb_run.py", line 2297, in finish
[rank0]:     return self._finish(exit_code)
[rank0]:   File "/lustre/scratch126/cellgen/lotfollahi/ap55/Nonmarkovian/virtualenv/Python3.11.3/lib/python3.10/site-packages/wandb/sdk/wandb_run.py", line 399, in wrapper
[rank0]:     return func(self, *args, **kwargs)
[rank0]:   File "/lustre/scratch126/cellgen/lotfollahi/ap55/Nonmarkovian/virtualenv/Python3.11.3/lib/python3.10/site-packages/wandb/sdk/wandb_run.py", line 2309, in _finish
[rank0]:     logger.info(f"finishing run {self._get_path()}")
[rank0]:   File "/usr/lib/python3.10/logging/__init__.py", line 1477, in info
[rank0]:     self._log(INFO, msg, args, **kwargs)
[rank0]:   File "/usr/lib/python3.10/logging/__init__.py", line 1624, in _log
[rank0]:     self.handle(record)
[rank0]:   File "/usr/lib/python3.10/logging/__init__.py", line 1634, in handle
[rank0]:     self.callHandlers(record)
[rank0]:   File "/usr/lib/python3.10/logging/__init__.py", line 1696, in callHandlers
[rank0]:     hdlr.handle(record)
[rank0]:   File "/usr/lib/python3.10/logging/__init__.py", line 968, in handle
[rank0]:     self.emit(record)
[rank0]:   File "/usr/lib/python3.10/logging/__init__.py", line 1218, in emit
[rank0]:     StreamHandler.emit(self, record)
[rank0]:   File "/usr/lib/python3.10/logging/__init__.py", line 1104, in emit
[rank0]:     self.flush()
[rank0]:   File "/usr/lib/python3.10/logging/__init__.py", line 1084, in flush
[rank0]:     self.stream.flush()
[rank0]: KeyboardInterrupt
Exception ignored in atexit callback: <function _start_and_connect_service.<locals>.teardown_atexit at 0x15456f823d90>
Traceback (most recent call last):
  File "/lustre/scratch126/cellgen/lotfollahi/ap55/Nonmarkovian/virtualenv/Python3.11.3/lib/python3.10/site-packages/wandb/sdk/lib/service/service_connection.py", line 73, in teardown_atexit
    conn.teardown(hooks.exit_code)
  File "/lustre/scratch126/cellgen/lotfollahi/ap55/Nonmarkovian/virtualenv/Python3.11.3/lib/python3.10/site-packages/wandb/sdk/lib/service/service_connection.py", line 353, in teardown
    self._asyncer.run(publish_teardown_and_close)
  File "/lustre/scratch126/cellgen/lotfollahi/ap55/Nonmarkovian/virtualenv/Python3.11.3/lib/python3.10/site-packages/wandb/sdk/lib/asyncio_manager.py", line 137, in run
    return future.result()
  File "/usr/lib/python3.10/concurrent/futures/_base.py", line 458, in result
    return self.__get_result()
  File "/usr/lib/python3.10/concurrent/futures/_base.py", line 403, in __get_result
    raise self._exception
  File "/lustre/scratch126/cellgen/lotfollahi/ap55/Nonmarkovian/virtualenv/Python3.11.3/lib/python3.10/site-packages/wandb/sdk/lib/asyncio_manager.py", line 223, in _wrap
    return await fn()
  File "/lustre/scratch126/cellgen/lotfollahi/ap55/Nonmarkovian/virtualenv/Python3.11.3/lib/python3.10/site-packages/wandb/sdk/lib/service/service_connection.py", line 344, in publish_teardown_and_close
    await self._client.publish(
  File "/lustre/scratch126/cellgen/lotfollahi/ap55/Nonmarkovian/virtualenv/Python3.11.3/lib/python3.10/site-packages/wandb/sdk/lib/service/service_client.py", line 45, in publish
    await self._send_server_request(request)
  File "/lustre/scratch126/cellgen/lotfollahi/ap55/Nonmarkovian/virtualenv/Python3.11.3/lib/python3.10/site-packages/wandb/sdk/lib/service/service_client.py", line 78, in _send_server_request
    raise self._broken_exc.with_traceback(self._broken_tb)
  File "/lustre/scratch126/cellgen/lotfollahi/ap55/Nonmarkovian/virtualenv/Python3.11.3/lib/python3.10/site-packages/wandb/sdk/lib/service/service_client.py", line 87, in _send_server_request
    await self._drain_writer()
  File "/lustre/scratch126/cellgen/lotfollahi/ap55/Nonmarkovian/virtualenv/Python3.11.3/lib/python3.10/site-packages/wandb/sdk/lib/service/service_client.py", line 96, in _drain_writer
    await self._writer.drain()
  File "/usr/lib/python3.10/asyncio/streams.py", line 359, in drain
    raise exc
  File "/lustre/scratch126/cellgen/lotfollahi/ap55/Nonmarkovian/virtualenv/Python3.11.3/lib/python3.10/site-packages/wandb/sdk/lib/service/service_client.py", line 127, in _forward_responses
    while response := await self._read_server_response():
  File "/lustre/scratch126/cellgen/lotfollahi/ap55/Nonmarkovian/virtualenv/Python3.11.3/lib/python3.10/site-packages/wandb/sdk/lib/service/service_client.py", line 141, in _read_server_response
    header = await self._reader.readexactly(_HEADER_BYTE_INT_LEN)
  File "/usr/lib/python3.10/asyncio/streams.py", line 708, in readexactly
    await self._wait_for_data('readexactly')
  File "/usr/lib/python3.10/asyncio/streams.py", line 501, in _wait_for_data
    await self._waiter
  File "/usr/lib/python3.10/asyncio/selector_events.py", line 862, in _read_ready__data_received
    data = self._sock.recv(self.max_size)
ConnectionResetError: [Errno 104] Connection reset by peer
Traceback (most recent call last):
  File "/lustre/scratch126/cellgen/lotfollahi/ap55/Nonmarkovian/virtualenv/Python3.11.3/bin/torchrun", line 6, in <module>
    sys.exit(main())
  File "/lustre/scratch126/cellgen/lotfollahi/ap55/Nonmarkovian/virtualenv/Python3.11.3/lib/python3.10/site-packages/torch/distributed/elastic/multiprocessing/errors/__init__.py", line 347, in wrapper
    return f(*args, **kwargs)
  File "/lustre/scratch126/cellgen/lotfollahi/ap55/Nonmarkovian/virtualenv/Python3.11.3/lib/python3.10/site-packages/torch/distributed/run.py", line 879, in main
    run(args)
  File "/lustre/scratch126/cellgen/lotfollahi/ap55/Nonmarkovian/virtualenv/Python3.11.3/lib/python3.10/site-packages/torch/distributed/run.py", line 870, in run
    elastic_launch(
  File "/lustre/scratch126/cellgen/lotfollahi/ap55/Nonmarkovian/virtualenv/Python3.11.3/lib/python3.10/site-packages/torch/distributed/launcher/api.py", line 132, in __call__
    return launch_agent(self._config, self._entrypoint, list(args))
  File "/lustre/scratch126/cellgen/lotfollahi/ap55/Nonmarkovian/virtualenv/Python3.11.3/lib/python3.10/site-packages/torch/distributed/launcher/api.py", line 254, in launch_agent
    result = agent.run()
  File "/lustre/scratch126/cellgen/lotfollahi/ap55/Nonmarkovian/virtualenv/Python3.11.3/lib/python3.10/site-packages/torch/distributed/elastic/metrics/api.py", line 123, in wrapper
    result = f(*args, **kwargs)
  File "/lustre/scratch126/cellgen/lotfollahi/ap55/Nonmarkovian/virtualenv/Python3.11.3/lib/python3.10/site-packages/torch/distributed/elastic/agent/server/api.py", line 733, in run
    result = self._invoke_run(role)
  File "/lustre/scratch126/cellgen/lotfollahi/ap55/Nonmarkovian/virtualenv/Python3.11.3/lib/python3.10/site-packages/torch/distributed/elastic/agent/server/api.py", line 876, in _invoke_run
    time.sleep(monitor_interval)
  File "/lustre/scratch126/cellgen/lotfollahi/ap55/Nonmarkovian/virtualenv/Python3.11.3/lib/python3.10/site-packages/torch/distributed/elastic/multiprocessing/api.py", line 76, in _terminate_process_handler
    raise SignalException(f"Process {os.getpid()} got signal: {sigval}", sigval=sigval)
torch.distributed.elastic.multiprocessing.api.SignalException: Process 81196 got signal: 2
