W0506 11:32:07.646000 22543330174080 torch/distributed/run.py:757] 
W0506 11:32:07.646000 22543330174080 torch/distributed/run.py:757] *****************************************
W0506 11:32:07.646000 22543330174080 torch/distributed/run.py:757] Setting OMP_NUM_THREADS environment variable for each process to be 1 in default, to avoid your system being overloaded, please further tune the variable for optimal performance in your application as needed. 
W0506 11:32:07.646000 22543330174080 torch/distributed/run.py:757] *****************************************
wandb: [wandb.login()] Loaded credentials for https://api.wandb.ai from /nfs/users/nfs_a/ap55/.netrc.
wandb: Currently logged in as: arian-yazdan2001 (shariflab) to https://api.wandb.ai. Use `wandb login --relogin` to force relogin
wandb: Tracking run with wandb version 0.26.0
wandb: Run data is saved locally in /lustre/scratch126/cellgen/lotfollahi/ap55/Nonmarkovian/wandb/run-20260506_113246-rdhsazi8
wandb: Run `wandb offline` to turn off syncing.
wandb: Syncing run quiet-microwave-5
wandb: ⭐️ View project at https://wandb.ai/shariflab/nonmarkovian_promoter
wandb: 🚀 View run at https://wandb.ai/shariflab/nonmarkovian_promoter/runs/rdhsazi8
[rank2]:[W reducer.cpp:1389] Warning: find_unused_parameters=True was specified in DDP constructor, but did not find any unused parameters in the forward pass. This flag results in an extra traversal of the autograd graph every iteration,  which can adversely affect performance. If your model indeed never has any unused parameters in the forward pass, consider turning this flag off. Note that this warning may be a false positive if your model has flow control causing later iterations to have unused parameters. (function operator())
[rank3]:[W reducer.cpp:1389] Warning: find_unused_parameters=True was specified in DDP constructor, but did not find any unused parameters in the forward pass. This flag results in an extra traversal of the autograd graph every iteration,  which can adversely affect performance. If your model indeed never has any unused parameters in the forward pass, consider turning this flag off. Note that this warning may be a false positive if your model has flow control causing later iterations to have unused parameters. (function operator())
[rank1]:[W reducer.cpp:1389] Warning: find_unused_parameters=True was specified in DDP constructor, but did not find any unused parameters in the forward pass. This flag results in an extra traversal of the autograd graph every iteration,  which can adversely affect performance. If your model indeed never has any unused parameters in the forward pass, consider turning this flag off. Note that this warning may be a false positive if your model has flow control causing later iterations to have unused parameters. (function operator())
[rank0]:[W reducer.cpp:1389] Warning: find_unused_parameters=True was specified in DDP constructor, but did not find any unused parameters in the forward pass. This flag results in an extra traversal of the autograd graph every iteration,  which can adversely affect performance. If your model indeed never has any unused parameters in the forward pass, consider turning this flag off. Note that this warning may be a false positive if your model has flow control causing later iterations to have unused parameters. (function operator())
W0506 11:40:30.357000 22543330174080 torch/distributed/elastic/agent/server/api.py:741] Received Signals.SIGINT death signal, shutting down workers
W0506 11:40:30.358000 22543330174080 torch/distributed/elastic/multiprocessing/api.py:851] Sending process 302476 closing signal SIGINT
W0506 11:40:30.358000 22543330174080 torch/distributed/elastic/multiprocessing/api.py:851] Sending process 302477 closing signal SIGINT
W0506 11:40:30.358000 22543330174080 torch/distributed/elastic/multiprocessing/api.py:851] Sending process 302478 closing signal SIGINT
W0506 11:40:30.358000 22543330174080 torch/distributed/elastic/multiprocessing/api.py:851] Sending process 302479 closing signal SIGINT
[rank2]: Traceback (most recent call last):
[rank2]:   File "/lustre/scratch126/cellgen/lotfollahi/ap55/Nonmarkovian/virtualenv/Python3.11.3/lib/python3.10/site-packages/torch/utils/data/dataloader.py", line 1133, in _try_get_data
[rank2]:   File "/usr/lib/python3.10/queue.py", line 180, in get
[rank2]:     self.not_empty.wait(remaining)
[rank2]:   File "/usr/lib/python3.10/threading.py", line 324, in wait
[rank2]:     gotit = waiter.acquire(True, timeout)
[rank2]: KeyboardInterrupt

[rank2]: During handling of the above exception, another exception occurred:

[rank2]: Traceback (most recent call last):
[rank2]:   File "/usr/lib/python3.10/runpy.py", line 196, in _run_module_as_main
[rank2]:     return _run_code(code, main_globals, None,
[rank2]:   File "/usr/lib/python3.10/runpy.py", line 86, in _run_code
[rank2]:     exec(code, run_globals)
[rank2]:   File "/lustre/scratch126/cellgen/lotfollahi/ap55/Nonmarkovian/nonmarkovian/nonmark_promoter.py", line 1221, in <module>
[rank2]:     
[rank2]:   File "/lustre/scratch126/cellgen/lotfollahi/ap55/Nonmarkovian/nonmarkovian/nonmark_promoter.py", line 1205, in main
[rank2]:     wandb.summary["world_size"]  = world_size
[rank2]:   File "/lustre/scratch126/cellgen/lotfollahi/ap55/Nonmarkovian/nonmarkovian/nonmark_promoter.py", line 905, in _train_loop
[rank2]:     for batch_idx, batch in enumerate(train_loader):
[rank2]:   File "/lustre/scratch126/cellgen/lotfollahi/ap55/Nonmarkovian/virtualenv/Python3.11.3/lib/python3.10/site-packages/torch/utils/data/dataloader.py", line 631, in __next__
[rank2]:     data = self._next_data()
[rank2]:   File "/lustre/scratch126/cellgen/lotfollahi/ap55/Nonmarkovian/virtualenv/Python3.11.3/lib/python3.10/site-packages/torch/utils/data/dataloader.py", line 1329, in _next_data
[rank2]:     idx, data = self._get_data()
[rank2]:   File "/lustre/scratch126/cellgen/lotfollahi/ap55/Nonmarkovian/virtualenv/Python3.11.3/lib/python3.10/site-packages/torch/utils/data/dataloader.py", line 1285, in _get_data
[rank2]:     success, data = self._try_get_data()
[rank2]:   File "/lustre/scratch126/cellgen/lotfollahi/ap55/Nonmarkovian/virtualenv/Python3.11.3/lib/python3.10/site-packages/torch/utils/data/dataloader.py", line 1133, in _try_get_data
[rank2]:     data = self._data_queue.get(timeout=timeout)
[rank2]: KeyboardInterrupt
Traceback (most recent call last):
  File "/usr/lib/python3.10/queue.py", line 180, in get
    self.not_empty.wait(remaining)
  File "/usr/lib/python3.10/threading.py", line 324, in wait
    gotit = waiter.acquire(True, timeout)
KeyboardInterrupt

During handling of the above exception, another exception occurred:

Traceback (most recent call last):
  File "/lustre/scratch126/cellgen/lotfollahi/ap55/Nonmarkovian/nonmarkovian/nonmark_promoter.py", line 1205, in main
    wandb.summary["world_size"]  = world_size
  File "/lustre/scratch126/cellgen/lotfollahi/ap55/Nonmarkovian/nonmarkovian/nonmark_promoter.py", line 905, in _train_loop
    for batch_idx, batch in enumerate(train_loader):
  File "/lustre/scratch126/cellgen/lotfollahi/ap55/Nonmarkovian/virtualenv/Python3.11.3/lib/python3.10/site-packages/torch/utils/data/dataloader.py", line 631, in __next__
    data = self._next_data()
  File "/lustre/scratch126/cellgen/lotfollahi/ap55/Nonmarkovian/virtualenv/Python3.11.3/lib/python3.10/site-packages/torch/utils/data/dataloader.py", line 1329, in _next_data
    idx, data = self._get_data()
  File "/lustre/scratch126/cellgen/lotfollahi/ap55/Nonmarkovian/virtualenv/Python3.11.3/lib/python3.10/site-packages/torch/utils/data/dataloader.py", line 1285, in _get_data
    success, data = self._try_get_data()
  File "/lustre/scratch126/cellgen/lotfollahi/ap55/Nonmarkovian/virtualenv/Python3.11.3/lib/python3.10/site-packages/torch/utils/data/dataloader.py", line 1133, in _try_get_data
    data = self._data_queue.get(timeout=timeout)
  File "/usr/lib/python3.10/queue.py", line 165, in get
    with self.not_empty:
  File "/usr/lib/python3.10/threading.py", line 267, in __exit__
    def __exit__(self, *args):
KeyboardInterrupt

During handling of the above exception, another exception occurred:

Traceback (most recent call last):
  File "/usr/lib/python3.10/runpy.py", line 196, in _run_module_as_main
    return _run_code(code, main_globals, None,
  File "/usr/lib/python3.10/runpy.py", line 86, in _run_code
    exec(code, run_globals)
  File "/lustre/scratch126/cellgen/lotfollahi/ap55/Nonmarkovian/nonmarkovian/nonmark_promoter.py", line 1221, in <module>
  File "/lustre/scratch126/cellgen/lotfollahi/ap55/Nonmarkovian/nonmarkovian/nonmark_promoter.py", line 1214, in main
    )
  File "/lustre/scratch126/cellgen/lotfollahi/ap55/Nonmarkovian/virtualenv/Python3.11.3/lib/python3.10/site-packages/wandb/sdk/wandb_run.py", line 4120, in finish
    wandb.run.finish(exit_code=exit_code, quiet=quiet)
  File "/lustre/scratch126/cellgen/lotfollahi/ap55/Nonmarkovian/virtualenv/Python3.11.3/lib/python3.10/site-packages/wandb/sdk/wandb_run.py", line 399, in wrapper
    return func(self, *args, **kwargs)
  File "/lustre/scratch126/cellgen/lotfollahi/ap55/Nonmarkovian/virtualenv/Python3.11.3/lib/python3.10/site-packages/wandb/sdk/wandb_run.py", line 444, in wrapper
    return func(self, *args, **kwargs)
  File "/lustre/scratch126/cellgen/lotfollahi/ap55/Nonmarkovian/virtualenv/Python3.11.3/lib/python3.10/site-packages/wandb/sdk/wandb_run.py", line 2297, in finish
    return self._finish(exit_code)
  File "/lustre/scratch126/cellgen/lotfollahi/ap55/Nonmarkovian/virtualenv/Python3.11.3/lib/python3.10/site-packages/wandb/sdk/wandb_run.py", line 399, in wrapper
    return func(self, *args, **kwargs)
  File "/lustre/scratch126/cellgen/lotfollahi/ap55/Nonmarkovian/virtualenv/Python3.11.3/lib/python3.10/site-packages/wandb/sdk/wandb_run.py", line 2310, in _finish
    with telemetry.context(run=self) as tel:
  File "/lustre/scratch126/cellgen/lotfollahi/ap55/Nonmarkovian/virtualenv/Python3.11.3/lib/python3.10/site-packages/wandb/sdk/lib/telemetry.py", line 45, in __exit__
    self._run._telemetry_callback(self._obj)
  File "/lustre/scratch126/cellgen/lotfollahi/ap55/Nonmarkovian/virtualenv/Python3.11.3/lib/python3.10/site-packages/wandb/sdk/wandb_run.py", line 751, in _telemetry_callback
    self._telemetry_flush()
  File "/lustre/scratch126/cellgen/lotfollahi/ap55/Nonmarkovian/virtualenv/Python3.11.3/lib/python3.10/site-packages/wandb/sdk/wandb_run.py", line 764, in _telemetry_flush
    self._backend.interface._publish_telemetry(self._telemetry_obj)
  File "/lustre/scratch126/cellgen/lotfollahi/ap55/Nonmarkovian/virtualenv/Python3.11.3/lib/python3.10/site-packages/wandb/sdk/interface/interface_shared.py", line 105, in _publish_telemetry
    self._publish(rec)
  File "/lustre/scratch126/cellgen/lotfollahi/ap55/Nonmarkovian/virtualenv/Python3.11.3/lib/python3.10/site-packages/wandb/sdk/interface/interface_sock.py", line 46, in _publish
    self._asyncer.run(lambda: self._client.publish(request))
  File "/lustre/scratch126/cellgen/lotfollahi/ap55/Nonmarkovian/virtualenv/Python3.11.3/lib/python3.10/site-packages/wandb/sdk/lib/asyncio_manager.py", line 137, in run
    return future.result()
  File "/usr/lib/python3.10/concurrent/futures/_base.py", line 453, in result
    self._condition.wait(timeout)
  File "/usr/lib/python3.10/threading.py", line 320, in wait
    waiter.acquire()
KeyboardInterrupt
[rank0]: Traceback (most recent call last):
[rank0]:   File "/usr/lib/python3.10/queue.py", line 180, in get
[rank0]:     self.not_empty.wait(remaining)
[rank0]:   File "/usr/lib/python3.10/threading.py", line 324, in wait
[rank0]:     gotit = waiter.acquire(True, timeout)
[rank0]: KeyboardInterrupt

[rank0]: During handling of the above exception, another exception occurred:

[rank0]: Traceback (most recent call last):
[rank0]:   File "/lustre/scratch126/cellgen/lotfollahi/ap55/Nonmarkovian/nonmarkovian/nonmark_promoter.py", line 1205, in main
[rank0]:     wandb.summary["world_size"]  = world_size
[rank0]:   File "/lustre/scratch126/cellgen/lotfollahi/ap55/Nonmarkovian/nonmarkovian/nonmark_promoter.py", line 905, in _train_loop
[rank0]:     for batch_idx, batch in enumerate(train_loader):
[rank0]:   File "/lustre/scratch126/cellgen/lotfollahi/ap55/Nonmarkovian/virtualenv/Python3.11.3/lib/python3.10/site-packages/torch/utils/data/dataloader.py", line 631, in __next__
[rank0]:     data = self._next_data()
[rank0]:   File "/lustre/scratch126/cellgen/lotfollahi/ap55/Nonmarkovian/virtualenv/Python3.11.3/lib/python3.10/site-packages/torch/utils/data/dataloader.py", line 1329, in _next_data
[rank0]:     idx, data = self._get_data()
[rank0]:   File "/lustre/scratch126/cellgen/lotfollahi/ap55/Nonmarkovian/virtualenv/Python3.11.3/lib/python3.10/site-packages/torch/utils/data/dataloader.py", line 1285, in _get_data
[rank0]:     success, data = self._try_get_data()
[rank0]:   File "/lustre/scratch126/cellgen/lotfollahi/ap55/Nonmarkovian/virtualenv/Python3.11.3/lib/python3.10/site-packages/torch/utils/data/dataloader.py", line 1133, in _try_get_data
[rank0]:     data = self._data_queue.get(timeout=timeout)
[rank0]:   File "/usr/lib/python3.10/queue.py", line 165, in get
[rank0]:     with self.not_empty:
[rank0]:   File "/usr/lib/python3.10/threading.py", line 267, in __exit__
[rank0]:     def __exit__(self, *args):
[rank0]: KeyboardInterrupt

[rank0]: During handling of the above exception, another exception occurred:

[rank0]: Traceback (most recent call last):
[rank0]:   File "/usr/lib/python3.10/runpy.py", line 196, in _run_module_as_main
[rank0]:     return _run_code(code, main_globals, None,
[rank0]:   File "/usr/lib/python3.10/runpy.py", line 86, in _run_code
[rank0]:     exec(code, run_globals)
[rank0]:   File "/lustre/scratch126/cellgen/lotfollahi/ap55/Nonmarkovian/nonmarkovian/nonmark_promoter.py", line 1221, in <module>
[rank0]:     
[rank0]:   File "/lustre/scratch126/cellgen/lotfollahi/ap55/Nonmarkovian/nonmarkovian/nonmark_promoter.py", line 1214, in main
[rank0]:     )
[rank0]:   File "/lustre/scratch126/cellgen/lotfollahi/ap55/Nonmarkovian/virtualenv/Python3.11.3/lib/python3.10/site-packages/wandb/sdk/wandb_run.py", line 4120, in finish
[rank0]:     wandb.run.finish(exit_code=exit_code, quiet=quiet)
[rank0]:   File "/lustre/scratch126/cellgen/lotfollahi/ap55/Nonmarkovian/virtualenv/Python3.11.3/lib/python3.10/site-packages/wandb/sdk/wandb_run.py", line 399, in wrapper
[rank0]:     return func(self, *args, **kwargs)
[rank0]:   File "/lustre/scratch126/cellgen/lotfollahi/ap55/Nonmarkovian/virtualenv/Python3.11.3/lib/python3.10/site-packages/wandb/sdk/wandb_run.py", line 444, in wrapper
[rank0]:     return func(self, *args, **kwargs)
[rank0]:   File "/lustre/scratch126/cellgen/lotfollahi/ap55/Nonmarkovian/virtualenv/Python3.11.3/lib/python3.10/site-packages/wandb/sdk/wandb_run.py", line 2297, in finish
[rank0]:     return self._finish(exit_code)
[rank0]:   File "/lustre/scratch126/cellgen/lotfollahi/ap55/Nonmarkovian/virtualenv/Python3.11.3/lib/python3.10/site-packages/wandb/sdk/wandb_run.py", line 399, in wrapper
[rank0]:     return func(self, *args, **kwargs)
[rank0]:   File "/lustre/scratch126/cellgen/lotfollahi/ap55/Nonmarkovian/virtualenv/Python3.11.3/lib/python3.10/site-packages/wandb/sdk/wandb_run.py", line 2310, in _finish
[rank0]:     with telemetry.context(run=self) as tel:
[rank0]:   File "/lustre/scratch126/cellgen/lotfollahi/ap55/Nonmarkovian/virtualenv/Python3.11.3/lib/python3.10/site-packages/wandb/sdk/lib/telemetry.py", line 45, in __exit__
[rank0]:     self._run._telemetry_callback(self._obj)
[rank0]:   File "/lustre/scratch126/cellgen/lotfollahi/ap55/Nonmarkovian/virtualenv/Python3.11.3/lib/python3.10/site-packages/wandb/sdk/wandb_run.py", line 751, in _telemetry_callback
[rank0]:     self._telemetry_flush()
[rank0]:   File "/lustre/scratch126/cellgen/lotfollahi/ap55/Nonmarkovian/virtualenv/Python3.11.3/lib/python3.10/site-packages/wandb/sdk/wandb_run.py", line 764, in _telemetry_flush
[rank0]:     self._backend.interface._publish_telemetry(self._telemetry_obj)
[rank0]:   File "/lustre/scratch126/cellgen/lotfollahi/ap55/Nonmarkovian/virtualenv/Python3.11.3/lib/python3.10/site-packages/wandb/sdk/interface/interface_shared.py", line 105, in _publish_telemetry
[rank0]:     self._publish(rec)
[rank0]:   File "/lustre/scratch126/cellgen/lotfollahi/ap55/Nonmarkovian/virtualenv/Python3.11.3/lib/python3.10/site-packages/wandb/sdk/interface/interface_sock.py", line 46, in _publish
[rank0]:     self._asyncer.run(lambda: self._client.publish(request))
[rank0]:   File "/lustre/scratch126/cellgen/lotfollahi/ap55/Nonmarkovian/virtualenv/Python3.11.3/lib/python3.10/site-packages/wandb/sdk/lib/asyncio_manager.py", line 137, in run
[rank0]:     return future.result()
[rank0]:   File "/usr/lib/python3.10/concurrent/futures/_base.py", line 453, in result
[rank0]:     self._condition.wait(timeout)
[rank0]:   File "/usr/lib/python3.10/threading.py", line 320, in wait
[rank0]:     waiter.acquire()
[rank0]: KeyboardInterrupt
Exception ignored in atexit callback: <function _start_and_connect_service.<locals>.teardown_atexit at 0x14c390b54310>
Traceback (most recent call last):
  File "/lustre/scratch126/cellgen/lotfollahi/ap55/Nonmarkovian/virtualenv/Python3.11.3/lib/python3.10/site-packages/wandb/sdk/lib/service/service_connection.py", line 73, in teardown_atexit
    conn.teardown(hooks.exit_code)
  File "/lustre/scratch126/cellgen/lotfollahi/ap55/Nonmarkovian/virtualenv/Python3.11.3/lib/python3.10/site-packages/wandb/sdk/lib/service/service_connection.py", line 353, in teardown
    self._asyncer.run(publish_teardown_and_close)
  File "/lustre/scratch126/cellgen/lotfollahi/ap55/Nonmarkovian/virtualenv/Python3.11.3/lib/python3.10/site-packages/wandb/sdk/lib/asyncio_manager.py", line 137, in run
    return future.result()
  File "/usr/lib/python3.10/concurrent/futures/_base.py", line 458, in result
    return self.__get_result()
  File "/usr/lib/python3.10/concurrent/futures/_base.py", line 403, in __get_result
    raise self._exception
  File "/lustre/scratch126/cellgen/lotfollahi/ap55/Nonmarkovian/virtualenv/Python3.11.3/lib/python3.10/site-packages/wandb/sdk/lib/asyncio_manager.py", line 223, in _wrap
    return await fn()
  File "/lustre/scratch126/cellgen/lotfollahi/ap55/Nonmarkovian/virtualenv/Python3.11.3/lib/python3.10/site-packages/wandb/sdk/lib/service/service_connection.py", line 344, in publish_teardown_and_close
    await self._client.publish(
  File "/lustre/scratch126/cellgen/lotfollahi/ap55/Nonmarkovian/virtualenv/Python3.11.3/lib/python3.10/site-packages/wandb/sdk/lib/service/service_client.py", line 45, in publish
    await self._send_server_request(request)
  File "/lustre/scratch126/cellgen/lotfollahi/ap55/Nonmarkovian/virtualenv/Python3.11.3/lib/python3.10/site-packages/wandb/sdk/lib/service/service_client.py", line 78, in _send_server_request
    raise self._broken_exc.with_traceback(self._broken_tb)
  File "/lustre/scratch126/cellgen/lotfollahi/ap55/Nonmarkovian/virtualenv/Python3.11.3/lib/python3.10/site-packages/wandb/sdk/lib/service/service_client.py", line 87, in _send_server_request
    await self._drain_writer()
  File "/lustre/scratch126/cellgen/lotfollahi/ap55/Nonmarkovian/virtualenv/Python3.11.3/lib/python3.10/site-packages/wandb/sdk/lib/service/service_client.py", line 96, in _drain_writer
    await self._writer.drain()
  File "/usr/lib/python3.10/asyncio/streams.py", line 371, in drain
    await self._protocol._drain_helper()
  File "/usr/lib/python3.10/asyncio/streams.py", line 167, in _drain_helper
    raise ConnectionResetError('Connection lost')
ConnectionResetError: Connection lost
Terminated
Traceback (most recent call last):
  File "/lustre/scratch126/cellgen/lotfollahi/ap55/Nonmarkovian/virtualenv/Python3.11.3/lib/python3.10/site-packages/torch/distributed/elastic/agent/server/api.py", line 733, in run
    result = self._invoke_run(role)
  File "/lustre/scratch126/cellgen/lotfollahi/ap55/Nonmarkovian/virtualenv/Python3.11.3/lib/python3.10/site-packages/torch/distributed/elastic/agent/server/api.py", line 876, in _invoke_run
    time.sleep(monitor_interval)
  File "/lustre/scratch126/cellgen/lotfollahi/ap55/Nonmarkovian/virtualenv/Python3.11.3/lib/python3.10/site-packages/torch/distributed/elastic/multiprocessing/api.py", line 75, in _terminate_process_handler
    sigval = signal.Signals(signum)
  File "/usr/lib/python3.10/enum.py", line 385, in __call__
    return cls.__new__(cls, value)
  File "/usr/lib/python3.10/enum.py", line 678, in __new__
    def __new__(cls, value):
  File "/lustre/scratch126/cellgen/lotfollahi/ap55/Nonmarkovian/virtualenv/Python3.11.3/lib/python3.10/site-packages/torch/distributed/elastic/multiprocessing/api.py", line 76, in _terminate_process_handler
    raise SignalException(f"Process {os.getpid()} got signal: {sigval}", sigval=sigval)
torch.distributed.elastic.multiprocessing.api.SignalException: Process 302080 got signal: 2

During handling of the above exception, another exception occurred:

Traceback (most recent call last):
  File "/lustre/scratch126/cellgen/lotfollahi/ap55/Nonmarkovian/virtualenv/Python3.11.3/lib/python3.10/site-packages/torch/distributed/elastic/agent/server/api.py", line 742, in run
    self._shutdown(e.sigval)
  File "/lustre/scratch126/cellgen/lotfollahi/ap55/Nonmarkovian/virtualenv/Python3.11.3/lib/python3.10/site-packages/torch/distributed/elastic/agent/server/local_elastic_agent.py", line 296, in _shutdown
    self._pcontext.close(death_sig)
  File "/lustre/scratch126/cellgen/lotfollahi/ap55/Nonmarkovian/virtualenv/Python3.11.3/lib/python3.10/site-packages/torch/distributed/elastic/multiprocessing/api.py", line 541, in close
    self._close(death_sig=death_sig, timeout=timeout)
  File "/lustre/scratch126/cellgen/lotfollahi/ap55/Nonmarkovian/virtualenv/Python3.11.3/lib/python3.10/site-packages/torch/distributed/elastic/multiprocessing/api.py", line 861, in _close
    handler.proc.wait(time_to_wait)
  File "/usr/lib/python3.10/subprocess.py", line 1209, in wait
    return self._wait(timeout=timeout)
  File "/usr/lib/python3.10/subprocess.py", line 1953, in _wait
    time.sleep(delay)
  File "/lustre/scratch126/cellgen/lotfollahi/ap55/Nonmarkovian/virtualenv/Python3.11.3/lib/python3.10/site-packages/torch/distributed/elastic/multiprocessing/api.py", line 76, in _terminate_process_handler
    raise SignalException(f"Process {os.getpid()} got signal: {sigval}", sigval=sigval)
torch.distributed.elastic.multiprocessing.api.SignalException: Process 302080 got signal: 15

During handling of the above exception, another exception occurred:

Traceback (most recent call last):
  File "/lustre/scratch126/cellgen/lotfollahi/ap55/Nonmarkovian/virtualenv/Python3.11.3/bin/torchrun", line 6, in <module>
    sys.exit(main())
  File "/lustre/scratch126/cellgen/lotfollahi/ap55/Nonmarkovian/virtualenv/Python3.11.3/lib/python3.10/site-packages/torch/distributed/elastic/multiprocessing/errors/__init__.py", line 347, in wrapper
    return f(*args, **kwargs)
  File "/lustre/scratch126/cellgen/lotfollahi/ap55/Nonmarkovian/virtualenv/Python3.11.3/lib/python3.10/site-packages/torch/distributed/run.py", line 879, in main
    run(args)
  File "/lustre/scratch126/cellgen/lotfollahi/ap55/Nonmarkovian/virtualenv/Python3.11.3/lib/python3.10/site-packages/torch/distributed/run.py", line 870, in run
    elastic_launch(
  File "/lustre/scratch126/cellgen/lotfollahi/ap55/Nonmarkovian/virtualenv/Python3.11.3/lib/python3.10/site-packages/torch/distributed/launcher/api.py", line 132, in __call__
    return launch_agent(self._config, self._entrypoint, list(args))
  File "/lustre/scratch126/cellgen/lotfollahi/ap55/Nonmarkovian/virtualenv/Python3.11.3/lib/python3.10/site-packages/torch/distributed/launcher/api.py", line 254, in launch_agent
    result = agent.run()
  File "/lustre/scratch126/cellgen/lotfollahi/ap55/Nonmarkovian/virtualenv/Python3.11.3/lib/python3.10/site-packages/torch/distributed/elastic/metrics/api.py", line 123, in wrapper
    result = f(*args, **kwargs)
  File "/lustre/scratch126/cellgen/lotfollahi/ap55/Nonmarkovian/virtualenv/Python3.11.3/lib/python3.10/site-packages/torch/distributed/elastic/agent/server/api.py", line 747, in run
    self._shutdown()
  File "/lustre/scratch126/cellgen/lotfollahi/ap55/Nonmarkovian/virtualenv/Python3.11.3/lib/python3.10/site-packages/torch/distributed/elastic/agent/server/local_elastic_agent.py", line 296, in _shutdown
    self._pcontext.close(death_sig)
  File "/lustre/scratch126/cellgen/lotfollahi/ap55/Nonmarkovian/virtualenv/Python3.11.3/lib/python3.10/site-packages/torch/distributed/elastic/multiprocessing/api.py", line 541, in close
    self._close(death_sig=death_sig, timeout=timeout)
  File "/lustre/scratch126/cellgen/lotfollahi/ap55/Nonmarkovian/virtualenv/Python3.11.3/lib/python3.10/site-packages/torch/distributed/elastic/multiprocessing/api.py", line 850, in _close
    if handler.proc.poll() is None:
  File "/usr/lib/python3.10/subprocess.py", line 1181, in poll
    return self._internal_poll()
  File "/usr/lib/python3.10/subprocess.py", line 1896, in _internal_poll
    pid, sts = _waitpid(self.pid, _WNOHANG)
  File "/lustre/scratch126/cellgen/lotfollahi/ap55/Nonmarkovian/virtualenv/Python3.11.3/lib/python3.10/site-packages/torch/distributed/elastic/multiprocessing/api.py", line 76, in _terminate_process_handler
    raise SignalException(f"Process {os.getpid()} got signal: {sigval}", sigval=sigval)
torch.distributed.elastic.multiprocessing.api.SignalException: Process 302080 got signal: 15
