W0507 01:28:58.577000 22894075307136 torch/distributed/run.py:757] 
W0507 01:28:58.577000 22894075307136 torch/distributed/run.py:757] *****************************************
W0507 01:28:58.577000 22894075307136 torch/distributed/run.py:757] Setting OMP_NUM_THREADS environment variable for each process to be 1 in default, to avoid your system being overloaded, please further tune the variable for optimal performance in your application as needed. 
W0507 01:28:58.577000 22894075307136 torch/distributed/run.py:757] *****************************************
wandb: [wandb.login()] Loaded credentials for https://api.wandb.ai from /nfs/users/nfs_a/ap55/.netrc.
wandb: Currently logged in as: arian-yazdan2001 (shariflab) to https://api.wandb.ai. Use `wandb login --relogin` to force relogin
wandb: setting up run 7ywhwduq
wandb: Tracking run with wandb version 0.26.0
wandb: Run data is saved locally in /lustre/scratch126/cellgen/lotfollahi/ap55/Nonmarkovian/wandb/run-20260507_012941-7ywhwduq
wandb: Run `wandb offline` to turn off syncing.
wandb: Syncing run firm-pond-8
wandb: ⭐️ View project at https://wandb.ai/shariflab/nonmarkovian_promoter
wandb: 🚀 View run at https://wandb.ai/shariflab/nonmarkovian_promoter/runs/7ywhwduq
wandb: uploading config.yaml
wandb: uploading history steps 138399-138399, summary, console lines 428-431
wandb: 
wandb: Run history:
wandb:                   epoch ▁▁▁▁▂▂▂▂▂▂▃▃▃▃▃▃▃▃▃▄▄▄▄▄▄▅▅▆▆▆▆▆▆▆▆▆▇▇▇█
wandb:         train/batch_idx ▇▂█▅█▇▃█▃▅▃▃█▂▁▄▁▇▂▄▂▄▄▁▃▅▄▄▃▃▇▃▅▆▄▅▄▇█▄
wandb: train/batches_per_epoch ▁▁▁▁▁▁▁▁▁▁▁▁▁▁▁▁▁▁▁▁▁▁▁▁▁▁▁▁▁▁▁▁▁▁▁▁▁▁▁▁
wandb:         train/diff_loss ▄▅▂▆█▇▄▂▅▃▄▅▂▆▃▂▅▃▂▅▂▆▅▃▆▁▃▅▃▂▄▂▁▁▁▂▄▄▄▆
wandb:    train/epoch_loss_avg ▇█▇▄▄▄▃▃▃▃▃▃▂▃▃▂▂▂▃▃▂▂▂▃▂▃▂▃▂▂▁▂▁▃▂▂▁▂▁▁
wandb:         train/grad_norm █▁▁▁▁▁▁▁▁▁▁▁▁▁▁▁▁▁▁▁▁▁▁▁▁▁▁▁▁▁▁▁▁▁▁▁▁▁▁▁
wandb:              train/loss ▂▆▁▆▁▄█▁▃▄▄▄▇▄▅▂█▆▂▂▃▅▁▁▅▆▃▆▃▂▅▁▄▃▁▂▄▃▄▃
wandb:                train/lr ▁▁▁▁▁▁▁▁▁▁▁▁▁▁▁▁▁▁▁▁▁▁▁▁▁▁▁▁▁▁▁▁▁▁▁▁▁▁▁▁
wandb:    train/router_entropy ▁▂▄█▂▁▃▄▁▁▂▁▁▂▁▁▅▁▂▁▁▂▃▁▁▄▁▁▁▁▁▂▃▁▁▃▁▁▁▁
wandb:           train/t_start ▆▁▇▁▁▅██▁▆▂▂▂▃▄▇▃█▇▄▆▇▅▂▇▁▂▅▅▁▇▃▃█▇▂▂█▆▇
wandb:                      +2 ...
wandb: 
wandb: Run summary:
wandb:      checkpoint_best_mse 0.02858
wandb: checkpoint_best_mse_path /lustre/scratch126/c...
wandb:     checkpoint_best_path /lustre/scratch126/c...
wandb: checkpoint_best_val_loss 430.94122
wandb:         cuda_device_name NVIDIA H200
wandb:              cuda_usable True
wandb:                   device cuda:0
wandb:              distributed True
wandb:                    epoch 200
wandb:   model/total_parameters 13274244
wandb:                      +12 ...
wandb: 
wandb: 🚀 View run firm-pond-8 at: https://wandb.ai/shariflab/nonmarkovian_promoter/runs/7ywhwduq
wandb: ⭐️ View project at: https://wandb.ai/shariflab/nonmarkovian_promoter
wandb: Synced 5 W&B file(s), 0 media file(s), 0 artifact file(s) and 0 other file(s)
wandb: Find logs at: ./wandb/run-20260507_012941-7ywhwduq/logs
