W0422 16:32:38.598000 23039267472512 torch/distributed/run.py:757] 
W0422 16:32:38.598000 23039267472512 torch/distributed/run.py:757] *****************************************
W0422 16:32:38.598000 23039267472512 torch/distributed/run.py:757] Setting OMP_NUM_THREADS environment variable for each process to be 1 in default, to avoid your system being overloaded, please further tune the variable for optimal performance in your application as needed. 
W0422 16:32:38.598000 23039267472512 torch/distributed/run.py:757] *****************************************
wandb: [wandb.login()] Loaded credentials for https://api.wandb.ai from /nfs/users/nfs_a/ap55/.netrc.
wandb: Currently logged in as: arian-yazdan2001 (shariflab) to https://api.wandb.ai. Use `wandb login --relogin` to force relogin
[rank2]: Traceback (most recent call last):
[rank2]:   File "/usr/lib/python3.10/runpy.py", line 196, in _run_module_as_main
[rank2]:     return _run_code(code, main_globals, None,
[rank2]:   File "/usr/lib/python3.10/runpy.py", line 86, in _run_code
[rank2]:     exec(code, run_globals)
[rank2]:   File "/lustre/scratch126/cellgen/lotfollahi/ap55/Nonmarkovian/nonmarkovian/train.py", line 911, in <module>
[rank2]:     main()
[rank2]:   File "/lustre/scratch126/cellgen/lotfollahi/ap55/Nonmarkovian/nonmarkovian/train.py", line 511, in main
[rank2]:     _train_loop(
[rank2]:   File "/lustre/scratch126/cellgen/lotfollahi/ap55/Nonmarkovian/nonmarkovian/train.py", line 643, in _train_loop
[rank2]:     views = sample_all_views_bernoulli(
[rank2]:   File "/lustre/scratch126/cellgen/lotfollahi/ap55/Nonmarkovian/nonmarkovian/forward.py", line 147, in sample_all_views_bernoulli
[rank2]:     views.append(corrupt_sequence_bernoulli(x0, t_cont, scheduler=scheduler, generator=generator))
[rank2]:   File "/lustre/scratch126/cellgen/lotfollahi/ap55/Nonmarkovian/nonmarkovian/forward.py", line 89, in corrupt_sequence_bernoulli
[rank2]:     x_t = x_t / x_t.sum(dim=-1, keepdim=True).clamp(min=1e-8)
[rank2]: UnboundLocalError: local variable 'x_t' referenced before assignment
[rank1]: Traceback (most recent call last):
[rank1]:   File "/usr/lib/python3.10/runpy.py", line 196, in _run_module_as_main
[rank1]:     return _run_code(code, main_globals, None,
[rank1]:   File "/usr/lib/python3.10/runpy.py", line 86, in _run_code
[rank1]:     exec(code, run_globals)
[rank1]:   File "/lustre/scratch126/cellgen/lotfollahi/ap55/Nonmarkovian/nonmarkovian/train.py", line 911, in <module>
[rank1]:     main()
[rank1]:   File "/lustre/scratch126/cellgen/lotfollahi/ap55/Nonmarkovian/nonmarkovian/train.py", line 511, in main
[rank1]:     _train_loop(
[rank1]:   File "/lustre/scratch126/cellgen/lotfollahi/ap55/Nonmarkovian/nonmarkovian/train.py", line 643, in _train_loop
[rank1]:     views = sample_all_views_bernoulli(
[rank1]:   File "/lustre/scratch126/cellgen/lotfollahi/ap55/Nonmarkovian/nonmarkovian/forward.py", line 147, in sample_all_views_bernoulli
[rank1]:     views.append(corrupt_sequence_bernoulli(x0, t_cont, scheduler=scheduler, generator=generator))
[rank1]:   File "/lustre/scratch126/cellgen/lotfollahi/ap55/Nonmarkovian/nonmarkovian/forward.py", line 89, in corrupt_sequence_bernoulli
[rank1]:     x_t = x_t / x_t.sum(dim=-1, keepdim=True).clamp(min=1e-8)
[rank1]: UnboundLocalError: local variable 'x_t' referenced before assignment
[rank3]: Traceback (most recent call last):
[rank3]:   File "/usr/lib/python3.10/runpy.py", line 196, in _run_module_as_main
[rank3]:     return _run_code(code, main_globals, None,
[rank3]:   File "/usr/lib/python3.10/runpy.py", line 86, in _run_code
[rank3]:     exec(code, run_globals)
[rank3]:   File "/lustre/scratch126/cellgen/lotfollahi/ap55/Nonmarkovian/nonmarkovian/train.py", line 911, in <module>
[rank3]:     main()
[rank3]:   File "/lustre/scratch126/cellgen/lotfollahi/ap55/Nonmarkovian/nonmarkovian/train.py", line 511, in main
[rank3]:     _train_loop(
[rank3]:   File "/lustre/scratch126/cellgen/lotfollahi/ap55/Nonmarkovian/nonmarkovian/train.py", line 643, in _train_loop
[rank3]:     views = sample_all_views_bernoulli(
[rank3]:   File "/lustre/scratch126/cellgen/lotfollahi/ap55/Nonmarkovian/nonmarkovian/forward.py", line 147, in sample_all_views_bernoulli
[rank3]:     views.append(corrupt_sequence_bernoulli(x0, t_cont, scheduler=scheduler, generator=generator))
[rank3]:   File "/lustre/scratch126/cellgen/lotfollahi/ap55/Nonmarkovian/nonmarkovian/forward.py", line 89, in corrupt_sequence_bernoulli
[rank3]:     x_t = x_t / x_t.sum(dim=-1, keepdim=True).clamp(min=1e-8)
[rank3]: UnboundLocalError: local variable 'x_t' referenced before assignment
wandb: setting up run ugtezc90
wandb: Tracking run with wandb version 0.26.0
wandb: Run data is saved locally in /lustre/scratch126/cellgen/lotfollahi/ap55/Nonmarkovian/wandb/run-20260422_163309-ugtezc90
wandb: Run `wandb offline` to turn off syncing.
wandb: Syncing run simple_cnn_slm_fb
wandb: ⭐️ View project at https://wandb.ai/shariflab/nonmarkovian
wandb: 🚀 View run at https://wandb.ai/shariflab/nonmarkovian/runs/ugtezc90
W0422 16:33:24.061000 23039267472512 torch/distributed/elastic/multiprocessing/api.py:851] Sending process 3499597 closing signal SIGTERM
E0422 16:33:26.085000 23039267472512 torch/distributed/elastic/multiprocessing/api.py:826] failed (exitcode: 1) local_rank: 1 (pid: 3499598) of binary: /lustre/scratch126/cellgen/lotfollahi/ap55/Nonmarkovian/virtualenv/Python3.11.3/bin/python
Traceback (most recent call last):
  File "/lustre/scratch126/cellgen/lotfollahi/ap55/Nonmarkovian/virtualenv/Python3.11.3/bin/torchrun", line 6, in <module>
    sys.exit(main())
  File "/lustre/scratch126/cellgen/lotfollahi/ap55/Nonmarkovian/virtualenv/Python3.11.3/lib/python3.10/site-packages/torch/distributed/elastic/multiprocessing/errors/__init__.py", line 347, in wrapper
    return f(*args, **kwargs)
  File "/lustre/scratch126/cellgen/lotfollahi/ap55/Nonmarkovian/virtualenv/Python3.11.3/lib/python3.10/site-packages/torch/distributed/run.py", line 879, in main
    run(args)
  File "/lustre/scratch126/cellgen/lotfollahi/ap55/Nonmarkovian/virtualenv/Python3.11.3/lib/python3.10/site-packages/torch/distributed/run.py", line 870, in run
    elastic_launch(
  File "/lustre/scratch126/cellgen/lotfollahi/ap55/Nonmarkovian/virtualenv/Python3.11.3/lib/python3.10/site-packages/torch/distributed/launcher/api.py", line 132, in __call__
    return launch_agent(self._config, self._entrypoint, list(args))
  File "/lustre/scratch126/cellgen/lotfollahi/ap55/Nonmarkovian/virtualenv/Python3.11.3/lib/python3.10/site-packages/torch/distributed/launcher/api.py", line 263, in launch_agent
    raise ChildFailedError(
torch.distributed.elastic.multiprocessing.errors.ChildFailedError: 
============================================================
nonmarkovian.train FAILED
------------------------------------------------------------
Failures:
[1]:
  time      : 2026-04-22_16:33:24
  host      : farm-gpu0501.internal.sanger.ac.uk
  rank      : 2 (local_rank: 2)
  exitcode  : 1 (pid: 3499599)
  error_file: <N/A>
  traceback : To enable traceback see: https://pytorch.org/docs/stable/elastic/errors.html
[2]:
  time      : 2026-04-22_16:33:24
  host      : farm-gpu0501.internal.sanger.ac.uk
  rank      : 3 (local_rank: 3)
  exitcode  : 1 (pid: 3499600)
  error_file: <N/A>
  traceback : To enable traceback see: https://pytorch.org/docs/stable/elastic/errors.html
------------------------------------------------------------
Root Cause (first observed failure):
[0]:
  time      : 2026-04-22_16:33:24
  host      : farm-gpu0501.internal.sanger.ac.uk
  rank      : 1 (local_rank: 1)
  exitcode  : 1 (pid: 3499598)
  error_file: <N/A>
  traceback : To enable traceback see: https://pytorch.org/docs/stable/elastic/errors.html
============================================================
