W0505 08:16:25.521000 22378986353792 torch/distributed/run.py:757] 
W0505 08:16:25.521000 22378986353792 torch/distributed/run.py:757] *****************************************
W0505 08:16:25.521000 22378986353792 torch/distributed/run.py:757] Setting OMP_NUM_THREADS environment variable for each process to be 1 in default, to avoid your system being overloaded, please further tune the variable for optimal performance in your application as needed. 
W0505 08:16:25.521000 22378986353792 torch/distributed/run.py:757] *****************************************
[rank0]: Traceback (most recent call last):
[rank0]:   File "/usr/lib/python3.10/runpy.py", line 196, in _run_module_as_main
[rank0]:     return _run_code(code, main_globals, None,
[rank0]:   File "/usr/lib/python3.10/runpy.py", line 86, in _run_code
[rank0]:     exec(code, run_globals)
[rank0]:   File "/lustre/scratch126/cellgen/lotfollahi/ap55/Nonmarkovian/nonmarkovian/nonmark_promoter.py", line 1171, in <module>
[rank0]:     main()
[rank0]:   File "/lustre/scratch126/cellgen/lotfollahi/ap55/Nonmarkovian/nonmarkovian/nonmark_promoter.py", line 1084, in main
[rank0]:     train_ds = PromoterDatasetWrapper(data_dir, split="train",
[rank0]:   File "/lustre/scratch126/cellgen/lotfollahi/ap55/Nonmarkovian/nonmarkovian/nonmark_promoter.py", line 419, in __init__
[rank0]:     self._inner = _SLMPromoterDataset(
[rank0]:   File "/lustre/scratch126/cellgen/lotfollahi/ap55/SLM/promoter_utils/promoter_dataset.py", line 120, in __init__
[rank0]:     self.tsses = pd.read_table(config.tsses_file, sep='\t')
[rank0]:   File "/lustre/scratch126/cellgen/lotfollahi/ap55/Nonmarkovian/virtualenv/Python3.11.3/lib/python3.10/site-packages/pandas/io/parsers/readers.py", line 1405, in read_table
[rank0]:     return _read(filepath_or_buffer, kwds)
[rank0]:   File "/lustre/scratch126/cellgen/lotfollahi/ap55/Nonmarkovian/virtualenv/Python3.11.3/lib/python3.10/site-packages/pandas/io/parsers/readers.py", line 620, in _read
[rank0]:     parser = TextFileReader(filepath_or_buffer, **kwds)
[rank0]:   File "/lustre/scratch126/cellgen/lotfollahi/ap55/Nonmarkovian/virtualenv/Python3.11.3/lib/python3.10/site-packages/pandas/io/parsers/readers.py", line 1620, in __init__
[rank0]:     self._engine = self._make_engine(f, self.engine)
[rank0]:   File "/lustre/scratch126/cellgen/lotfollahi/ap55/Nonmarkovian/virtualenv/Python3.11.3/lib/python3.10/site-packages/pandas/io/parsers/readers.py", line 1880, in _make_engine
[rank0]:     self.handles = get_handle(
[rank0]:   File "/lustre/scratch126/cellgen/lotfollahi/ap55/Nonmarkovian/virtualenv/Python3.11.3/lib/python3.10/site-packages/pandas/io/common.py", line 873, in get_handle
[rank0]:     handle = open(
[rank0]: FileNotFoundError: [Errno 2] No such file or directory: 'data_promoter/promoter_design/FANTOM_CAT.lv3_robust.tss.sortedby_fantomcage.hg38.v4.tsv'
[rank2]: Traceback (most recent call last):
[rank2]:   File "/usr/lib/python3.10/runpy.py", line 196, in _run_module_as_main
[rank2]:     return _run_code(code, main_globals, None,
[rank2]:   File "/usr/lib/python3.10/runpy.py", line 86, in _run_code
[rank2]:     exec(code, run_globals)
[rank2]:   File "/lustre/scratch126/cellgen/lotfollahi/ap55/Nonmarkovian/nonmarkovian/nonmark_promoter.py", line 1171, in <module>
[rank2]:     main()
[rank2]:   File "/lustre/scratch126/cellgen/lotfollahi/ap55/Nonmarkovian/nonmarkovian/nonmark_promoter.py", line 1084, in main
[rank2]:     train_ds = PromoterDatasetWrapper(data_dir, split="train",
[rank2]:   File "/lustre/scratch126/cellgen/lotfollahi/ap55/Nonmarkovian/nonmarkovian/nonmark_promoter.py", line 419, in __init__
[rank2]:     self._inner = _SLMPromoterDataset(
[rank2]:   File "/lustre/scratch126/cellgen/lotfollahi/ap55/SLM/promoter_utils/promoter_dataset.py", line 120, in __init__
[rank2]:     self.tsses = pd.read_table(config.tsses_file, sep='\t')
[rank2]:   File "/lustre/scratch126/cellgen/lotfollahi/ap55/Nonmarkovian/virtualenv/Python3.11.3/lib/python3.10/site-packages/pandas/io/parsers/readers.py", line 1405, in read_table
[rank2]:     return _read(filepath_or_buffer, kwds)
[rank2]:   File "/lustre/scratch126/cellgen/lotfollahi/ap55/Nonmarkovian/virtualenv/Python3.11.3/lib/python3.10/site-packages/pandas/io/parsers/readers.py", line 620, in _read
[rank2]:     parser = TextFileReader(filepath_or_buffer, **kwds)
[rank2]:   File "/lustre/scratch126/cellgen/lotfollahi/ap55/Nonmarkovian/virtualenv/Python3.11.3/lib/python3.10/site-packages/pandas/io/parsers/readers.py", line 1620, in __init__
[rank2]:     self._engine = self._make_engine(f, self.engine)
[rank2]:   File "/lustre/scratch126/cellgen/lotfollahi/ap55/Nonmarkovian/virtualenv/Python3.11.3/lib/python3.10/site-packages/pandas/io/parsers/readers.py", line 1880, in _make_engine
[rank2]:     self.handles = get_handle(
[rank2]:   File "/lustre/scratch126/cellgen/lotfollahi/ap55/Nonmarkovian/virtualenv/Python3.11.3/lib/python3.10/site-packages/pandas/io/common.py", line 873, in get_handle
[rank2]:     handle = open(
[rank2]: FileNotFoundError: [Errno 2] No such file or directory: 'data_promoter/promoter_design/FANTOM_CAT.lv3_robust.tss.sortedby_fantomcage.hg38.v4.tsv'
[rank1]: Traceback (most recent call last):
[rank1]:   File "/usr/lib/python3.10/runpy.py", line 196, in _run_module_as_main
[rank1]:     return _run_code(code, main_globals, None,
[rank1]:   File "/usr/lib/python3.10/runpy.py", line 86, in _run_code
[rank1]:     exec(code, run_globals)
[rank1]:   File "/lustre/scratch126/cellgen/lotfollahi/ap55/Nonmarkovian/nonmarkovian/nonmark_promoter.py", line 1171, in <module>
[rank1]:     main()
[rank1]:   File "/lustre/scratch126/cellgen/lotfollahi/ap55/Nonmarkovian/nonmarkovian/nonmark_promoter.py", line 1084, in main
[rank1]:     train_ds = PromoterDatasetWrapper(data_dir, split="train",
[rank1]:   File "/lustre/scratch126/cellgen/lotfollahi/ap55/Nonmarkovian/nonmarkovian/nonmark_promoter.py", line 419, in __init__
[rank1]:     self._inner = _SLMPromoterDataset(
[rank1]:   File "/lustre/scratch126/cellgen/lotfollahi/ap55/SLM/promoter_utils/promoter_dataset.py", line 120, in __init__
[rank1]:     self.tsses = pd.read_table(config.tsses_file, sep='\t')
[rank1]:   File "/lustre/scratch126/cellgen/lotfollahi/ap55/Nonmarkovian/virtualenv/Python3.11.3/lib/python3.10/site-packages/pandas/io/parsers/readers.py", line 1405, in read_table
[rank1]:     return _read(filepath_or_buffer, kwds)
[rank1]:   File "/lustre/scratch126/cellgen/lotfollahi/ap55/Nonmarkovian/virtualenv/Python3.11.3/lib/python3.10/site-packages/pandas/io/parsers/readers.py", line 620, in _read
[rank1]:     parser = TextFileReader(filepath_or_buffer, **kwds)
[rank1]:   File "/lustre/scratch126/cellgen/lotfollahi/ap55/Nonmarkovian/virtualenv/Python3.11.3/lib/python3.10/site-packages/pandas/io/parsers/readers.py", line 1620, in __init__
[rank1]:     self._engine = self._make_engine(f, self.engine)
[rank1]:   File "/lustre/scratch126/cellgen/lotfollahi/ap55/Nonmarkovian/virtualenv/Python3.11.3/lib/python3.10/site-packages/pandas/io/parsers/readers.py", line 1880, in _make_engine
[rank1]:     self.handles = get_handle(
[rank1]:   File "/lustre/scratch126/cellgen/lotfollahi/ap55/Nonmarkovian/virtualenv/Python3.11.3/lib/python3.10/site-packages/pandas/io/common.py", line 873, in get_handle
[rank1]:     handle = open(
[rank1]: FileNotFoundError: [Errno 2] No such file or directory: 'data_promoter/promoter_design/FANTOM_CAT.lv3_robust.tss.sortedby_fantomcage.hg38.v4.tsv'
[rank3]: Traceback (most recent call last):
[rank3]:   File "/usr/lib/python3.10/runpy.py", line 196, in _run_module_as_main
[rank3]:     return _run_code(code, main_globals, None,
[rank3]:   File "/usr/lib/python3.10/runpy.py", line 86, in _run_code
[rank3]:     exec(code, run_globals)
[rank3]:   File "/lustre/scratch126/cellgen/lotfollahi/ap55/Nonmarkovian/nonmarkovian/nonmark_promoter.py", line 1171, in <module>
[rank3]:     main()
[rank3]:   File "/lustre/scratch126/cellgen/lotfollahi/ap55/Nonmarkovian/nonmarkovian/nonmark_promoter.py", line 1084, in main
[rank3]:     train_ds = PromoterDatasetWrapper(data_dir, split="train",
[rank3]:   File "/lustre/scratch126/cellgen/lotfollahi/ap55/Nonmarkovian/nonmarkovian/nonmark_promoter.py", line 419, in __init__
[rank3]:     self._inner = _SLMPromoterDataset(
[rank3]:   File "/lustre/scratch126/cellgen/lotfollahi/ap55/SLM/promoter_utils/promoter_dataset.py", line 120, in __init__
[rank3]:     self.tsses = pd.read_table(config.tsses_file, sep='\t')
[rank3]:   File "/lustre/scratch126/cellgen/lotfollahi/ap55/Nonmarkovian/virtualenv/Python3.11.3/lib/python3.10/site-packages/pandas/io/parsers/readers.py", line 1405, in read_table
[rank3]:     return _read(filepath_or_buffer, kwds)
[rank3]:   File "/lustre/scratch126/cellgen/lotfollahi/ap55/Nonmarkovian/virtualenv/Python3.11.3/lib/python3.10/site-packages/pandas/io/parsers/readers.py", line 620, in _read
[rank3]:     parser = TextFileReader(filepath_or_buffer, **kwds)
[rank3]:   File "/lustre/scratch126/cellgen/lotfollahi/ap55/Nonmarkovian/virtualenv/Python3.11.3/lib/python3.10/site-packages/pandas/io/parsers/readers.py", line 1620, in __init__
[rank3]:     self._engine = self._make_engine(f, self.engine)
[rank3]:   File "/lustre/scratch126/cellgen/lotfollahi/ap55/Nonmarkovian/virtualenv/Python3.11.3/lib/python3.10/site-packages/pandas/io/parsers/readers.py", line 1880, in _make_engine
[rank3]:     self.handles = get_handle(
[rank3]:   File "/lustre/scratch126/cellgen/lotfollahi/ap55/Nonmarkovian/virtualenv/Python3.11.3/lib/python3.10/site-packages/pandas/io/common.py", line 873, in get_handle
[rank3]:     handle = open(
[rank3]: FileNotFoundError: [Errno 2] No such file or directory: 'data_promoter/promoter_design/FANTOM_CAT.lv3_robust.tss.sortedby_fantomcage.hg38.v4.tsv'
E0505 08:17:20.882000 22378986353792 torch/distributed/elastic/multiprocessing/api.py:826] failed (exitcode: 1) local_rank: 0 (pid: 769002) of binary: /lustre/scratch126/cellgen/lotfollahi/ap55/Nonmarkovian/virtualenv/Python3.11.3/bin/python
Traceback (most recent call last):
  File "/lustre/scratch126/cellgen/lotfollahi/ap55/Nonmarkovian/virtualenv/Python3.11.3/bin/torchrun", line 6, in <module>
    sys.exit(main())
  File "/lustre/scratch126/cellgen/lotfollahi/ap55/Nonmarkovian/virtualenv/Python3.11.3/lib/python3.10/site-packages/torch/distributed/elastic/multiprocessing/errors/__init__.py", line 347, in wrapper
    return f(*args, **kwargs)
  File "/lustre/scratch126/cellgen/lotfollahi/ap55/Nonmarkovian/virtualenv/Python3.11.3/lib/python3.10/site-packages/torch/distributed/run.py", line 879, in main
    run(args)
  File "/lustre/scratch126/cellgen/lotfollahi/ap55/Nonmarkovian/virtualenv/Python3.11.3/lib/python3.10/site-packages/torch/distributed/run.py", line 870, in run
    elastic_launch(
  File "/lustre/scratch126/cellgen/lotfollahi/ap55/Nonmarkovian/virtualenv/Python3.11.3/lib/python3.10/site-packages/torch/distributed/launcher/api.py", line 132, in __call__
    return launch_agent(self._config, self._entrypoint, list(args))
  File "/lustre/scratch126/cellgen/lotfollahi/ap55/Nonmarkovian/virtualenv/Python3.11.3/lib/python3.10/site-packages/torch/distributed/launcher/api.py", line 263, in launch_agent
    raise ChildFailedError(
torch.distributed.elastic.multiprocessing.errors.ChildFailedError: 
============================================================
nonmarkovian.nonmark_promoter FAILED
------------------------------------------------------------
Failures:
[1]:
  time      : 2026-05-05_08:17:20
  host      : farm-gpu0510.internal.sanger.ac.uk
  rank      : 1 (local_rank: 1)
  exitcode  : 1 (pid: 769003)
  error_file: <N/A>
  traceback : To enable traceback see: https://pytorch.org/docs/stable/elastic/errors.html
[2]:
  time      : 2026-05-05_08:17:20
  host      : farm-gpu0510.internal.sanger.ac.uk
  rank      : 2 (local_rank: 2)
  exitcode  : 1 (pid: 769004)
  error_file: <N/A>
  traceback : To enable traceback see: https://pytorch.org/docs/stable/elastic/errors.html
[3]:
  time      : 2026-05-05_08:17:20
  host      : farm-gpu0510.internal.sanger.ac.uk
  rank      : 3 (local_rank: 3)
  exitcode  : 1 (pid: 769005)
  error_file: <N/A>
  traceback : To enable traceback see: https://pytorch.org/docs/stable/elastic/errors.html
------------------------------------------------------------
Root Cause (first observed failure):
[0]:
  time      : 2026-05-05_08:17:20
  host      : farm-gpu0510.internal.sanger.ac.uk
  rank      : 0 (local_rank: 0)
  exitcode  : 1 (pid: 769002)
  error_file: <N/A>
  traceback : To enable traceback see: https://pytorch.org/docs/stable/elastic/errors.html
============================================================
