W0715 09:20:04.462000 22591095575680 torch/distributed/run.py:757] 
W0715 09:20:04.462000 22591095575680 torch/distributed/run.py:757] *****************************************
W0715 09:20:04.462000 22591095575680 torch/distributed/run.py:757] Setting OMP_NUM_THREADS environment variable for each process to be 1 in default, to avoid your system being overloaded, please further tune the variable for optimal performance in your application as needed. 
W0715 09:20:04.462000 22591095575680 torch/distributed/run.py:757] *****************************************
/lustre/scratch126/cellgen/lotfollahi/ap55/Nonmarkovian/nonmarkovian/train_simple_mdlm.py:430: UserWarning: FBCNN checkpoint has 20 conv layers but CNNModel(num_cnn_stacks=1) has 5. Uninitialized layers make FBD meaningless (often ~0 for random vs real). Use --fbcnn_stacks 4 if the checkpoint uses stacks of 5 convs each.
  fbcnn = load_fbcnn_classifier(
/lustre/scratch126/cellgen/lotfollahi/ap55/Nonmarkovian/nonmarkovian/fbcnn.py:240: UserWarning: FBCNN load_state_dict incomplete: missing=0 unexpected=90 (first missing: [], first unexpected: ['convs.5.weight', 'convs.5.bias', 'convs.6.weight', 'convs.6.bias', 'convs.7.weight'])
  warnings.warn(
wandb: [wandb.login()] Loaded credentials for https://api.wandb.ai from /nfs/users/nfs_a/ap55/.netrc.
wandb: Currently logged in as: arian-yazdan2001 (shariflab) to https://api.wandb.ai. Use `wandb login --relogin` to force relogin
wandb: setting up run vlmas99r
wandb: Tracking run with wandb version 0.26.0
wandb: Run data is saved locally in /lustre/scratch126/cellgen/lotfollahi/ap55/Nonmarkovian/wandb/run-20260715_092022-vlmas99r
wandb: Run `wandb offline` to turn off syncing.
wandb: Syncing run simple_mdlm_mel
wandb: ⭐️ View project at https://wandb.ai/shariflab/nonmarkovian
wandb: 🚀 View run at https://wandb.ai/shariflab/nonmarkovian/runs/vlmas99r
[rank3]:[W reducer.cpp:1389] Warning: find_unused_parameters=True was specified in DDP constructor, but did not find any unused parameters in the forward pass. This flag results in an extra traversal of the autograd graph every iteration,  which can adversely affect performance. If your model indeed never has any unused parameters in the forward pass, consider turning this flag off. Note that this warning may be a false positive if your model has flow control causing later iterations to have unused parameters. (function operator())
[rank2]:[W reducer.cpp:1389] Warning: find_unused_parameters=True was specified in DDP constructor, but did not find any unused parameters in the forward pass. This flag results in an extra traversal of the autograd graph every iteration,  which can adversely affect performance. If your model indeed never has any unused parameters in the forward pass, consider turning this flag off. Note that this warning may be a false positive if your model has flow control causing later iterations to have unused parameters. (function operator())
[rank1]:[W reducer.cpp:1389] Warning: find_unused_parameters=True was specified in DDP constructor, but did not find any unused parameters in the forward pass. This flag results in an extra traversal of the autograd graph every iteration,  which can adversely affect performance. If your model indeed never has any unused parameters in the forward pass, consider turning this flag off. Note that this warning may be a false positive if your model has flow control causing later iterations to have unused parameters. (function operator())
[rank0]:[W reducer.cpp:1389] Warning: find_unused_parameters=True was specified in DDP constructor, but did not find any unused parameters in the forward pass. This flag results in an extra traversal of the autograd graph every iteration,  which can adversely affect performance. If your model indeed never has any unused parameters in the forward pass, consider turning this flag off. Note that this warning may be a false positive if your model has flow control causing later iterations to have unused parameters. (function operator())
wandb: updating run metadata
wandb: uploading output.log; uploading wandb-summary.json; uploading config.yaml
wandb: uploading history steps 442938-443200, summary, console lines 18859-18946
wandb: 
wandb: Run history:
wandb:                            epoch ▁▁▁▂▂▂▂▂▂▃▃▃▃▃▄▄▄▄▄▅▅▅▆▆▆▆▆▆▆▇▇▇▇▇▇█████
wandb:           model/total_parameters ▁
wandb: model/trainable_model_parameters ▁
wandb:       model/trainable_parameters ▁
wandb:     test/fbd_random_dna_baseline ▁
wandb:                  train/batch_idx ▇▅▄▁▆▄█▇▂▇█▇▅▂▆▂▆▆▃▇▃▇▇▂▅▄▇▇▄▃▄▆█▆▄▄█▁▅▇
wandb:                 train/batch_size ▁▁▁▁▁▁▁▁▁▁▁▁▁▁▁▁▁▁▁▁▁▁▁▁▁▁▁▁▁▁▁▁▁▁▁▁▁▁▁▁
wandb:          train/batches_per_epoch ▁▁▁▁▁▁▁▁▁▁▁▁▁▁▁▁▁▁▁▁▁▁▁▁▁▁▁▁▁▁▁▁▁▁▁▁▁▁▁▁
wandb:                  train/diff_loss ▄▅▄▅▇▃█▄▆▇█▃▆▁▅▆▇▄▇▆▄█▅▃▂▄█▇▁▇▂▅▁▅▃▅█▇▄▇
wandb:             train/epoch_loss_avg █▇▆▅▆▅▅▅▄▄▃▄▄▄▃▄▃▄▄▄▃▃▃▃▄▃▂▃▃▂▂▃▃▂▂▂▁▁▂▂
wandb:                              +19 ...
wandb: 
wandb: Run summary:
wandb:      checkpoint_best_fbd 31.82712
wandb: checkpoint_best_fbd_path /lustre/scratch126/c...
wandb:     checkpoint_best_path /lustre/scratch126/c...
wandb: checkpoint_best_val_loss 1.25559
wandb:          checkpoint_path /lustre/scratch126/c...
wandb:         cuda_device_name NVIDIA H200
wandb:              cuda_usable True
wandb:             dataset_size 70892
wandb:                   device cuda:0
wandb:              distributed True
wandb:                      +35 ...
wandb: 
wandb: 🚀 View run simple_mdlm_mel at: https://wandb.ai/shariflab/nonmarkovian/runs/vlmas99r
wandb: ⭐️ View project at: https://wandb.ai/shariflab/nonmarkovian
wandb: Synced 5 W&B file(s), 0 media file(s), 0 artifact file(s) and 0 other file(s)
wandb: Find logs at: ./wandb/run-20260715_092022-vlmas99r/logs
