W0415 17:00:36.444000 4108764 torch/distributed/run.py:792] 
W0415 17:00:36.444000 4108764 torch/distributed/run.py:792] *****************************************
W0415 17:00:36.444000 4108764 torch/distributed/run.py:792] Setting OMP_NUM_THREADS environment variable for each process to be 1 in default, to avoid your system being overloaded, please further tune the variable for optimal performance in your application as needed. 
W0415 17:00:36.444000 4108764 torch/distributed/run.py:792] *****************************************
usage: train.py [-h] [--dfm_enhancer DFM_ENHANCER] [--dfm_melanoma]
                [--max_len MAX_LEN] [--batch_size BATCH_SIZE]
                [--epochs EPOCHS] [--lr LR] [--num_timesteps NUM_TIMESTEPS]
                [--router_topk ROUTER_TOPK] [--router_k ROUTER_K]
                [--router_tau ROUTER_TAU]
                [--router_lambda_bal ROUTER_LAMBDA_BAL] [--d_model D_MODEL]
                [--nhead NHEAD] [--dec_layers DEC_LAYERS] [--dim_ff DIM_FF]
                [--cond_dim COND_DIM] [--time_freq_dim TIME_FREQ_DIM]
                [--dropout DROPOUT] [--num_classes NUM_CLASSES]
                [--aux_beta AUX_BETA] [--device DEVICE] [--save SAVE]
                [--seed SEED] [--wandb] [--no-wandb]
                [--wandb_project WANDB_PROJECT]
                [--wandb_run_name WANDB_RUN_NAME]
                [--val_batch_size VAL_BATCH_SIZE]
                [--val_gen_batch VAL_GEN_BATCH] [--fbcnn_ckpt FBCNN_CKPT]
                [--fbcnn_num_cls FBCNN_NUM_CLS] [--fbcnn_stacks FBCNN_STACKS]
                [--log_timing]
usage: train.py [-h] [--dfm_enhancer DFM_ENHANCER] [--dfm_melanoma]
                [--max_len MAX_LEN] [--batch_size BATCH_SIZE]
                [--epochs EPOCHS] [--lr LR] [--num_timesteps NUM_TIMESTEPS]
                [--router_topk ROUTER_TOPK] [--router_k ROUTER_K]
                [--router_tau ROUTER_TAU]
                [--router_lambda_bal ROUTER_LAMBDA_BAL] [--d_model D_MODEL]
                [--nhead NHEAD] [--dec_layers DEC_LAYERS] [--dim_ff DIM_FF]
                [--cond_dim COND_DIM] [--time_freq_dim TIME_FREQ_DIM]
                [--dropout DROPOUT] [--num_classes NUM_CLASSES]
                [--aux_beta AUX_BETA] [--device DEVICE] [--save SAVE]
                [--seed SEED] [--wandb] [--no-wandb]
                [--wandb_project WANDB_PROJECT]
                [--wandb_run_name WANDB_RUN_NAME]
                [--val_batch_size VAL_BATCH_SIZE]
                [--val_gen_batch VAL_GEN_BATCH] [--fbcnn_ckpt FBCNN_CKPT]
                [--fbcnn_num_cls FBCNN_NUM_CLS] [--fbcnn_stacks FBCNN_STACKS]
                [--log_timing]
usage: train.py [-h] [--dfm_enhancer DFM_ENHANCER] [--dfm_melanoma]
                [--max_len MAX_LEN] [--batch_size BATCH_SIZE]
                [--epochs EPOCHS] [--lr LR] [--num_timesteps NUM_TIMESTEPS]
                [--router_topk ROUTER_TOPK] [--router_k ROUTER_K]
                [--router_tau ROUTER_TAU]
                [--router_lambda_bal ROUTER_LAMBDA_BAL] [--d_model D_MODEL]
                [--nhead NHEAD] [--dec_layers DEC_LAYERS] [--dim_ff DIM_FF]
                [--cond_dim COND_DIM] [--time_freq_dim TIME_FREQ_DIM]
                [--dropout DROPOUT] [--num_classes NUM_CLASSES]
                [--aux_beta AUX_BETA] [--device DEVICE] [--save SAVE]
                [--seed SEED] [--wandb] [--no-wandb]
                [--wandb_project WANDB_PROJECT]
                [--wandb_run_name WANDB_RUN_NAME]
                [--val_batch_size VAL_BATCH_SIZE]
                [--val_gen_batch VAL_GEN_BATCH] [--fbcnn_ckpt FBCNN_CKPT]
                [--fbcnn_num_cls FBCNN_NUM_CLS] [--fbcnn_stacks FBCNN_STACKS]
                [--log_timing]
train.py: error: unrecognized arguments: --val_fbd_n 500
train.py: error: unrecognized arguments: --val_fbd_n 500
train.py: error: unrecognized arguments: --val_fbd_n 500
usage: train.py [-h] [--dfm_enhancer DFM_ENHANCER] [--dfm_melanoma]
                [--max_len MAX_LEN] [--batch_size BATCH_SIZE]
                [--epochs EPOCHS] [--lr LR] [--num_timesteps NUM_TIMESTEPS]
                [--router_topk ROUTER_TOPK] [--router_k ROUTER_K]
                [--router_tau ROUTER_TAU]
                [--router_lambda_bal ROUTER_LAMBDA_BAL] [--d_model D_MODEL]
                [--nhead NHEAD] [--dec_layers DEC_LAYERS] [--dim_ff DIM_FF]
                [--cond_dim COND_DIM] [--time_freq_dim TIME_FREQ_DIM]
                [--dropout DROPOUT] [--num_classes NUM_CLASSES]
                [--aux_beta AUX_BETA] [--device DEVICE] [--save SAVE]
                [--seed SEED] [--wandb] [--no-wandb]
                [--wandb_project WANDB_PROJECT]
                [--wandb_run_name WANDB_RUN_NAME]
                [--val_batch_size VAL_BATCH_SIZE]
                [--val_gen_batch VAL_GEN_BATCH] [--fbcnn_ckpt FBCNN_CKPT]
                [--fbcnn_num_cls FBCNN_NUM_CLS] [--fbcnn_stacks FBCNN_STACKS]
                [--log_timing]
train.py: error: unrecognized arguments: --val_fbd_n 500
E0415 17:00:52.443000 4108764 torch/distributed/elastic/multiprocessing/api.py:869] failed (exitcode: 2) local_rank: 0 (pid: 4108883) of binary: /lustre/scratch126/cellgen/lotfollahi/ap55/Nonmarkovian/virtualenv/Python3.11.3/bin/python
Traceback (most recent call last):
  File "/lustre/scratch126/cellgen/lotfollahi/ap55/Nonmarkovian/virtualenv/Python3.11.3/bin/torchrun", line 6, in <module>
    sys.exit(main())
  File "/lustre/scratch126/cellgen/lotfollahi/ap55/Nonmarkovian/virtualenv/Python3.11.3/lib/python3.10/site-packages/torch/distributed/elastic/multiprocessing/errors/__init__.py", line 355, in wrapper
    return f(*args, **kwargs)
  File "/lustre/scratch126/cellgen/lotfollahi/ap55/Nonmarkovian/virtualenv/Python3.11.3/lib/python3.10/site-packages/torch/distributed/run.py", line 918, in main
    run(args)
  File "/lustre/scratch126/cellgen/lotfollahi/ap55/Nonmarkovian/virtualenv/Python3.11.3/lib/python3.10/site-packages/torch/distributed/run.py", line 909, in run
    elastic_launch(
  File "/lustre/scratch126/cellgen/lotfollahi/ap55/Nonmarkovian/virtualenv/Python3.11.3/lib/python3.10/site-packages/torch/distributed/launcher/api.py", line 138, in __call__
    return launch_agent(self._config, self._entrypoint, list(args))
  File "/lustre/scratch126/cellgen/lotfollahi/ap55/Nonmarkovian/virtualenv/Python3.11.3/lib/python3.10/site-packages/torch/distributed/launcher/api.py", line 269, in launch_agent
    raise ChildFailedError(
torch.distributed.elastic.multiprocessing.errors.ChildFailedError: 
============================================================
nonmarkovian.train FAILED
------------------------------------------------------------
Failures:
[1]:
  time      : 2026-04-15_17:00:52
  host      : farm-gpu0509.internal.sanger.ac.uk
  rank      : 1 (local_rank: 1)
  exitcode  : 2 (pid: 4108884)
  error_file: <N/A>
  traceback : To enable traceback see: https://pytorch.org/docs/stable/elastic/errors.html
[2]:
  time      : 2026-04-15_17:00:52
  host      : farm-gpu0509.internal.sanger.ac.uk
  rank      : 2 (local_rank: 2)
  exitcode  : 2 (pid: 4108885)
  error_file: <N/A>
  traceback : To enable traceback see: https://pytorch.org/docs/stable/elastic/errors.html
[3]:
  time      : 2026-04-15_17:00:52
  host      : farm-gpu0509.internal.sanger.ac.uk
  rank      : 3 (local_rank: 3)
  exitcode  : 2 (pid: 4108886)
  error_file: <N/A>
  traceback : To enable traceback see: https://pytorch.org/docs/stable/elastic/errors.html
------------------------------------------------------------
Root Cause (first observed failure):
[0]:
  time      : 2026-04-15_17:00:52
  host      : farm-gpu0509.internal.sanger.ac.uk
  rank      : 0 (local_rank: 0)
  exitcode  : 2 (pid: 4108883)
  error_file: <N/A>
  traceback : To enable traceback see: https://pytorch.org/docs/stable/elastic/errors.html
============================================================
