W0506 12:51:40.400000 23054581531776 torch/distributed/run.py:757] 
W0506 12:51:40.400000 23054581531776 torch/distributed/run.py:757] *****************************************
W0506 12:51:40.400000 23054581531776 torch/distributed/run.py:757] Setting OMP_NUM_THREADS environment variable for each process to be 1 in default, to avoid your system being overloaded, please further tune the variable for optimal performance in your application as needed. 
W0506 12:51:40.400000 23054581531776 torch/distributed/run.py:757] *****************************************
wandb: [wandb.login()] Loaded credentials for https://api.wandb.ai from /nfs/users/nfs_a/ap55/.netrc.
wandb: Currently logged in as: arian-yazdan2001 (shariflab) to https://api.wandb.ai. Use `wandb login --relogin` to force relogin
wandb: setting up run c0ttz0tj
wandb: Tracking run with wandb version 0.26.0
wandb: Run data is saved locally in /lustre/scratch126/cellgen/lotfollahi/ap55/Nonmarkovian/wandb/run-20260506_125201-c0ttz0tj
wandb: Run `wandb offline` to turn off syncing.
wandb: Syncing run simple_cnn_slm_fb
wandb: ⭐️ View project at https://wandb.ai/shariflab/nonmarkovian
wandb: 🚀 View run at https://wandb.ai/shariflab/nonmarkovian/runs/c0ttz0tj
wandb: updating run metadata
wandb: uploading output.log; uploading wandb-summary.json; uploading config.yaml
wandb: uploading history steps 443200-443200, summary, console lines 4496-4508
wandb: 
wandb: Run history:
wandb:                            epoch ▁▁▁▂▂▂▂▂▂▂▃▃▃▃▃▃▄▄▄▄▄▅▅▅▅▅▅▅▅▅▅▆▆▆▇▇▇███
wandb:           model/total_parameters ▁
wandb: model/trainable_model_parameters ▁
wandb:       model/trainable_parameters ▁
wandb:                  train/batch_idx █▃▄▅▇▂▆▆▂█▄▂▁▆▃▁▂█▇▁▄▁▇▄▆▃▅█▆▅▄▄▂█▂▁▆▂▂█
wandb:                 train/batch_size ▁▁▁▁▁▁▁▁▁▁▁▁▁▁▁▁▁▁▁▁▁▁▁▁▁▁▁▁▁▁▁▁▁▁▁▁▁▁▁▁
wandb:          train/batches_per_epoch ▁▁▁▁▁▁▁▁▁▁▁▁▁▁▁▁▁▁▁▁▁▁▁▁▁▁▁▁▁▁▁▁▁▁▁▁▁▁▁▁
wandb:                  train/diff_loss ▄▆▁▄▂▄▄▃▃▅▃▇▄▂▄▃▃▇▄▇▆▅▂█▁▄▁▃▅▆▁▃▆▅▁█▁▆▇▃
wandb:             train/epoch_loss_avg ▃█▆▅▄▆▄▃█▂▆▂▄▅▄▃▁▅▅▂▇▄▅▆▂▇█▁▂▅█▂▆█▇▅▃▄▄▂
wandb: train/epoch_time_ms_backward_avg ▁▁▁▁▁▆▆▆▆▆▇▆▆▆▆▆▆▆▆▇▆▆▆██▇▇▆▆▆▆▆▆▆▆▆▆▁▁█
wandb:                              +37 ...
wandb: 
wandb: Run summary:
wandb:                 checkpoint_best_fbd 37.3213
wandb:            checkpoint_best_fbd_path /lustre/scratch126/c...
wandb:                checkpoint_best_path /lustre/scratch126/c...
wandb:            checkpoint_best_val_loss 0.91076
wandb: checkpoint_best_val_loss_no_history 0.921
wandb:                     checkpoint_path /lustre/scratch126/c...
wandb:                    cuda_device_name NVIDIA H200
wandb:                         cuda_usable True
wandb:                        dataset_size 70892
wandb:                              device cuda:0
wandb:                                 +53 ...
wandb: 
wandb: 🚀 View run simple_cnn_slm_fb at: https://wandb.ai/shariflab/nonmarkovian/runs/c0ttz0tj
wandb: ⭐️ View project at: https://wandb.ai/shariflab/nonmarkovian
wandb: Synced 5 W&B file(s), 0 media file(s), 0 artifact file(s) and 0 other file(s)
wandb: Find logs at: ./wandb/run-20260506_125201-c0ttz0tj/logs
