W0427 13:52:49.516000 22518533186688 torch/distributed/run.py:757] 
W0427 13:52:49.516000 22518533186688 torch/distributed/run.py:757] *****************************************
W0427 13:52:49.516000 22518533186688 torch/distributed/run.py:757] Setting OMP_NUM_THREADS environment variable for each process to be 1 in default, to avoid your system being overloaded, please further tune the variable for optimal performance in your application as needed. 
W0427 13:52:49.516000 22518533186688 torch/distributed/run.py:757] *****************************************
Traceback (most recent call last):
  File "/usr/lib/python3.10/runpy.py", line 187, in _run_module_as_main
    mod_name, mod_spec, code = _get_module_details(mod_name, _Error)
  File "/usr/lib/python3.10/runpy.py", line 157, in _get_module_details
    code = loader.get_code(mod_name)Traceback (most recent call last):

  File "/usr/lib/python3.10/runpy.py", line 187, in _run_module_as_main
  File "<frozen importlib._bootstrap_external>", line 1017, in get_code
  File "<frozen importlib._bootstrap_external>", line 947, in source_to_code
  File "<frozen importlib._bootstrap>", line 241, in _call_with_frames_removed
    mod_name, mod_spec, code = _get_module_details(mod_name, _Error)
  File "/usr/lib/python3.10/runpy.py", line 157, in _get_module_details
  File "/lustre/scratch126/cellgen/lotfollahi/ap55/Nonmarkovian/nonmarkovian/train.py", line 556
    aux_head: ActivityAuxHead | torch.nn.Module | None,
    ^^    ^code = loader.get_code(mod_name)^
^  File "<frozen importlib._bootstrap_external>", line 1017, in get_code
^^^
SyntaxError: invalid syntax  File "<frozen importlib._bootstrap_external>", line 947, in source_to_code

  File "<frozen importlib._bootstrap>", line 241, in _call_with_frames_removed
  File "/lustre/scratch126/cellgen/lotfollahi/ap55/Nonmarkovian/nonmarkovian/train.py", line 556
    aux_head: ActivityAuxHead | torch.nn.Module | None,
    ^^^^^^^^
SyntaxError: invalid syntax
E0427 13:52:54.828000 22518533186688 torch/distributed/elastic/multiprocessing/api.py:826] failed (exitcode: 1) local_rank: 0 (pid: 486467) of binary: /lustre/scratch126/cellgen/lotfollahi/ap55/Nonmarkovian/virtualenv/Python3.11.3/bin/python
Traceback (most recent call last):
  File "/lustre/scratch126/cellgen/lotfollahi/ap55/Nonmarkovian/virtualenv/Python3.11.3/bin/torchrun", line 6, in <module>
    sys.exit(main())
  File "/lustre/scratch126/cellgen/lotfollahi/ap55/Nonmarkovian/virtualenv/Python3.11.3/lib/python3.10/site-packages/torch/distributed/elastic/multiprocessing/errors/__init__.py", line 347, in wrapper
    return f(*args, **kwargs)
  File "/lustre/scratch126/cellgen/lotfollahi/ap55/Nonmarkovian/virtualenv/Python3.11.3/lib/python3.10/site-packages/torch/distributed/run.py", line 879, in main
    run(args)
  File "/lustre/scratch126/cellgen/lotfollahi/ap55/Nonmarkovian/virtualenv/Python3.11.3/lib/python3.10/site-packages/torch/distributed/run.py", line 870, in run
    elastic_launch(
  File "/lustre/scratch126/cellgen/lotfollahi/ap55/Nonmarkovian/virtualenv/Python3.11.3/lib/python3.10/site-packages/torch/distributed/launcher/api.py", line 132, in __call__
    return launch_agent(self._config, self._entrypoint, list(args))
  File "/lustre/scratch126/cellgen/lotfollahi/ap55/Nonmarkovian/virtualenv/Python3.11.3/lib/python3.10/site-packages/torch/distributed/launcher/api.py", line 263, in launch_agent
    raise ChildFailedError(
torch.distributed.elastic.multiprocessing.errors.ChildFailedError: 
============================================================
nonmarkovian.train FAILED
------------------------------------------------------------
Failures:
[1]:
  time      : 2026-04-27_13:52:54
  host      : farm-gpu0503.internal.sanger.ac.uk
  rank      : 1 (local_rank: 1)
  exitcode  : 1 (pid: 486468)
  error_file: <N/A>
  traceback : To enable traceback see: https://pytorch.org/docs/stable/elastic/errors.html
------------------------------------------------------------
Root Cause (first observed failure):
[0]:
  time      : 2026-04-27_13:52:54
  host      : farm-gpu0503.internal.sanger.ac.uk
  rank      : 0 (local_rank: 0)
  exitcode  : 1 (pid: 486467)
  error_file: <N/A>
  traceback : To enable traceback see: https://pytorch.org/docs/stable/elastic/errors.html
============================================================
