W0713 13:29:51.062000 23444603995264 torch/distributed/run.py:757] 
W0713 13:29:51.062000 23444603995264 torch/distributed/run.py:757] *****************************************
W0713 13:29:51.062000 23444603995264 torch/distributed/run.py:757] Setting OMP_NUM_THREADS environment variable for each process to be 1 in default, to avoid your system being overloaded, please further tune the variable for optimal performance in your application as needed. 
W0713 13:29:51.062000 23444603995264 torch/distributed/run.py:757] *****************************************
wandb: [wandb.login()] Loaded credentials for https://api.wandb.ai from /nfs/users/nfs_a/ap55/.netrc.
wandb: Currently logged in as: arian-yazdan2001 (shariflab) to https://api.wandb.ai. Use `wandb login --relogin` to force relogin
wandb: setting up run xklnycwl
wandb: Tracking run with wandb version 0.26.0
wandb: Run data is saved locally in /lustre/scratch126/cellgen/lotfollahi/ap55/Nonmarkovian/wandb/run-20260713_133014-xklnycwl
wandb: Run `wandb offline` to turn off syncing.
wandb: Syncing run clear-sun-8
wandb: ⭐️ View project at https://wandb.ai/shariflab/nonmarkovian-protein
wandb: 🚀 View run at https://wandb.ai/shariflab/nonmarkovian-protein/runs/xklnycwl
[rank3]:[W reducer.cpp:1389] Warning: find_unused_parameters=True was specified in DDP constructor, but did not find any unused parameters in the forward pass. This flag results in an extra traversal of the autograd graph every iteration,  which can adversely affect performance. If your model indeed never has any unused parameters in the forward pass, consider turning this flag off. Note that this warning may be a false positive if your model has flow control causing later iterations to have unused parameters. (function operator())
[rank1]:[W reducer.cpp:1389] Warning: find_unused_parameters=True was specified in DDP constructor, but did not find any unused parameters in the forward pass. This flag results in an extra traversal of the autograd graph every iteration,  which can adversely affect performance. If your model indeed never has any unused parameters in the forward pass, consider turning this flag off. Note that this warning may be a false positive if your model has flow control causing later iterations to have unused parameters. (function operator())
[rank2]:[W reducer.cpp:1389] Warning: find_unused_parameters=True was specified in DDP constructor, but did not find any unused parameters in the forward pass. This flag results in an extra traversal of the autograd graph every iteration,  which can adversely affect performance. If your model indeed never has any unused parameters in the forward pass, consider turning this flag off. Note that this warning may be a false positive if your model has flow control causing later iterations to have unused parameters. (function operator())
[rank0]:[W reducer.cpp:1389] Warning: find_unused_parameters=True was specified in DDP constructor, but did not find any unused parameters in the forward pass. This flag results in an extra traversal of the autograd graph every iteration,  which can adversely affect performance. If your model indeed never has any unused parameters in the forward pass, consider turning this flag off. Note that this warning may be a false positive if your model has flow control causing later iterations to have unused parameters. (function operator())
wandb: uploading output.log; uploading config.yaml
wandb: uploading history steps 199919-199999, summary, console lines 3999-4004
wandb: 
wandb: Run history:
wandb:                         epoch ▁▁▁▁▁▁▁▁▁▁▁▁▁▁▁▁▁▁▁▁▁▁▁▁▁▁▁▁▁▁▁▁▁▁▁▁▁▁▁▁
wandb:               train/batch_idx ▁▁▁▁▁▂▂▂▂▂▃▃▃▃▃▃▄▄▄▄▄▄▅▅▅▅▅▅▆▆▇▇▇▇▇▇████
wandb:              train/batch_size ▁▁▁▁▁▁▁▁▁▁▁▁▁▁▁▁▁▁▁▁▁▁▁▁▁▁▁▁▁▁▁▁▁▁▁▁▁▁▁▁
wandb:       train/batches_per_epoch ▁▁▁▁▁▁▁▁▁▁▁▁▁▁▁▁▁▁▁▁▁▁▁▁▁▁▁▁▁▁▁▁▁▁▁▁▁▁▁▁
wandb:               train/diff_loss ▂▁▁▁▆▁▁▃▁▂▃▁▄█▁▃▁▄▁▁▂▄▁▅▁▃▄▁▁▂▁▁▁▅▁▆▁▁▁▇
wandb:         train/grad_norm_model █▂▂▃▅▁▃▁▃▁▂▂▁▁▁▂▁▁▂▁▂▂▂▁▂▁▃▄▁▂▁▁▃▂▃▁▂▁▁▅
wandb:           train/learning_rate ▁▁▁▁▁▁▁▁▁▁▁▁▁▁▁▁▁▁▁▁▁▁▁▁▁▁▁▁▁▁▁▁▁▁▁▁▁▁▁▁
wandb:                    train/loss ▂▄▂▁▁▂▆▁▁▁▄▄▁▁▇▁▁▁▁█▁▁▅██▁▃▁▁▁▂▁▁▂▇▁▆▁▃▁
wandb:              train/num_tokens ▇▃▇▇█▃▃▅▃▁▆▆▂▃▂▄▅▅▅▄▆▅▄▄█▃▄▄▅▃▅▃▃▅▃▄▁▅▃▃
wandb: train/router_argmax_abs_t_max ██▅▃▂▁█▅█▅▆▃█▅▂█▆▅▇▂▆▆▄▄▄▅▂▆▄▅▇█▆▃▁▂▆▅▇▅
wandb:                           +19 ...
wandb: 
wandb: Run summary:
wandb:         checkpoint_path /lustre/scratch126/c...
wandb:                   epoch 1
wandb:  model/total_parameters 37887615
wandb:         train/batch_idx 199999
wandb:        train/batch_size 32
wandb: train/batches_per_epoch 324580
wandb:         train/diff_loss 0.07938
wandb:   train/grad_norm_model 0.3071
wandb:     train/learning_rate 0.0005
wandb:              train/loss 0.07938
wandb:                     +21 ...
wandb: 
wandb: 🚀 View run clear-sun-8 at: https://wandb.ai/shariflab/nonmarkovian-protein/runs/xklnycwl
wandb: ⭐️ View project at: https://wandb.ai/shariflab/nonmarkovian-protein
wandb: Synced 5 W&B file(s), 0 media file(s), 0 artifact file(s) and 0 other file(s)
wandb: Find logs at: ./wandb/run-20260713_133014-xklnycwl/logs
