W0704 14:54:14.485000 23146715337856 torch/distributed/run.py:757] 
W0704 14:54:14.485000 23146715337856 torch/distributed/run.py:757] *****************************************
W0704 14:54:14.485000 23146715337856 torch/distributed/run.py:757] Setting OMP_NUM_THREADS environment variable for each process to be 1 in default, to avoid your system being overloaded, please further tune the variable for optimal performance in your application as needed. 
W0704 14:54:14.485000 23146715337856 torch/distributed/run.py:757] *****************************************
wandb: [wandb.login()] Loaded credentials for https://api.wandb.ai from /nfs/users/nfs_a/ap55/.netrc.
wandb: Currently logged in as: arian-yazdan2001 (shariflab) to https://api.wandb.ai. Use `wandb login --relogin` to force relogin
wandb: setting up run oyumkd6l
wandb: Tracking run with wandb version 0.26.0
wandb: Run data is saved locally in /lustre/scratch126/cellgen/lotfollahi/ap55/Nonmarkovian/wandb/run-20260704_145432-oyumkd6l
wandb: Run `wandb offline` to turn off syncing.
wandb: Syncing run mdlm_cnn_fb
wandb: ⭐️ View project at https://wandb.ai/shariflab/nonmarkovian
wandb: 🚀 View run at https://wandb.ai/shariflab/nonmarkovian/runs/oyumkd6l
wandb: updating run metadata
wandb: uploading output.log
wandb: uploading history steps 0-328, summary, console lines 19-21
wandb: 
wandb: Run history:
wandb:                            epoch ▁▁▁▁▁▁▁▁▁▁▁▁▁▁▁▁▁▁▁▁▁▁▁▁▁▁▁▁▁▁▁▁▁▁▁▁▁▁▁▁
wandb:           model/total_parameters ▁
wandb: model/trainable_model_parameters ▁
wandb:       model/trainable_parameters ▁
wandb:                  train/batch_idx ▁▁▁▁▁▂▂▂▂▂▂▂▃▃▃▃▃▄▄▄▄▄▅▅▅▆▆▆▆▆▆▆▇▇▇▇▇███
wandb:                 train/batch_size ▁▁▁▁▁▁▁▁▁▁▁▁▁▁▁▁▁▁▁▁▁▁▁▁▁▁▁▁▁▁▁▁▁▁▁▁▁▁▁▁
wandb:          train/batches_per_epoch ▁▁▁▁▁▁▁▁▁▁▁▁▁▁▁▁▁▁▁▁▁▁▁▁▁▁▁▁▁▁▁▁▁▁▁▁▁▁▁▁
wandb:                  train/diff_loss █▄▁▂▄▃▂▂▁▂▂▁▂▂▂▁▂▁▁▁▂▂▂▁▁▂▁▂▂▁▂▁▂▂▁▂▁▁▂▁
wandb:             train/epoch_loss_avg ▁
wandb: train/epoch_time_ms_backward_avg ▁
wandb:                              +36 ...
wandb: 
wandb: Run summary:
wandb:                 cuda_device_name NVIDIA H200
wandb:                      cuda_usable True
wandb:                     dataset_size 83726
wandb:                           device cuda:0
wandb:                      distributed True
wandb:                            epoch 1
wandb:                       fbcnn_ckpt /lustre/scratch126/c...
wandb:                    fbd_embedding fbcnn
wandb:           model/total_parameters 3658436.0
wandb: model/trainable_model_parameters 3658372.0
wandb:                              +46 ...
wandb: 
wandb: 🚀 View run mdlm_cnn_fb at: https://wandb.ai/shariflab/nonmarkovian/runs/oyumkd6l
wandb: ⭐️ View project at: https://wandb.ai/shariflab/nonmarkovian
wandb: Synced 3 W&B file(s), 0 media file(s), 0 artifact file(s) and 0 other file(s)
wandb: Find logs at: ./wandb/run-20260704_145432-oyumkd6l/logs
Traceback (most recent call last):
  File "/lustre/scratch126/cellgen/lotfollahi/ap55/Nonmarkovian/virtualenv/Python3.11.3/lib/python3.10/site-packages/torch/serialization.py", line 628, in save
    _save(obj, opened_zipfile, pickle_module, pickle_protocol, _disable_byteorder_record)
  File "/lustre/scratch126/cellgen/lotfollahi/ap55/Nonmarkovian/virtualenv/Python3.11.3/lib/python3.10/site-packages/torch/serialization.py", line 842, in _save
    zip_file.write_record('data.pkl', data_value, len(data_value))
RuntimeError: [enforce fail at inline_container.cc:764] . PytorchStreamWriter failed writing file data.pkl: file write failed

During handling of the above exception, another exception occurred:

Traceback (most recent call last):
  File "/usr/lib/python3.10/runpy.py", line 196, in _run_module_as_main
    return _run_code(code, main_globals, None,
  File "/usr/lib/python3.10/runpy.py", line 86, in _run_code
    exec(code, run_globals)
  File "/lustre/scratch126/cellgen/lotfollahi/ap55/Nonmarkovian/nonmarkovian/train_mdlm.py", line 1027, in <module>
    main()
  File "/lustre/scratch126/cellgen/lotfollahi/ap55/Nonmarkovian/nonmarkovian/train_mdlm.py", line 563, in main
    _train_loop(
  File "/lustre/scratch126/cellgen/lotfollahi/ap55/Nonmarkovian/nonmarkovian/train_mdlm.py", line 934, in _train_loop
    torch.save(best_payload, best_save_path)
  File "/lustre/scratch126/cellgen/lotfollahi/ap55/Nonmarkovian/virtualenv/Python3.11.3/lib/python3.10/site-packages/torch/serialization.py", line 627, in save
    with _open_zipfile_writer(f) as opened_zipfile:
  File "/lustre/scratch126/cellgen/lotfollahi/ap55/Nonmarkovian/virtualenv/Python3.11.3/lib/python3.10/site-packages/torch/serialization.py", line 475, in __exit__
    self.file_like.write_end_of_file()
RuntimeError: [enforce fail at inline_container.cc:595] . unexpected pos 64 vs 0
[rank0]: Traceback (most recent call last):
[rank0]:   File "/lustre/scratch126/cellgen/lotfollahi/ap55/Nonmarkovian/virtualenv/Python3.11.3/lib/python3.10/site-packages/torch/serialization.py", line 628, in save
[rank0]:     _save(obj, opened_zipfile, pickle_module, pickle_protocol, _disable_byteorder_record)
[rank0]:   File "/lustre/scratch126/cellgen/lotfollahi/ap55/Nonmarkovian/virtualenv/Python3.11.3/lib/python3.10/site-packages/torch/serialization.py", line 842, in _save
[rank0]:     zip_file.write_record('data.pkl', data_value, len(data_value))
[rank0]: RuntimeError: [enforce fail at inline_container.cc:764] . PytorchStreamWriter failed writing file data.pkl: file write failed

[rank0]: During handling of the above exception, another exception occurred:

[rank0]: Traceback (most recent call last):
[rank0]:   File "/usr/lib/python3.10/runpy.py", line 196, in _run_module_as_main
[rank0]:     return _run_code(code, main_globals, None,
[rank0]:   File "/usr/lib/python3.10/runpy.py", line 86, in _run_code
[rank0]:     exec(code, run_globals)
[rank0]:   File "/lustre/scratch126/cellgen/lotfollahi/ap55/Nonmarkovian/nonmarkovian/train_mdlm.py", line 1027, in <module>
[rank0]:     main()
[rank0]:   File "/lustre/scratch126/cellgen/lotfollahi/ap55/Nonmarkovian/nonmarkovian/train_mdlm.py", line 563, in main
[rank0]:     _train_loop(
[rank0]:   File "/lustre/scratch126/cellgen/lotfollahi/ap55/Nonmarkovian/nonmarkovian/train_mdlm.py", line 934, in _train_loop
[rank0]:     torch.save(best_payload, best_save_path)
[rank0]:   File "/lustre/scratch126/cellgen/lotfollahi/ap55/Nonmarkovian/virtualenv/Python3.11.3/lib/python3.10/site-packages/torch/serialization.py", line 627, in save
[rank0]:     with _open_zipfile_writer(f) as opened_zipfile:
[rank0]:   File "/lustre/scratch126/cellgen/lotfollahi/ap55/Nonmarkovian/virtualenv/Python3.11.3/lib/python3.10/site-packages/torch/serialization.py", line 475, in __exit__
[rank0]:     self.file_like.write_end_of_file()
[rank0]: RuntimeError: [enforce fail at inline_container.cc:595] . unexpected pos 64 vs 0
W0704 14:55:15.038000 23146715337856 torch/distributed/elastic/multiprocessing/api.py:851] Sending process 3936330 closing signal SIGTERM
W0704 14:55:15.039000 23146715337856 torch/distributed/elastic/multiprocessing/api.py:851] Sending process 3936331 closing signal SIGTERM
W0704 14:55:15.040000 23146715337856 torch/distributed/elastic/multiprocessing/api.py:851] Sending process 3936332 closing signal SIGTERM
E0704 14:55:16.036000 23146715337856 torch/distributed/elastic/multiprocessing/api.py:826] failed (exitcode: 1) local_rank: 0 (pid: 3936329) of binary: /lustre/scratch126/cellgen/lotfollahi/ap55/Nonmarkovian/virtualenv/Python3.11.3/bin/python
Traceback (most recent call last):
  File "/lustre/scratch126/cellgen/lotfollahi/ap55/Nonmarkovian/virtualenv/Python3.11.3/bin/torchrun", line 6, in <module>
    sys.exit(main())
