W0416 07:14:01.853000 2833535 torch/distributed/run.py:792] 
W0416 07:14:01.853000 2833535 torch/distributed/run.py:792] *****************************************
W0416 07:14:01.853000 2833535 torch/distributed/run.py:792] Setting OMP_NUM_THREADS environment variable for each process to be 1 in default, to avoid your system being overloaded, please further tune the variable for optimal performance in your application as needed. 
W0416 07:14:01.853000 2833535 torch/distributed/run.py:792] *****************************************
W0416 07:14:09.690000 2833535 torch/distributed/elastic/agent/server/api.py:719] Received Signals.SIGINT death signal, shutting down workers
W0416 07:14:09.691000 2833535 torch/distributed/elastic/multiprocessing/api.py:897] Sending process 2833605 closing signal SIGINT
W0416 07:14:09.691000 2833535 torch/distributed/elastic/multiprocessing/api.py:897] Sending process 2833606 closing signal SIGINT
W0416 07:14:09.691000 2833535 torch/distributed/elastic/multiprocessing/api.py:897] Sending process 2833607 closing signal SIGINT
W0416 07:14:09.691000 2833535 torch/distributed/elastic/multiprocessing/api.py:897] Sending process 2833608 closing signal SIGINT
W0416 07:14:09.691000 2833535 torch/distributed/elastic/multiprocessing/api.py:897] Sending process 2833609 closing signal SIGINT
W0416 07:14:09.692000 2833535 torch/distributed/elastic/multiprocessing/api.py:897] Sending process 2833610 closing signal SIGINT
W0416 07:14:09.692000 2833535 torch/distributed/elastic/multiprocessing/api.py:897] Sending process 2833611 closing signal SIGINT
W0416 07:14:09.692000 2833535 torch/distributed/elastic/multiprocessing/api.py:897] Sending process 2833612 closing signal SIGINT
Traceback (most recent call last):
  File "/usr/lib/python3.10/runpy.py", line 196, in _run_module_as_main
    return _run_code(code, main_globals, None,
  File "/usr/lib/python3.10/runpy.py", line 86, in _run_code
    exec(code, run_globals)
  File "/lustre/scratch126/cellgen/lotfollahi/ap55/Nonmarkovian/nonmarkovian/train.py", line 628, in <module>
    main()
  File "/lustre/scratch126/cellgen/lotfollahi/ap55/Nonmarkovian/nonmarkovian/train.py", line 154, in main
    ddp, rank, world_size, local_rank = setup_process_group()
  File "/lustre/scratch126/cellgen/lotfollahi/ap55/Nonmarkovian/nonmarkovian/distributed_utils.py", line 37, in setup_process_group
    if torch.cuda.is_available():
  File "/lustre/scratch126/cellgen/lotfollahi/ap55/Nonmarkovian/virtualenv/Python3.11.3/lib/python3.10/site-packages/torch/cuda/__init__.py", line 129, in is_available
    return torch._C._cuda_getDeviceCount() > 0
KeyboardInterrupt
Traceback (most recent call last):
  File "/usr/lib/python3.10/runpy.py", line 196, in _run_module_as_main
    return _run_code(code, main_globals, None,
  File "/usr/lib/python3.10/runpy.py", line 86, in _run_code
    exec(code, run_globals)
  File "/lustre/scratch126/cellgen/lotfollahi/ap55/Nonmarkovian/nonmarkovian/train.py", line 628, in <module>
    main()
  File "/lustre/scratch126/cellgen/lotfollahi/ap55/Nonmarkovian/nonmarkovian/train.py", line 154, in main
    ddp, rank, world_size, local_rank = setup_process_group()
  File "/lustre/scratch126/cellgen/lotfollahi/ap55/Nonmarkovian/nonmarkovian/distributed_utils.py", line 37, in setup_process_group
    if torch.cuda.is_available():
  File "/lustre/scratch126/cellgen/lotfollahi/ap55/Nonmarkovian/virtualenv/Python3.11.3/lib/python3.10/site-packages/torch/cuda/__init__.py", line 129, in is_available
    return torch._C._cuda_getDeviceCount() > 0
KeyboardInterrupt
Traceback (most recent call last):
  File "/usr/lib/python3.10/runpy.py", line 196, in _run_module_as_main
    return _run_code(code, main_globals, None,
  File "/usr/lib/python3.10/runpy.py", line 86, in _run_code
    exec(code, run_globals)
  File "/lustre/scratch126/cellgen/lotfollahi/ap55/Nonmarkovian/nonmarkovian/train.py", line 628, in <module>
    main()
  File "/lustre/scratch126/cellgen/lotfollahi/ap55/Nonmarkovian/nonmarkovian/train.py", line 154, in main
    ddp, rank, world_size, local_rank = setup_process_group()
  File "/lustre/scratch126/cellgen/lotfollahi/ap55/Nonmarkovian/nonmarkovian/distributed_utils.py", line 37, in setup_process_group
    if torch.cuda.is_available():
  File "/lustre/scratch126/cellgen/lotfollahi/ap55/Nonmarkovian/virtualenv/Python3.11.3/lib/python3.10/site-packages/torch/cuda/__init__.py", line 129, in is_available
    return torch._C._cuda_getDeviceCount() > 0
KeyboardInterrupt
Traceback (most recent call last):
  File "/usr/lib/python3.10/runpy.py", line 196, in _run_module_as_main
    return _run_code(code, main_globals, None,
  File "/usr/lib/python3.10/runpy.py", line 86, in _run_code
    exec(code, run_globals)
  File "/lustre/scratch126/cellgen/lotfollahi/ap55/Nonmarkovian/nonmarkovian/train.py", line 628, in <module>
    main()
  File "/lustre/scratch126/cellgen/lotfollahi/ap55/Nonmarkovian/nonmarkovian/train.py", line 154, in main
    ddp, rank, world_size, local_rank = setup_process_group()
  File "/lustre/scratch126/cellgen/lotfollahi/ap55/Nonmarkovian/nonmarkovian/distributed_utils.py", line 37, in setup_process_group
    if torch.cuda.is_available():
  File "/lustre/scratch126/cellgen/lotfollahi/ap55/Nonmarkovian/virtualenv/Python3.11.3/lib/python3.10/site-packages/torch/cuda/__init__.py", line 129, in is_available
    return torch._C._cuda_getDeviceCount() > 0
KeyboardInterrupt
Traceback (most recent call last):
  File "/usr/lib/python3.10/runpy.py", line 196, in _run_module_as_main
    return _run_code(code, main_globals, None,
  File "/usr/lib/python3.10/runpy.py", line 86, in _run_code
    exec(code, run_globals)
  File "/lustre/scratch126/cellgen/lotfollahi/ap55/Nonmarkovian/nonmarkovian/train.py", line 628, in <module>
    main()
  File "/lustre/scratch126/cellgen/lotfollahi/ap55/Nonmarkovian/nonmarkovian/train.py", line 154, in main
    ddp, rank, world_size, local_rank = setup_process_group()
  File "/lustre/scratch126/cellgen/lotfollahi/ap55/Nonmarkovian/nonmarkovian/distributed_utils.py", line 37, in setup_process_group
    if torch.cuda.is_available():
  File "/lustre/scratch126/cellgen/lotfollahi/ap55/Nonmarkovian/virtualenv/Python3.11.3/lib/python3.10/site-packages/torch/cuda/__init__.py", line 129, in is_available
    return torch._C._cuda_getDeviceCount() > 0
KeyboardInterrupt
Traceback (most recent call last):
  File "/usr/lib/python3.10/runpy.py", line 196, in _run_module_as_main
    return _run_code(code, main_globals, None,
  File "/usr/lib/python3.10/runpy.py", line 86, in _run_code
    exec(code, run_globals)
  File "/lustre/scratch126/cellgen/lotfollahi/ap55/Nonmarkovian/nonmarkovian/train.py", line 628, in <module>
    main()
  File "/lustre/scratch126/cellgen/lotfollahi/ap55/Nonmarkovian/nonmarkovian/train.py", line 154, in main
    ddp, rank, world_size, local_rank = setup_process_group()
  File "/lustre/scratch126/cellgen/lotfollahi/ap55/Nonmarkovian/nonmarkovian/distributed_utils.py", line 37, in setup_process_group
    if torch.cuda.is_available():
  File "/lustre/scratch126/cellgen/lotfollahi/ap55/Nonmarkovian/virtualenv/Python3.11.3/lib/python3.10/site-packages/torch/cuda/__init__.py", line 129, in is_available
    return torch._C._cuda_getDeviceCount() > 0
KeyboardInterrupt
Traceback (most recent call last):
  File "/usr/lib/python3.10/runpy.py", line 196, in _run_module_as_main
    return _run_code(code, main_globals, None,
  File "/usr/lib/python3.10/runpy.py", line 86, in _run_code
    exec(code, run_globals)
  File "/lustre/scratch126/cellgen/lotfollahi/ap55/Nonmarkovian/nonmarkovian/train.py", line 628, in <module>
    main()
  File "/lustre/scratch126/cellgen/lotfollahi/ap55/Nonmarkovian/nonmarkovian/train.py", line 154, in main
    ddp, rank, world_size, local_rank = setup_process_group()
  File "/lustre/scratch126/cellgen/lotfollahi/ap55/Nonmarkovian/nonmarkovian/distributed_utils.py", line 37, in setup_process_group
    if torch.cuda.is_available():
  File "/lustre/scratch126/cellgen/lotfollahi/ap55/Nonmarkovian/virtualenv/Python3.11.3/lib/python3.10/site-packages/torch/cuda/__init__.py", line 129, in is_available
    return torch._C._cuda_getDeviceCount() > 0
KeyboardInterrupt
Traceback (most recent call last):
  File "/usr/lib/python3.10/runpy.py", line 196, in _run_module_as_main
    return _run_code(code, main_globals, None,
  File "/usr/lib/python3.10/runpy.py", line 86, in _run_code
    exec(code, run_globals)
  File "/lustre/scratch126/cellgen/lotfollahi/ap55/Nonmarkovian/nonmarkovian/train.py", line 628, in <module>
    main()
  File "/lustre/scratch126/cellgen/lotfollahi/ap55/Nonmarkovian/nonmarkovian/train.py", line 154, in main
    ddp, rank, world_size, local_rank = setup_process_group()
  File "/lustre/scratch126/cellgen/lotfollahi/ap55/Nonmarkovian/nonmarkovian/distributed_utils.py", line 37, in setup_process_group
    if torch.cuda.is_available():
  File "/lustre/scratch126/cellgen/lotfollahi/ap55/Nonmarkovian/virtualenv/Python3.11.3/lib/python3.10/site-packages/torch/cuda/__init__.py", line 129, in is_available
    return torch._C._cuda_getDeviceCount() > 0
KeyboardInterrupt
Traceback (most recent call last):
  File "/lustre/scratch126/cellgen/lotfollahi/ap55/Nonmarkovian/virtualenv/Python3.11.3/bin/torchrun", line 6, in <module>
    sys.exit(main())
  File "/lustre/scratch126/cellgen/lotfollahi/ap55/Nonmarkovian/virtualenv/Python3.11.3/lib/python3.10/site-packages/torch/distributed/elastic/multiprocessing/errors/__init__.py", line 355, in wrapper
    return f(*args, **kwargs)
  File "/lustre/scratch126/cellgen/lotfollahi/ap55/Nonmarkovian/virtualenv/Python3.11.3/lib/python3.10/site-packages/torch/distributed/run.py", line 918, in main
    run(args)
  File "/lustre/scratch126/cellgen/lotfollahi/ap55/Nonmarkovian/virtualenv/Python3.11.3/lib/python3.10/site-packages/torch/distributed/run.py", line 909, in run
    elastic_launch(
  File "/lustre/scratch126/cellgen/lotfollahi/ap55/Nonmarkovian/virtualenv/Python3.11.3/lib/python3.10/site-packages/torch/distributed/launcher/api.py", line 138, in __call__
    return launch_agent(self._config, self._entrypoint, list(args))
  File "/lustre/scratch126/cellgen/lotfollahi/ap55/Nonmarkovian/virtualenv/Python3.11.3/lib/python3.10/site-packages/torch/distributed/launcher/api.py", line 260, in launch_agent
    result = agent.run()
  File "/lustre/scratch126/cellgen/lotfollahi/ap55/Nonmarkovian/virtualenv/Python3.11.3/lib/python3.10/site-packages/torch/distributed/elastic/metrics/api.py", line 137, in wrapper
    result = f(*args, **kwargs)
  File "/lustre/scratch126/cellgen/lotfollahi/ap55/Nonmarkovian/virtualenv/Python3.11.3/lib/python3.10/site-packages/torch/distributed/elastic/agent/server/api.py", line 711, in run
    result = self._invoke_run(role)
  File "/lustre/scratch126/cellgen/lotfollahi/ap55/Nonmarkovian/virtualenv/Python3.11.3/lib/python3.10/site-packages/torch/distributed/elastic/agent/server/api.py", line 870, in _invoke_run
    time.sleep(monitor_interval)
  File "/lustre/scratch126/cellgen/lotfollahi/ap55/Nonmarkovian/virtualenv/Python3.11.3/lib/python3.10/site-packages/torch/distributed/elastic/multiprocessing/api.py", line 84, in _terminate_process_handler
    raise SignalException(f"Process {os.getpid()} got signal: {sigval}", sigval=sigval)
torch.distributed.elastic.multiprocessing.api.SignalException: Process 2833535 got signal: 2
