W0602 07:48:35.929000 22692958139520 torch/distributed/run.py:757] 
W0602 07:48:35.929000 22692958139520 torch/distributed/run.py:757] *****************************************
W0602 07:48:35.929000 22692958139520 torch/distributed/run.py:757] Setting OMP_NUM_THREADS environment variable for each process to be 1 in default, to avoid your system being overloaded, please further tune the variable for optimal performance in your application as needed. 
W0602 07:48:35.929000 22692958139520 torch/distributed/run.py:757] *****************************************
wandb: [wandb.login()] Loaded credentials for https://api.wandb.ai from /nfs/users/nfs_a/ap55/.netrc.
wandb: Currently logged in as: arian-yazdan2001 (shariflab) to https://api.wandb.ai. Use `wandb login --relogin` to force relogin
wandb: setting up run jaom5xfq
wandb: Tracking run with wandb version 0.26.0
wandb: Run data is saved locally in /lustre/scratch126/cellgen/lotfollahi/ap55/Nonmarkovian/wandb/run-20260602_074851-jaom5xfq
wandb: Run `wandb offline` to turn off syncing.
wandb: Syncing run nonmarkovian_cnn_slm_fb_label
wandb: ⭐️ View project at https://wandb.ai/shariflab/nonmarkovian
wandb: 🚀 View run at https://wandb.ai/shariflab/nonmarkovian/runs/jaom5xfq
W0602 09:49:26.264000 22687675561536 torch/distributed/elastic/rendezvous/dynamic_rendezvous.py:1252] The node 'farm-gpu0303.internal.sanger.ac.uk_1386573_0' has failed to send a keep-alive heartbeat to the rendezvous '7e9a9cc5-75e2-406b-87f9-b7fbbda7a659' due to an error of type RendezvousTimeoutError.
wandb: updating run metadata
wandb: uploading output.log
wandb: uploading output.log; uploading wandb-summary.json; uploading config.yaml
wandb: uploading output.log
wandb: 
wandb: Run history:
wandb:                            epoch ▁▁▁▁▂▂▂▂▂▃▃▃▃▃▄▄▄▄▄▄▅▅▅▅▆▆▆▆▆▆▇▇▇▇▇▇████
wandb:           model/total_parameters ▁
wandb: model/trainable_model_parameters ▁
wandb:       model/trainable_parameters ▁
wandb:                  train/batch_idx ▅▃▆▆▄▅▆▄▅▂▁▃▇▂▅▄▁▄▅▄▄▁▁▄▇▃█▂▆█▇▅▄▆▇▅▅▂▁▆
wandb:                 train/batch_size ███▁████████████████████████████████████
wandb:          train/batches_per_epoch ▁▁▁▁▁▁▁▁▁▁▁▁▁▁▁▁▁▁▁▁▁▁▁▁▁▁▁▁▁▁▁▁▁▁▁▁▁▁▁▁
wandb:                  train/diff_loss ▁█▁▅▁▁▂▃▇▆▅█▂▂▂▁█▅▁█▂█▂▁▄▁█▁█▂▁▁▁▁▁▁▂▂█▁
wandb:             train/epoch_loss_avg ▄▄▆▆▅▆▇▇▁▆▂▂▁█▃▁▂▅█▇▄▄▆▅▂▃▄▄▁▅▄▄▂▃▄▃▅▅▇▆
wandb: train/epoch_time_ms_backward_avg ▃▁▁▁▁▁▁▁▁▁▁▁▁▁▁▁▁▂▁▁▁▁▁▁▁▁▁▁▁▁▁▁▁▁▁▁█▁▁▁
wandb:                              +37 ...
wandb: 
wandb: Run summary:
wandb:                 checkpoint_best_fbd 7.68321
wandb:            checkpoint_best_fbd_path /lustre/scratch126/c...
wandb:                checkpoint_best_path /lustre/scratch126/c...
wandb:            checkpoint_best_val_loss 0.38075
wandb: checkpoint_best_val_loss_no_history 1.02513
wandb:                     checkpoint_path /lustre/scratch126/c...
wandb:                    cuda_device_name NVIDIA H100 80GB HBM...
wandb:                         cuda_usable True
wandb:                        dataset_size 83726
wandb:                              device cuda:0
wandb:                                 +53 ...
wandb: 
wandb: 🚀 View run nonmarkovian_cnn_slm_fb_label at: https://wandb.ai/shariflab/nonmarkovian/runs/jaom5xfq
wandb: ⭐️ View project at: https://wandb.ai/shariflab/nonmarkovian
wandb: Synced 5 W&B file(s), 0 media file(s), 0 artifact file(s) and 0 other file(s)
wandb: Find logs at: ./wandb/run-20260602_074851-jaom5xfq/logs
