W0418 16:14:11.551000 23394380567680 torch/distributed/run.py:757] 
W0418 16:14:11.551000 23394380567680 torch/distributed/run.py:757] *****************************************
W0418 16:14:11.551000 23394380567680 torch/distributed/run.py:757] Setting OMP_NUM_THREADS environment variable for each process to be 1 in default, to avoid your system being overloaded, please further tune the variable for optimal performance in your application as needed. 
W0418 16:14:11.551000 23394380567680 torch/distributed/run.py:757] *****************************************
wandb: [wandb.login()] Loaded credentials for https://api.wandb.ai from /nfs/users/nfs_a/ap55/.netrc.
wandb: Currently logged in as: arian-yazdan2001 (shariflab) to https://api.wandb.ai. Use `wandb login --relogin` to force relogin
[rank4]:[W reducer.cpp:1389] Warning: find_unused_parameters=True was specified in DDP constructor, but did not find any unused parameters in the forward pass. This flag results in an extra traversal of the autograd graph every iteration,  which can adversely affect performance. If your model indeed never has any unused parameters in the forward pass, consider turning this flag off. Note that this warning may be a false positive if your model has flow control causing later iterations to have unused parameters. (function operator())
[rank3]:[W reducer.cpp:1389] Warning: find_unused_parameters=True was specified in DDP constructor, but did not find any unused parameters in the forward pass. This flag results in an extra traversal of the autograd graph every iteration,  which can adversely affect performance. If your model indeed never has any unused parameters in the forward pass, consider turning this flag off. Note that this warning may be a false positive if your model has flow control causing later iterations to have unused parameters. (function operator())
[rank1]:[W reducer.cpp:1389] Warning: find_unused_parameters=True was specified in DDP constructor, but did not find any unused parameters in the forward pass. This flag results in an extra traversal of the autograd graph every iteration,  which can adversely affect performance. If your model indeed never has any unused parameters in the forward pass, consider turning this flag off. Note that this warning may be a false positive if your model has flow control causing later iterations to have unused parameters. (function operator())
[rank2]:[W reducer.cpp:1389] Warning: find_unused_parameters=True was specified in DDP constructor, but did not find any unused parameters in the forward pass. This flag results in an extra traversal of the autograd graph every iteration,  which can adversely affect performance. If your model indeed never has any unused parameters in the forward pass, consider turning this flag off. Note that this warning may be a false positive if your model has flow control causing later iterations to have unused parameters. (function operator())
[rank5]:[W reducer.cpp:1389] Warning: find_unused_parameters=True was specified in DDP constructor, but did not find any unused parameters in the forward pass. This flag results in an extra traversal of the autograd graph every iteration,  which can adversely affect performance. If your model indeed never has any unused parameters in the forward pass, consider turning this flag off. Note that this warning may be a false positive if your model has flow control causing later iterations to have unused parameters. (function operator())
wandb: setting up run k9h35rdr
wandb: Tracking run with wandb version 0.26.0
wandb: Run data is saved locally in /lustre/scratch126/cellgen/lotfollahi/ap55/Nonmarkovian/wandb/run-20260418_161431-k9h35rdr
wandb: Run `wandb offline` to turn off syncing.
wandb: Syncing run simple_cnn_slm_fb
wandb: ⭐️ View project at https://wandb.ai/shariflab/nonmarkovian
wandb: 🚀 View run at https://wandb.ai/shariflab/nonmarkovian/runs/k9h35rdr
[rank0]:[W reducer.cpp:1389] Warning: find_unused_parameters=True was specified in DDP constructor, but did not find any unused parameters in the forward pass. This flag results in an extra traversal of the autograd graph every iteration,  which can adversely affect performance. If your model indeed never has any unused parameters in the forward pass, consider turning this flag off. Note that this warning may be a false positive if your model has flow control causing later iterations to have unused parameters. (function operator())
W0418 16:20:27.718000 23394380567680 torch/distributed/elastic/agent/server/api.py:741] Received Signals.SIGINT death signal, shutting down workers
W0418 16:20:27.720000 23394380567680 torch/distributed/elastic/multiprocessing/api.py:851] Sending process 621861 closing signal SIGINT
W0418 16:20:27.720000 23394380567680 torch/distributed/elastic/multiprocessing/api.py:851] Sending process 621862 closing signal SIGINT
W0418 16:20:27.720000 23394380567680 torch/distributed/elastic/multiprocessing/api.py:851] Sending process 621863 closing signal SIGINT
W0418 16:20:27.720000 23394380567680 torch/distributed/elastic/multiprocessing/api.py:851] Sending process 621864 closing signal SIGINT
wandb: ERROR Control-C detected -- Run data was not synced
W0418 16:20:27.720000 23394380567680 torch/distributed/elastic/multiprocessing/api.py:851] Sending process 621865 closing signal SIGINT
W0418 16:20:27.720000 23394380567680 torch/distributed/elastic/multiprocessing/api.py:851] Sending process 621866 closing signal SIGINT
Traceback (most recent call last):
  File "/lustre/scratch126/cellgen/lotfollahi/ap55/Nonmarkovian/virtualenv/Python3.11.3/lib/python3.10/site-packages/torch/utils/_contextlib.py", line 115, in decorate_context
    return func(*args, **kwargs)
  File "/lustre/scratch126/cellgen/lotfollahi/ap55/Nonmarkovian/nonmarkovian/validation.py", line 225, in validate_routed
    views = sample_all_views(x0, alphas, generator=gen)
  File "/lustre/scratch126/cellgen/lotfollahi/ap55/Nonmarkovian/nonmarkovian/forward.py", line 64, in sample_all_views
    views.append(corrupt_sequence(x0, float(alphas[t].item()), generator=generator))
KeyboardInterrupt

During handling of the above exception, another exception occurred:

Traceback (most recent call last):
  File "/lustre/scratch126/cellgen/lotfollahi/ap55/Nonmarkovian/nonmarkovian/train.py", line 395, in main
    _train_loop(
  File "/lustre/scratch126/cellgen/lotfollahi/ap55/Nonmarkovian/nonmarkovian/train.py", line 648, in _train_loop
    vmetrics = validate_routed(
  File "/lustre/scratch126/cellgen/lotfollahi/ap55/Nonmarkovian/virtualenv/Python3.11.3/lib/python3.10/site-packages/torch/utils/_contextlib.py", line 115, in decorate_context
    return func(*args, **kwargs)
KeyboardInterrupt

During handling of the above exception, another exception occurred:

Traceback (most recent call last):
  File "/usr/lib/python3.10/runpy.py", line 196, in _run_module_as_main
    return _run_code(code, main_globals, None,
  File "/usr/lib/python3.10/runpy.py", line 86, in _run_code
    exec(code, run_globals)
  File "/lustre/scratch126/cellgen/lotfollahi/ap55/Nonmarkovian/nonmarkovian/train.py", line 717, in <module>
    main()
  File "/lustre/scratch126/cellgen/lotfollahi/ap55/Nonmarkovian/nonmarkovian/train.py", line 412, in main
    wandb.finish()
  File "/lustre/scratch126/cellgen/lotfollahi/ap55/Nonmarkovian/virtualenv/Python3.11.3/lib/python3.10/site-packages/wandb/sdk/wandb_run.py", line 4120, in finish
    wandb.run.finish(exit_code=exit_code, quiet=quiet)
  File "/lustre/scratch126/cellgen/lotfollahi/ap55/Nonmarkovian/virtualenv/Python3.11.3/lib/python3.10/site-packages/wandb/sdk/wandb_run.py", line 399, in wrapper
    return func(self, *args, **kwargs)
  File "/lustre/scratch126/cellgen/lotfollahi/ap55/Nonmarkovian/virtualenv/Python3.11.3/lib/python3.10/site-packages/wandb/sdk/wandb_run.py", line 444, in wrapper
    return func(self, *args, **kwargs)
  File "/lustre/scratch126/cellgen/lotfollahi/ap55/Nonmarkovian/virtualenv/Python3.11.3/lib/python3.10/site-packages/wandb/sdk/wandb_run.py", line 2297, in finish
    return self._finish(exit_code)
  File "/lustre/scratch126/cellgen/lotfollahi/ap55/Nonmarkovian/virtualenv/Python3.11.3/lib/python3.10/site-packages/wandb/sdk/wandb_run.py", line 399, in wrapper
    return func(self, *args, **kwargs)
  File "/lustre/scratch126/cellgen/lotfollahi/ap55/Nonmarkovian/virtualenv/Python3.11.3/lib/python3.10/site-packages/wandb/sdk/wandb_run.py", line 2325, in _finish
    self._atexit_cleanup(exit_code=exit_code)
  File "/lustre/scratch126/cellgen/lotfollahi/ap55/Nonmarkovian/virtualenv/Python3.11.3/lib/python3.10/site-packages/wandb/sdk/wandb_run.py", line 2519, in _atexit_cleanup
    self._on_finish()
  File "/lustre/scratch126/cellgen/lotfollahi/ap55/Nonmarkovian/virtualenv/Python3.11.3/lib/python3.10/site-packages/wandb/sdk/wandb_run.py", line 2743, in _on_finish
    wait_with_progress(
  File "/lustre/scratch126/cellgen/lotfollahi/ap55/Nonmarkovian/virtualenv/Python3.11.3/lib/python3.10/site-packages/wandb/sdk/mailbox/wait_with_progress.py", line 24, in wait_with_progress
    return wait_all_with_progress(
  File "/lustre/scratch126/cellgen/lotfollahi/ap55/Nonmarkovian/virtualenv/Python3.11.3/lib/python3.10/site-packages/wandb/sdk/mailbox/wait_with_progress.py", line 78, in wait_all_with_progress
    return asyncer.run(progress_loop_with_timeout)
  File "/lustre/scratch126/cellgen/lotfollahi/ap55/Nonmarkovian/virtualenv/Python3.11.3/lib/python3.10/site-packages/wandb/sdk/lib/asyncio_manager.py", line 137, in run
    return future.result()
  File "/usr/lib/python3.10/concurrent/futures/_base.py", line 453, in result
    self._condition.wait(timeout)
  File "/usr/lib/python3.10/threading.py", line 320, in wait
    waiter.acquire()
KeyboardInterrupt
[rank0]: Traceback (most recent call last):
[rank0]:   File "/lustre/scratch126/cellgen/lotfollahi/ap55/Nonmarkovian/virtualenv/Python3.11.3/lib/python3.10/site-packages/torch/utils/_contextlib.py", line 115, in decorate_context
[rank0]:     return func(*args, **kwargs)
[rank0]:   File "/lustre/scratch126/cellgen/lotfollahi/ap55/Nonmarkovian/nonmarkovian/validation.py", line 225, in validate_routed
[rank0]:     views = sample_all_views(x0, alphas, generator=gen)
[rank0]:   File "/lustre/scratch126/cellgen/lotfollahi/ap55/Nonmarkovian/nonmarkovian/forward.py", line 64, in sample_all_views
[rank0]:     views.append(corrupt_sequence(x0, float(alphas[t].item()), generator=generator))
[rank0]: KeyboardInterrupt

[rank0]: During handling of the above exception, another exception occurred:

[rank0]: Traceback (most recent call last):
[rank0]:   File "/lustre/scratch126/cellgen/lotfollahi/ap55/Nonmarkovian/nonmarkovian/train.py", line 395, in main
[rank0]:     _train_loop(
[rank0]:   File "/lustre/scratch126/cellgen/lotfollahi/ap55/Nonmarkovian/nonmarkovian/train.py", line 648, in _train_loop
[rank0]:     vmetrics = validate_routed(
[rank0]:   File "/lustre/scratch126/cellgen/lotfollahi/ap55/Nonmarkovian/virtualenv/Python3.11.3/lib/python3.10/site-packages/torch/utils/_contextlib.py", line 115, in decorate_context
[rank0]:     return func(*args, **kwargs)
[rank0]: KeyboardInterrupt

[rank0]: During handling of the above exception, another exception occurred:

[rank0]: Traceback (most recent call last):
[rank0]:   File "/usr/lib/python3.10/runpy.py", line 196, in _run_module_as_main
[rank0]:     return _run_code(code, main_globals, None,
[rank0]:   File "/usr/lib/python3.10/runpy.py", line 86, in _run_code
[rank0]:     exec(code, run_globals)
[rank0]:   File "/lustre/scratch126/cellgen/lotfollahi/ap55/Nonmarkovian/nonmarkovian/train.py", line 717, in <module>
[rank0]:     main()
[rank0]:   File "/lustre/scratch126/cellgen/lotfollahi/ap55/Nonmarkovian/nonmarkovian/train.py", line 412, in main
[rank0]:     wandb.finish()
[rank0]:   File "/lustre/scratch126/cellgen/lotfollahi/ap55/Nonmarkovian/virtualenv/Python3.11.3/lib/python3.10/site-packages/wandb/sdk/wandb_run.py", line 4120, in finish
[rank0]:     wandb.run.finish(exit_code=exit_code, quiet=quiet)
[rank0]:   File "/lustre/scratch126/cellgen/lotfollahi/ap55/Nonmarkovian/virtualenv/Python3.11.3/lib/python3.10/site-packages/wandb/sdk/wandb_run.py", line 399, in wrapper
[rank0]:     return func(self, *args, **kwargs)
[rank0]:   File "/lustre/scratch126/cellgen/lotfollahi/ap55/Nonmarkovian/virtualenv/Python3.11.3/lib/python3.10/site-packages/wandb/sdk/wandb_run.py", line 444, in wrapper
[rank0]:     return func(self, *args, **kwargs)
[rank0]:   File "/lustre/scratch126/cellgen/lotfollahi/ap55/Nonmarkovian/virtualenv/Python3.11.3/lib/python3.10/site-packages/wandb/sdk/wandb_run.py", line 2297, in finish
[rank0]:     return self._finish(exit_code)
[rank0]:   File "/lustre/scratch126/cellgen/lotfollahi/ap55/Nonmarkovian/virtualenv/Python3.11.3/lib/python3.10/site-packages/wandb/sdk/wandb_run.py", line 399, in wrapper
[rank0]:     return func(self, *args, **kwargs)
[rank0]:   File "/lustre/scratch126/cellgen/lotfollahi/ap55/Nonmarkovian/virtualenv/Python3.11.3/lib/python3.10/site-packages/wandb/sdk/wandb_run.py", line 2325, in _finish
[rank0]:     self._atexit_cleanup(exit_code=exit_code)
[rank0]:   File "/lustre/scratch126/cellgen/lotfollahi/ap55/Nonmarkovian/virtualenv/Python3.11.3/lib/python3.10/site-packages/wandb/sdk/wandb_run.py", line 2519, in _atexit_cleanup
[rank0]:     self._on_finish()
[rank0]:   File "/lustre/scratch126/cellgen/lotfollahi/ap55/Nonmarkovian/virtualenv/Python3.11.3/lib/python3.10/site-packages/wandb/sdk/wandb_run.py", line 2743, in _on_finish
[rank0]:     wait_with_progress(
[rank0]:   File "/lustre/scratch126/cellgen/lotfollahi/ap55/Nonmarkovian/virtualenv/Python3.11.3/lib/python3.10/site-packages/wandb/sdk/mailbox/wait_with_progress.py", line 24, in wait_with_progress
[rank0]:     return wait_all_with_progress(
[rank0]:   File "/lustre/scratch126/cellgen/lotfollahi/ap55/Nonmarkovian/virtualenv/Python3.11.3/lib/python3.10/site-packages/wandb/sdk/mailbox/wait_with_progress.py", line 78, in wait_all_with_progress
[rank0]:     return asyncer.run(progress_loop_with_timeout)
[rank0]:   File "/lustre/scratch126/cellgen/lotfollahi/ap55/Nonmarkovian/virtualenv/Python3.11.3/lib/python3.10/site-packages/wandb/sdk/lib/asyncio_manager.py", line 137, in run
[rank0]:     return future.result()
[rank0]:   File "/usr/lib/python3.10/concurrent/futures/_base.py", line 453, in result
[rank0]:     self._condition.wait(timeout)
[rank0]:   File "/usr/lib/python3.10/threading.py", line 320, in wait
[rank0]:     waiter.acquire()
[rank0]: KeyboardInterrupt
Exception ignored in atexit callback: <function _start_and_connect_service.<locals>.teardown_atexit at 0x150bf5c1a680>
Traceback (most recent call last):
  File "/lustre/scratch126/cellgen/lotfollahi/ap55/Nonmarkovian/virtualenv/Python3.11.3/lib/python3.10/site-packages/wandb/sdk/lib/service/service_connection.py", line 73, in teardown_atexit
    conn.teardown(hooks.exit_code)
  File "/lustre/scratch126/cellgen/lotfollahi/ap55/Nonmarkovian/virtualenv/Python3.11.3/lib/python3.10/site-packages/wandb/sdk/lib/service/service_connection.py", line 353, in teardown
    self._asyncer.run(publish_teardown_and_close)
  File "/lustre/scratch126/cellgen/lotfollahi/ap55/Nonmarkovian/virtualenv/Python3.11.3/lib/python3.10/site-packages/wandb/sdk/lib/asyncio_manager.py", line 137, in run
    return future.result()
  File "/usr/lib/python3.10/concurrent/futures/_base.py", line 458, in result
    return self.__get_result()
  File "/usr/lib/python3.10/concurrent/futures/_base.py", line 403, in __get_result
    raise self._exception
  File "/lustre/scratch126/cellgen/lotfollahi/ap55/Nonmarkovian/virtualenv/Python3.11.3/lib/python3.10/site-packages/wandb/sdk/lib/asyncio_manager.py", line 223, in _wrap
    return await fn()
  File "/lustre/scratch126/cellgen/lotfollahi/ap55/Nonmarkovian/virtualenv/Python3.11.3/lib/python3.10/site-packages/wandb/sdk/lib/service/service_connection.py", line 344, in publish_teardown_and_close
    await self._client.publish(
  File "/lustre/scratch126/cellgen/lotfollahi/ap55/Nonmarkovian/virtualenv/Python3.11.3/lib/python3.10/site-packages/wandb/sdk/lib/service/service_client.py", line 45, in publish
    await self._send_server_request(request)
  File "/lustre/scratch126/cellgen/lotfollahi/ap55/Nonmarkovian/virtualenv/Python3.11.3/lib/python3.10/site-packages/wandb/sdk/lib/service/service_client.py", line 87, in _send_server_request
    await self._drain_writer()
  File "/lustre/scratch126/cellgen/lotfollahi/ap55/Nonmarkovian/virtualenv/Python3.11.3/lib/python3.10/site-packages/wandb/sdk/lib/service/service_client.py", line 96, in _drain_writer
    await self._writer.drain()
  File "/usr/lib/python3.10/asyncio/streams.py", line 359, in drain
    raise exc
  File "/lustre/scratch126/cellgen/lotfollahi/ap55/Nonmarkovian/virtualenv/Python3.11.3/lib/python3.10/site-packages/wandb/sdk/lib/service/service_client.py", line 127, in _forward_responses
    while response := await self._read_server_response():
  File "/lustre/scratch126/cellgen/lotfollahi/ap55/Nonmarkovian/virtualenv/Python3.11.3/lib/python3.10/site-packages/wandb/sdk/lib/service/service_client.py", line 141, in _read_server_response
    header = await self._reader.readexactly(_HEADER_BYTE_INT_LEN)
  File "/usr/lib/python3.10/asyncio/streams.py", line 708, in readexactly
    await self._wait_for_data('readexactly')
  File "/usr/lib/python3.10/asyncio/streams.py", line 501, in _wait_for_data
    await self._waiter
  File "/usr/lib/python3.10/asyncio/selector_events.py", line 862, in _read_ready__data_received
    data = self._sock.recv(self.max_size)
ConnectionResetError: [Errno 104] Connection reset by peer
W0418 16:20:36.728000 23394380567680 torch/distributed/elastic/multiprocessing/api.py:851] Sending process 621862 closing signal SIGTERM
Terminated
Traceback (most recent call last):
  File "/lustre/scratch126/cellgen/lotfollahi/ap55/Nonmarkovian/virtualenv/Python3.11.3/lib/python3.10/site-packages/torch/distributed/elastic/agent/server/api.py", line 733, in run
    result = self._invoke_run(role)
  File "/lustre/scratch126/cellgen/lotfollahi/ap55/Nonmarkovian/virtualenv/Python3.11.3/lib/python3.10/site-packages/torch/distributed/elastic/agent/server/api.py", line 876, in _invoke_run
    time.sleep(monitor_interval)
  File "/lustre/scratch126/cellgen/lotfollahi/ap55/Nonmarkovian/virtualenv/Python3.11.3/lib/python3.10/site-packages/torch/distributed/elastic/multiprocessing/api.py", line 76, in _terminate_process_handler
    raise SignalException(f"Process {os.getpid()} got signal: {sigval}", sigval=sigval)
torch.distributed.elastic.multiprocessing.api.SignalException: Process 621781 got signal: 2

During handling of the above exception, another exception occurred:

Traceback (most recent call last):
  File "/lustre/scratch126/cellgen/lotfollahi/ap55/Nonmarkovian/virtualenv/Python3.11.3/lib/python3.10/site-packages/torch/distributed/elastic/agent/server/api.py", line 742, in run
    self._shutdown(e.sigval)
  File "/lustre/scratch126/cellgen/lotfollahi/ap55/Nonmarkovian/virtualenv/Python3.11.3/lib/python3.10/site-packages/torch/distributed/elastic/agent/server/local_elastic_agent.py", line 296, in _shutdown
    self._pcontext.close(death_sig)
  File "/lustre/scratch126/cellgen/lotfollahi/ap55/Nonmarkovian/virtualenv/Python3.11.3/lib/python3.10/site-packages/torch/distributed/elastic/multiprocessing/api.py", line 541, in close
    self._close(death_sig=death_sig, timeout=timeout)
  File "/lustre/scratch126/cellgen/lotfollahi/ap55/Nonmarkovian/virtualenv/Python3.11.3/lib/python3.10/site-packages/torch/distributed/elastic/multiprocessing/api.py", line 861, in _close
    handler.proc.wait(time_to_wait)
  File "/usr/lib/python3.10/subprocess.py", line 1209, in wait
    return self._wait(timeout=timeout)
  File "/usr/lib/python3.10/subprocess.py", line 1953, in _wait
    time.sleep(delay)
  File "/lustre/scratch126/cellgen/lotfollahi/ap55/Nonmarkovian/virtualenv/Python3.11.3/lib/python3.10/site-packages/torch/distributed/elastic/multiprocessing/api.py", line 76, in _terminate_process_handler
    raise SignalException(f"Process {os.getpid()} got signal: {sigval}", sigval=sigval)
torch.distributed.elastic.multiprocessing.api.SignalException: Process 621781 got signal: 15

During handling of the above exception, another exception occurred:

Traceback (most recent call last):
  File "/lustre/scratch126/cellgen/lotfollahi/ap55/Nonmarkovian/virtualenv/Python3.11.3/bin/torchrun", line 6, in <module>
    sys.exit(main())
  File "/lustre/scratch126/cellgen/lotfollahi/ap55/Nonmarkovian/virtualenv/Python3.11.3/lib/python3.10/site-packages/torch/distributed/elastic/multiprocessing/errors/__init__.py", line 347, in wrapper
    return f(*args, **kwargs)
  File "/lustre/scratch126/cellgen/lotfollahi/ap55/Nonmarkovian/virtualenv/Python3.11.3/lib/python3.10/site-packages/torch/distributed/run.py", line 879, in main
    run(args)
  File "/lustre/scratch126/cellgen/lotfollahi/ap55/Nonmarkovian/virtualenv/Python3.11.3/lib/python3.10/site-packages/torch/distributed/run.py", line 870, in run
    elastic_launch(
  File "/lustre/scratch126/cellgen/lotfollahi/ap55/Nonmarkovian/virtualenv/Python3.11.3/lib/python3.10/site-packages/torch/distributed/launcher/api.py", line 132, in __call__
    return launch_agent(self._config, self._entrypoint, list(args))
  File "/lustre/scratch126/cellgen/lotfollahi/ap55/Nonmarkovian/virtualenv/Python3.11.3/lib/python3.10/site-packages/torch/distributed/launcher/api.py", line 254, in launch_agent
    result = agent.run()
  File "/lustre/scratch126/cellgen/lotfollahi/ap55/Nonmarkovian/virtualenv/Python3.11.3/lib/python3.10/site-packages/torch/distributed/elastic/metrics/api.py", line 123, in wrapper
    result = f(*args, **kwargs)
  File "/lustre/scratch126/cellgen/lotfollahi/ap55/Nonmarkovian/virtualenv/Python3.11.3/lib/python3.10/site-packages/torch/distributed/elastic/agent/server/api.py", line 747, in run
    self._shutdown()
  File "/lustre/scratch126/cellgen/lotfollahi/ap55/Nonmarkovian/virtualenv/Python3.11.3/lib/python3.10/site-packages/torch/distributed/elastic/agent/server/local_elastic_agent.py", line 296, in _shutdown
    self._pcontext.close(death_sig)
  File "/lustre/scratch126/cellgen/lotfollahi/ap55/Nonmarkovian/virtualenv/Python3.11.3/lib/python3.10/site-packages/torch/distributed/elastic/multiprocessing/api.py", line 541, in close
    self._close(death_sig=death_sig, timeout=timeout)
  File "/lustre/scratch126/cellgen/lotfollahi/ap55/Nonmarkovian/virtualenv/Python3.11.3/lib/python3.10/site-packages/torch/distributed/elastic/multiprocessing/api.py", line 854, in _close
    handler.close(death_sig=death_sig)
  File "/lustre/scratch126/cellgen/lotfollahi/ap55/Nonmarkovian/virtualenv/Python3.11.3/lib/python3.10/site-packages/torch/distributed/elastic/multiprocessing/subprocess_handler/subprocess_handler.py", line 74, in close
    os.killpg(self.proc.pid, death_sig)
  File "/lustre/scratch126/cellgen/lotfollahi/ap55/Nonmarkovian/virtualenv/Python3.11.3/lib/python3.10/site-packages/torch/distributed/elastic/multiprocessing/api.py", line 76, in _terminate_process_handler
    raise SignalException(f"Process {os.getpid()} got signal: {sigval}", sigval=sigval)
torch.distributed.elastic.multiprocessing.api.SignalException: Process 621781 got signal: 15
