W0423 06:31:00.154000 22556275070080 torch/distributed/run.py:757] 
W0423 06:31:00.154000 22556275070080 torch/distributed/run.py:757] *****************************************
W0423 06:31:00.154000 22556275070080 torch/distributed/run.py:757] Setting OMP_NUM_THREADS environment variable for each process to be 1 in default, to avoid your system being overloaded, please further tune the variable for optimal performance in your application as needed. 
W0423 06:31:00.154000 22556275070080 torch/distributed/run.py:757] *****************************************
Traceback (most recent call last):
Traceback (most recent call last):
Traceback (most recent call last):
  File "/usr/lib/python3.10/runpy.py", line 196, in _run_module_as_main
Traceback (most recent call last):
  File "/usr/lib/python3.10/runpy.py", line 196, in _run_module_as_main
  File "/usr/lib/python3.10/runpy.py", line 196, in _run_module_as_main
  File "/usr/lib/python3.10/runpy.py", line 196, in _run_module_as_main
    return _run_code(code, main_globals, None,
  File "/usr/lib/python3.10/runpy.py", line 86, in _run_code
        return _run_code(code, main_globals, None,    return _run_code(code, main_globals, None,    
return _run_code(code, main_globals, None,
exec(code, run_globals)  File "/usr/lib/python3.10/runpy.py", line 86, in _run_code

  File "/usr/lib/python3.10/runpy.py", line 86, in _run_code
W0423 06:31:02.545000 22556275070080 torch/distributed/elastic/agent/server/api.py:741] Received Signals.SIGINT death signal, shutting down workers

  File "/usr/lib/python3.10/runpy.py", line 86, in _run_code
          File "/lustre/scratch126/cellgen/lotfollahi/ap55/Nonmarkovian/nonmarkovian/train.py", line 37, in <module>
exec(code, run_globals)exec(code, run_globals)    

exec(code, run_globals)  File "/lustre/scratch126/cellgen/lotfollahi/ap55/Nonmarkovian/nonmarkovian/train.py", line 37, in <module>
  File "/lustre/scratch126/cellgen/lotfollahi/ap55/Nonmarkovian/nonmarkovian/train.py", line 37, in <module>

W0423 06:31:02.546000 22556275070080 torch/distributed/elastic/multiprocessing/api.py:851] Sending process 3722263 closing signal SIGINT
  File "/lustre/scratch126/cellgen/lotfollahi/ap55/Nonmarkovian/nonmarkovian/train.py", line 37, in <module>
W0423 06:31:02.546000 22556275070080 torch/distributed/elastic/multiprocessing/api.py:851] Sending process 3722264 closing signal SIGINT
W0423 06:31:02.546000 22556275070080 torch/distributed/elastic/multiprocessing/api.py:851] Sending process 3722265 closing signal SIGINT
W0423 06:31:02.546000 22556275070080 torch/distributed/elastic/multiprocessing/api.py:851] Sending process 3722266 closing signal SIGINT
  File "/lustre/scratch126/cellgen/lotfollahi/ap55/Nonmarkovian/virtualenv/Python3.11.3/lib/python3.10/site-packages/wandb/__init__.py", line 22, in <module>
  File "/lustre/scratch126/cellgen/lotfollahi/ap55/Nonmarkovian/virtualenv/Python3.11.3/lib/python3.10/site-packages/wandb/__init__.py", line 22, in <module>
  File "/lustre/scratch126/cellgen/lotfollahi/ap55/Nonmarkovian/virtualenv/Python3.11.3/lib/python3.10/site-packages/wandb/__init__.py", line 22, in <module>
  File "/lustre/scratch126/cellgen/lotfollahi/ap55/Nonmarkovian/virtualenv/Python3.11.3/lib/python3.10/site-packages/wandb/__init__.py", line 22, in <module>
    from wandb.sdk.lib import wb_logging as _wb_logging
          File "/lustre/scratch126/cellgen/lotfollahi/ap55/Nonmarkovian/virtualenv/Python3.11.3/lib/python3.10/site-packages/wandb/sdk/__init__.py", line 25, in <module>
from wandb.sdk.lib import wb_logging as _wb_loggingfrom wandb.sdk.lib import wb_logging as _wb_logging

  File "/lustre/scratch126/cellgen/lotfollahi/ap55/Nonmarkovian/virtualenv/Python3.11.3/lib/python3.10/site-packages/wandb/sdk/__init__.py", line 25, in <module>
  File "/lustre/scratch126/cellgen/lotfollahi/ap55/Nonmarkovian/virtualenv/Python3.11.3/lib/python3.10/site-packages/wandb/sdk/__init__.py", line 25, in <module>
    from wandb.sdk.lib import wb_logging as _wb_logging
  File "/lustre/scratch126/cellgen/lotfollahi/ap55/Nonmarkovian/virtualenv/Python3.11.3/lib/python3.10/site-packages/wandb/sdk/__init__.py", line 25, in <module>
    from .artifacts.artifact import Artifact
  File "/lustre/scratch126/cellgen/lotfollahi/ap55/Nonmarkovian/virtualenv/Python3.11.3/lib/python3.10/site-packages/wandb/sdk/artifacts/artifact.py", line 38, in <module>
        from .artifacts.artifact import Artifactfrom .artifacts.artifact import Artifact

  File "/lustre/scratch126/cellgen/lotfollahi/ap55/Nonmarkovian/virtualenv/Python3.11.3/lib/python3.10/site-packages/wandb/sdk/artifacts/artifact.py", line 38, in <module>
  File "/lustre/scratch126/cellgen/lotfollahi/ap55/Nonmarkovian/virtualenv/Python3.11.3/lib/python3.10/site-packages/wandb/sdk/artifacts/artifact.py", line 38, in <module>
    from .artifacts.artifact import Artifact
  File "/lustre/scratch126/cellgen/lotfollahi/ap55/Nonmarkovian/virtualenv/Python3.11.3/lib/python3.10/site-packages/wandb/sdk/artifacts/artifact.py", line 38, in <module>
    from wandb import data_types, env
  File "/lustre/scratch126/cellgen/lotfollahi/ap55/Nonmarkovian/virtualenv/Python3.11.3/lib/python3.10/site-packages/wandb/data_types.py", line 16, in <module>
    from wandb import data_types, env
  File "/lustre/scratch126/cellgen/lotfollahi/ap55/Nonmarkovian/virtualenv/Python3.11.3/lib/python3.10/site-packages/wandb/data_types.py", line 16, in <module>
    from wandb import data_types, env
  File "/lustre/scratch126/cellgen/lotfollahi/ap55/Nonmarkovian/virtualenv/Python3.11.3/lib/python3.10/site-packages/wandb/data_types.py", line 16, in <module>
    from wandb import data_types, env
      File "/lustre/scratch126/cellgen/lotfollahi/ap55/Nonmarkovian/virtualenv/Python3.11.3/lib/python3.10/site-packages/wandb/data_types.py", line 16, in <module>
    from .sdk.data_types.audio import Audiofrom .sdk.data_types.audio import Audio    

from .sdk.data_types.audio import Audio  File "/lustre/scratch126/cellgen/lotfollahi/ap55/Nonmarkovian/virtualenv/Python3.11.3/lib/python3.10/site-packages/wandb/sdk/data_types/audio.py", line 13, in <module>
  File "/lustre/scratch126/cellgen/lotfollahi/ap55/Nonmarkovian/virtualenv/Python3.11.3/lib/python3.10/site-packages/wandb/sdk/data_types/audio.py", line 13, in <module>

  File "/lustre/scratch126/cellgen/lotfollahi/ap55/Nonmarkovian/virtualenv/Python3.11.3/lib/python3.10/site-packages/wandb/sdk/data_types/audio.py", line 13, in <module>
    from .sdk.data_types.audio import Audio
  File "/lustre/scratch126/cellgen/lotfollahi/ap55/Nonmarkovian/virtualenv/Python3.11.3/lib/python3.10/site-packages/wandb/sdk/data_types/audio.py", line 13, in <module>
    from .base_types.media import BatchableMedia
  File "/lustre/scratch126/cellgen/lotfollahi/ap55/Nonmarkovian/virtualenv/Python3.11.3/lib/python3.10/site-packages/wandb/sdk/data_types/base_types/media.py", line 16, in <module>
        from .base_types.media import BatchableMediafrom .base_types.media import BatchableMedia

  File "/lustre/scratch126/cellgen/lotfollahi/ap55/Nonmarkovian/virtualenv/Python3.11.3/lib/python3.10/site-packages/wandb/sdk/data_types/base_types/media.py", line 16, in <module>
  File "/lustre/scratch126/cellgen/lotfollahi/ap55/Nonmarkovian/virtualenv/Python3.11.3/lib/python3.10/site-packages/wandb/sdk/data_types/base_types/media.py", line 16, in <module>
    from .base_types.media import BatchableMedia
  File "/lustre/scratch126/cellgen/lotfollahi/ap55/Nonmarkovian/virtualenv/Python3.11.3/lib/python3.10/site-packages/wandb/sdk/data_types/base_types/media.py", line 16, in <module>
        from .wb_value import WBValuefrom .wb_value import WBValue

  File "/lustre/scratch126/cellgen/lotfollahi/ap55/Nonmarkovian/virtualenv/Python3.11.3/lib/python3.10/site-packages/wandb/sdk/data_types/base_types/wb_value.py", line 6, in <module>
  File "/lustre/scratch126/cellgen/lotfollahi/ap55/Nonmarkovian/virtualenv/Python3.11.3/lib/python3.10/site-packages/wandb/sdk/data_types/base_types/wb_value.py", line 6, in <module>
    from .wb_value import WBValue
  File "/lustre/scratch126/cellgen/lotfollahi/ap55/Nonmarkovian/virtualenv/Python3.11.3/lib/python3.10/site-packages/wandb/sdk/data_types/base_types/wb_value.py", line 6, in <module>
    from .wb_value import WBValue
  File "/lustre/scratch126/cellgen/lotfollahi/ap55/Nonmarkovian/virtualenv/Python3.11.3/lib/python3.10/site-packages/wandb/sdk/data_types/base_types/wb_value.py", line 6, in <module>
    from wandb.sdk import wandb_setup
  File "/lustre/scratch126/cellgen/lotfollahi/ap55/Nonmarkovian/virtualenv/Python3.11.3/lib/python3.10/site-packages/wandb/sdk/wandb_setup.py", line 35, in <module>
        from wandb.sdk import wandb_setupfrom wandb.sdk import wandb_setup

  File "/lustre/scratch126/cellgen/lotfollahi/ap55/Nonmarkovian/virtualenv/Python3.11.3/lib/python3.10/site-packages/wandb/sdk/wandb_setup.py", line 35, in <module>
  File "/lustre/scratch126/cellgen/lotfollahi/ap55/Nonmarkovian/virtualenv/Python3.11.3/lib/python3.10/site-packages/wandb/sdk/wandb_setup.py", line 35, in <module>
    from wandb.sdk import wandb_setup
  File "/lustre/scratch126/cellgen/lotfollahi/ap55/Nonmarkovian/virtualenv/Python3.11.3/lib/python3.10/site-packages/wandb/sdk/wandb_setup.py", line 35, in <module>
    import wandb.integration.sagemaker as sagemaker
  File "/lustre/scratch126/cellgen/lotfollahi/ap55/Nonmarkovian/virtualenv/Python3.11.3/lib/python3.10/site-packages/wandb/integration/sagemaker/__init__.py", line 3, in <module>
    import wandb.integration.sagemaker as sagemaker
  File "/lustre/scratch126/cellgen/lotfollahi/ap55/Nonmarkovian/virtualenv/Python3.11.3/lib/python3.10/site-packages/wandb/integration/sagemaker/__init__.py", line 3, in <module>
    from .auth import sagemaker_auth
  File "/lustre/scratch126/cellgen/lotfollahi/ap55/Nonmarkovian/virtualenv/Python3.11.3/lib/python3.10/site-packages/wandb/integration/sagemaker/auth.py", line 8, in <module>
    import wandb.integration.sagemaker as sagemaker
  File "/lustre/scratch126/cellgen/lotfollahi/ap55/Nonmarkovian/virtualenv/Python3.11.3/lib/python3.10/site-packages/wandb/integration/sagemaker/__init__.py", line 3, in <module>
    import wandb.integration.sagemaker as sagemaker
  File "/lustre/scratch126/cellgen/lotfollahi/ap55/Nonmarkovian/virtualenv/Python3.11.3/lib/python3.10/site-packages/wandb/integration/sagemaker/__init__.py", line 3, in <module>
    from .auth import sagemaker_auth
  File "/lustre/scratch126/cellgen/lotfollahi/ap55/Nonmarkovian/virtualenv/Python3.11.3/lib/python3.10/site-packages/wandb/integration/sagemaker/auth.py", line 8, in <module>
    from wandb.sdk.lib import wbauth
  File "/lustre/scratch126/cellgen/lotfollahi/ap55/Nonmarkovian/virtualenv/Python3.11.3/lib/python3.10/site-packages/wandb/sdk/lib/wbauth/__init__.py", line 17, in <module>
    from .auth import sagemaker_auth
  File "/lustre/scratch126/cellgen/lotfollahi/ap55/Nonmarkovian/virtualenv/Python3.11.3/lib/python3.10/site-packages/wandb/integration/sagemaker/auth.py", line 8, in <module>
    from .auth import sagemaker_auth
  File "/lustre/scratch126/cellgen/lotfollahi/ap55/Nonmarkovian/virtualenv/Python3.11.3/lib/python3.10/site-packages/wandb/integration/sagemaker/auth.py", line 8, in <module>
    from wandb.sdk.lib import wbauth
  File "/lustre/scratch126/cellgen/lotfollahi/ap55/Nonmarkovian/virtualenv/Python3.11.3/lib/python3.10/site-packages/wandb/sdk/lib/wbauth/__init__.py", line 17, in <module>
    from wandb.sdk.lib import wbauth
  File "/lustre/scratch126/cellgen/lotfollahi/ap55/Nonmarkovian/virtualenv/Python3.11.3/lib/python3.10/site-packages/wandb/sdk/lib/wbauth/__init__.py", line 17, in <module>
    from wandb.sdk.lib import wbauth
  File "/lustre/scratch126/cellgen/lotfollahi/ap55/Nonmarkovian/virtualenv/Python3.11.3/lib/python3.10/site-packages/wandb/sdk/lib/wbauth/__init__.py", line 17, in <module>
    from .auth import Auth, AuthApiKey, AuthIdentityTokenFile
  File "/lustre/scratch126/cellgen/lotfollahi/ap55/Nonmarkovian/virtualenv/Python3.11.3/lib/python3.10/site-packages/wandb/sdk/lib/wbauth/auth.py", line 7, in <module>
        from .auth import Auth, AuthApiKey, AuthIdentityTokenFilefrom .auth import Auth, AuthApiKey, AuthIdentityTokenFile

  File "/lustre/scratch126/cellgen/lotfollahi/ap55/Nonmarkovian/virtualenv/Python3.11.3/lib/python3.10/site-packages/wandb/sdk/lib/wbauth/auth.py", line 7, in <module>
  File "/lustre/scratch126/cellgen/lotfollahi/ap55/Nonmarkovian/virtualenv/Python3.11.3/lib/python3.10/site-packages/wandb/sdk/lib/wbauth/auth.py", line 7, in <module>
        import requestsfrom .auth import Auth, AuthApiKey, AuthIdentityTokenFile

  File "/lustre/scratch126/cellgen/lotfollahi/ap55/Nonmarkovian/virtualenv/Python3.11.3/lib/python3.10/site-packages/requests/__init__.py", line 45, in <module>
  File "/lustre/scratch126/cellgen/lotfollahi/ap55/Nonmarkovian/virtualenv/Python3.11.3/lib/python3.10/site-packages/wandb/sdk/lib/wbauth/auth.py", line 7, in <module>
    import requests
  File "/lustre/scratch126/cellgen/lotfollahi/ap55/Nonmarkovian/virtualenv/Python3.11.3/lib/python3.10/site-packages/requests/__init__.py", line 43, in <module>
    from .exceptions import RequestsDependencyWarning
  File "/lustre/scratch126/cellgen/lotfollahi/ap55/Nonmarkovian/virtualenv/Python3.11.3/lib/python3.10/site-packages/requests/exceptions.py", line 10, in <module>
    import requests
  File "/lustre/scratch126/cellgen/lotfollahi/ap55/Nonmarkovian/virtualenv/Python3.11.3/lib/python3.10/site-packages/requests/__init__.py", line 43, in <module>
    import requests
  File "/lustre/scratch126/cellgen/lotfollahi/ap55/Nonmarkovian/virtualenv/Python3.11.3/lib/python3.10/site-packages/requests/__init__.py", line 45, in <module>
    import urllib3
  File "/lustre/scratch126/cellgen/lotfollahi/ap55/Nonmarkovian/virtualenv/Python3.11.3/lib/python3.10/site-packages/urllib3/__init__.py", line 18, in <module>
    import urllib3
  File "/lustre/scratch126/cellgen/lotfollahi/ap55/Nonmarkovian/virtualenv/Python3.11.3/lib/python3.10/site-packages/urllib3/__init__.py", line 20, in <module>
    from .compat import JSONDecodeError as CompatJSONDecodeError
  File "/lustre/scratch126/cellgen/lotfollahi/ap55/Nonmarkovian/virtualenv/Python3.11.3/lib/python3.10/site-packages/requests/compat.py", line 42, in <module>
    from .exceptions import RequestsDependencyWarning
  File "/lustre/scratch126/cellgen/lotfollahi/ap55/Nonmarkovian/virtualenv/Python3.11.3/lib/python3.10/site-packages/requests/exceptions.py", line 10, in <module>
    chardet = _resolve_char_detection()        
from .connectionpool import HTTPConnectionPool, HTTPSConnectionPool, connection_from_urlfrom .poolmanager import PoolManager, ProxyManager, proxy_from_url  File "/lustre/scratch126/cellgen/lotfollahi/ap55/Nonmarkovian/virtualenv/Python3.11.3/lib/python3.10/site-packages/requests/compat.py", line 36, in _resolve_char_detection


  File "/lustre/scratch126/cellgen/lotfollahi/ap55/Nonmarkovian/virtualenv/Python3.11.3/lib/python3.10/site-packages/urllib3/connectionpool.py", line 15, in <module>
  File "/lustre/scratch126/cellgen/lotfollahi/ap55/Nonmarkovian/virtualenv/Python3.11.3/lib/python3.10/site-packages/urllib3/poolmanager.py", line 56, in <module>
    from .compat import JSONDecodeError as CompatJSONDecodeError
  File "/lustre/scratch126/cellgen/lotfollahi/ap55/Nonmarkovian/virtualenv/Python3.11.3/lib/python3.10/site-packages/requests/compat.py", line 42, in <module>
    chardet = importlib.import_module(lib)
  File "/usr/lib/python3.10/importlib/__init__.py", line 126, in import_module
    return _bootstrap._gcd_import(name[level:], package, level)
      File "/lustre/scratch126/cellgen/lotfollahi/ap55/Nonmarkovian/virtualenv/Python3.11.3/lib/python3.10/site-packages/charset_normalizer/__init__.py", line 26, in <module>
class PoolKey(typing.NamedTuple):
  File "/usr/lib/python3.10/typing.py", line 2279, in __new__
    chardet = _resolve_char_detection()    
from ._request_methods import RequestMethods  File "/lustre/scratch126/cellgen/lotfollahi/ap55/Nonmarkovian/virtualenv/Python3.11.3/lib/python3.10/site-packages/requests/compat.py", line 36, in _resolve_char_detection

  File "/lustre/scratch126/cellgen/lotfollahi/ap55/Nonmarkovian/virtualenv/Python3.11.3/lib/python3.10/site-packages/urllib3/_request_methods.py", line 10, in <module>
    nm_tpl = _make_nmtuple(typename, types.items(),
  File "/usr/lib/python3.10/typing.py", line 2249, in _make_nmtuple
    types = {n: _type_check(t, f"field {n} annotation must be a type")
  File "/usr/lib/python3.10/typing.py", line 2249, in <dictcomp>
    chardet = importlib.import_module(lib)
      File "/usr/lib/python3.10/importlib/__init__.py", line 126, in import_module
from .api import from_bytes, from_fp, from_path, is_binary
  File "/lustre/scratch126/cellgen/lotfollahi/ap55/Nonmarkovian/virtualenv/Python3.11.3/lib/python3.10/site-packages/charset_normalizer/api.py", line 47, in <module>
    return _bootstrap._gcd_import(name[level:], package, level)
  File "/lustre/scratch126/cellgen/lotfollahi/ap55/Nonmarkovian/virtualenv/Python3.11.3/lib/python3.10/site-packages/charset_normalizer/__init__.py", line 26, in <module>
    types = {n: _type_check(t, f"field {n} annotation must be a type")
  File "/usr/lib/python3.10/typing.py", line 164, in _type_check
    arg = _type_convert(arg, module=module, allow_special_forms=allow_special_forms)
      File "/usr/lib/python3.10/typing.py", line 142, in _type_convert
from .response import BaseHTTPResponse
  File "/lustre/scratch126/cellgen/lotfollahi/ap55/Nonmarkovian/virtualenv/Python3.11.3/lib/python3.10/site-packages/urllib3/response.py", line 31, in <module>
    return ForwardRef(arg, module=module, is_class=allow_special_forms)
  File "/usr/lib/python3.10/typing.py", line 668, in __init__
    code = compile(arg, '<string>', 'eval')
KeyboardInterrupt
    from .api import from_bytes, from_fp, from_path, is_binary
  File "/lustre/scratch126/cellgen/lotfollahi/ap55/Nonmarkovian/virtualenv/Python3.11.3/lib/python3.10/site-packages/charset_normalizer/api.py", line 7, in <module>
    if is_multi_byte_encoding(_supported_enc):
  File "/lustre/scratch126/cellgen/lotfollahi/ap55/Nonmarkovian/virtualenv/Python3.11.3/lib/python3.10/site-packages/charset_normalizer/utils.py", line 281, in is_multi_byte_encoding
    from .connection import BaseSSLError, HTTPConnection, HTTPException
  File "<frozen importlib._bootstrap>", line 1027, in _find_and_load
    from .cd import (
KeyboardInterrupt
      File "<frozen importlib._bootstrap>", line 1006, in _find_and_load_unlocked
importlib.import_module(f"encodings.{name}").IncrementalDecoder,
  File "/usr/lib/python3.10/importlib/__init__.py", line 126, in import_module
  File "<frozen importlib._bootstrap>", line 688, in _load_unlocked
      File "<frozen importlib._bootstrap_external>", line 879, in exec_module
return _bootstrap._gcd_import(name[level:], package, level)
  File "/usr/lib/python3.10/encodings/cp869.py", line 25, in <module>
    class StreamWriter(Codec,codecs.StreamWriter):
KeyboardInterrupt
  File "<frozen importlib._bootstrap_external>", line 975, in get_code
  File "<frozen importlib._bootstrap_external>", line 1073, in get_data
KeyboardInterrupt
Traceback (most recent call last):
  File "/lustre/scratch126/cellgen/lotfollahi/ap55/Nonmarkovian/virtualenv/Python3.11.3/bin/torchrun", line 6, in <module>
    sys.exit(main())
  File "/lustre/scratch126/cellgen/lotfollahi/ap55/Nonmarkovian/virtualenv/Python3.11.3/lib/python3.10/site-packages/torch/distributed/elastic/multiprocessing/errors/__init__.py", line 347, in wrapper
    return f(*args, **kwargs)
  File "/lustre/scratch126/cellgen/lotfollahi/ap55/Nonmarkovian/virtualenv/Python3.11.3/lib/python3.10/site-packages/torch/distributed/run.py", line 879, in main
    run(args)
  File "/lustre/scratch126/cellgen/lotfollahi/ap55/Nonmarkovian/virtualenv/Python3.11.3/lib/python3.10/site-packages/torch/distributed/run.py", line 870, in run
    elastic_launch(
  File "/lustre/scratch126/cellgen/lotfollahi/ap55/Nonmarkovian/virtualenv/Python3.11.3/lib/python3.10/site-packages/torch/distributed/launcher/api.py", line 132, in __call__
    return launch_agent(self._config, self._entrypoint, list(args))
  File "/lustre/scratch126/cellgen/lotfollahi/ap55/Nonmarkovian/virtualenv/Python3.11.3/lib/python3.10/site-packages/torch/distributed/launcher/api.py", line 254, in launch_agent
    result = agent.run()
  File "/lustre/scratch126/cellgen/lotfollahi/ap55/Nonmarkovian/virtualenv/Python3.11.3/lib/python3.10/site-packages/torch/distributed/elastic/metrics/api.py", line 123, in wrapper
    result = f(*args, **kwargs)
  File "/lustre/scratch126/cellgen/lotfollahi/ap55/Nonmarkovian/virtualenv/Python3.11.3/lib/python3.10/site-packages/torch/distributed/elastic/agent/server/api.py", line 733, in run
    result = self._invoke_run(role)
  File "/lustre/scratch126/cellgen/lotfollahi/ap55/Nonmarkovian/virtualenv/Python3.11.3/lib/python3.10/site-packages/torch/distributed/elastic/agent/server/api.py", line 876, in _invoke_run
    time.sleep(monitor_interval)
  File "/lustre/scratch126/cellgen/lotfollahi/ap55/Nonmarkovian/virtualenv/Python3.11.3/lib/python3.10/site-packages/torch/distributed/elastic/multiprocessing/api.py", line 76, in _terminate_process_handler
    raise SignalException(f"Process {os.getpid()} got signal: {sigval}", sigval=sigval)
torch.distributed.elastic.multiprocessing.api.SignalException: Process 3722195 got signal: 2
