W0504 05:51:31.435000 22501832365184 torch/distributed/run.py:757] 
W0504 05:51:31.435000 22501832365184 torch/distributed/run.py:757] *****************************************
W0504 05:51:31.435000 22501832365184 torch/distributed/run.py:757] Setting OMP_NUM_THREADS environment variable for each process to be 1 in default, to avoid your system being overloaded, please further tune the variable for optimal performance in your application as needed. 
W0504 05:51:31.435000 22501832365184 torch/distributed/run.py:757] *****************************************
/lustre/scratch126/cellgen/lotfollahi/ap55/Nonmarkovian/nonmarkovian/train.py:496: UserWarning: FBCNN checkpoint has 20 conv layers but CNNModel(num_cnn_stacks=1) has 5. Uninitialized layers make FBD meaningless (often ~0 for random vs real). Use --fbcnn_stacks 4 if the checkpoint uses stacks of 5 convs each.
  fbcnn = load_fbcnn_classifier(
[rank0]: Traceback (most recent call last):
[rank0]:   File "/usr/lib/python3.10/runpy.py", line 196, in _run_module_as_main
[rank0]:     return _run_code(code, main_globals, None,
[rank0]:   File "/usr/lib/python3.10/runpy.py", line 86, in _run_code
[rank0]:     exec(code, run_globals)
[rank0]:   File "/lustre/scratch126/cellgen/lotfollahi/ap55/Nonmarkovian/nonmarkovian/train.py", line 984, in <module>
[rank0]:     main()
[rank0]:   File "/lustre/scratch126/cellgen/lotfollahi/ap55/Nonmarkovian/nonmarkovian/train.py", line 496, in main
[rank0]:     fbcnn = load_fbcnn_classifier(
[rank0]:   File "/lustre/scratch126/cellgen/lotfollahi/ap55/Nonmarkovian/nonmarkovian/fbcnn.py", line 215, in load_fbcnn_classifier
[rank0]:     inc = model.load_state_dict(raw_sd, strict=False)
[rank0]:   File "/lustre/scratch126/cellgen/lotfollahi/ap55/Nonmarkovian/virtualenv/Python3.11.3/lib/python3.10/site-packages/torch/nn/modules/module.py", line 2189, in load_state_dict
[rank0]:     raise RuntimeError('Error(s) in loading state_dict for {}:\n\t{}'.format(
[rank0]: RuntimeError: Error(s) in loading state_dict for CNNModel:
[rank0]: 	size mismatch for cls_head.2.weight: copying a param with shape torch.Size([47, 128]) from checkpoint, the shape in current model is torch.Size([81, 128]).
[rank0]: 	size mismatch for cls_head.2.bias: copying a param with shape torch.Size([47]) from checkpoint, the shape in current model is torch.Size([81]).
W0504 05:51:51.584000 22501832365184 torch/distributed/elastic/multiprocessing/api.py:851] Sending process 4022323 closing signal SIGTERM
W0504 05:51:51.584000 22501832365184 torch/distributed/elastic/multiprocessing/api.py:851] Sending process 4022324 closing signal SIGTERM
W0504 05:51:51.584000 22501832365184 torch/distributed/elastic/multiprocessing/api.py:851] Sending process 4022325 closing signal SIGTERM
E0504 05:51:52.667000 22501832365184 torch/distributed/elastic/multiprocessing/api.py:826] failed (exitcode: 1) local_rank: 0 (pid: 4022322) of binary: /lustre/scratch126/cellgen/lotfollahi/ap55/Nonmarkovian/virtualenv/Python3.11.3/bin/python
Traceback (most recent call last):
  File "/lustre/scratch126/cellgen/lotfollahi/ap55/Nonmarkovian/virtualenv/Python3.11.3/bin/torchrun", line 6, in <module>
    sys.exit(main())
  File "/lustre/scratch126/cellgen/lotfollahi/ap55/Nonmarkovian/virtualenv/Python3.11.3/lib/python3.10/site-packages/torch/distributed/elastic/multiprocessing/errors/__init__.py", line 347, in wrapper
    return f(*args, **kwargs)
  File "/lustre/scratch126/cellgen/lotfollahi/ap55/Nonmarkovian/virtualenv/Python3.11.3/lib/python3.10/site-packages/torch/distributed/run.py", line 879, in main
    run(args)
  File "/lustre/scratch126/cellgen/lotfollahi/ap55/Nonmarkovian/virtualenv/Python3.11.3/lib/python3.10/site-packages/torch/distributed/run.py", line 870, in run
    elastic_launch(
  File "/lustre/scratch126/cellgen/lotfollahi/ap55/Nonmarkovian/virtualenv/Python3.11.3/lib/python3.10/site-packages/torch/distributed/launcher/api.py", line 132, in __call__
    return launch_agent(self._config, self._entrypoint, list(args))
  File "/lustre/scratch126/cellgen/lotfollahi/ap55/Nonmarkovian/virtualenv/Python3.11.3/lib/python3.10/site-packages/torch/distributed/launcher/api.py", line 263, in launch_agent
    raise ChildFailedError(
torch.distributed.elastic.multiprocessing.errors.ChildFailedError: 
============================================================
nonmarkovian.train FAILED
------------------------------------------------------------
Failures:
  <NO_OTHER_FAILURES>
------------------------------------------------------------
Root Cause (first observed failure):
[0]:
  time      : 2026-05-04_05:51:51
  host      : farm-gpu0507.internal.sanger.ac.uk
  rank      : 0 (local_rank: 0)
  exitcode  : 1 (pid: 4022322)
  error_file: <N/A>
  traceback : To enable traceback see: https://pytorch.org/docs/stable/elastic/errors.html
============================================================
