W0503 17:26:38.987000 23316732343424 torch/distributed/run.py:757] 
W0503 17:26:38.987000 23316732343424 torch/distributed/run.py:757] *****************************************
W0503 17:26:38.987000 23316732343424 torch/distributed/run.py:757] Setting OMP_NUM_THREADS environment variable for each process to be 1 in default, to avoid your system being overloaded, please further tune the variable for optimal performance in your application as needed. 
W0503 17:26:38.987000 23316732343424 torch/distributed/run.py:757] *****************************************
wandb: [wandb.login()] Loaded credentials for https://api.wandb.ai from /nfs/users/nfs_a/ap55/.netrc.
wandb: Currently logged in as: arian-yazdan2001 (shariflab) to https://api.wandb.ai. Use `wandb login --relogin` to force relogin
wandb: setting up run ev1lplth
wandb: Tracking run with wandb version 0.26.0
wandb: Run data is saved locally in /lustre/scratch126/cellgen/lotfollahi/ap55/Nonmarkovian/wandb/run-20260503_172654-ev1lplth
wandb: Run `wandb offline` to turn off syncing.
wandb: Syncing run simple_cnn_slm_fb
wandb: ⭐️ View project at https://wandb.ai/shariflab/nonmarkovian
wandb: 🚀 View run at https://wandb.ai/shariflab/nonmarkovian/runs/ev1lplth
wandb: updating run metadata
wandb: uploading wandb-summary.json; uploading config.yaml; uploading output.log
wandb: uploading history steps 262400-262400, summary, console lines 3229-3240
wandb: 
wandb: Run history:
wandb:                            epoch ▁▁▁▁▂▂▃▃▃▄▄▄▄▄▄▅▅▅▅▅▅▅▆▆▆▆▆▆▆▇▇▇▇▇▇▇▇▇██
wandb:           model/total_parameters ▁
wandb: model/trainable_model_parameters ▁
wandb:       model/trainable_parameters ▁
wandb:     test/fbd_random_dna_baseline ▁
wandb:                  train/batch_idx ▂▇▇▃▂▁▂▇▇▃▆▂▅▅▇▃▆▆▆█▄▁▁▇▄▄▇▄▇▄▃▇▂▇▄▃█▁▂▄
wandb:                 train/batch_size ▁▁▁▁▁▁▁▁▁▁▁▁▁▁▁▁▁▁▁▁▁▁▁▁▁▁▁▁▁▁▁▁▁▁▁▁▁▁▁▁
wandb:          train/batches_per_epoch ▁▁▁▁▁▁▁▁▁▁▁▁▁▁▁▁▁▁▁▁▁▁▁▁▁▁▁▁▁▁▁▁▁▁▁▁▁▁▁▁
wandb:                  train/diff_loss ▁▁▇█▃▃▂▆▆▄▄▃▁█▃▇▁▂▁▂▅▄▂▃▂█▂▆▁▃▂▃▁▁▁█▂▃▇▂
wandb:             train/epoch_loss_avg █▃▄▃▃▃▄▃▂▄▁▃▃▂▃▃▂▂▂▂▁▂▂▃▁▁▂▃▂▂▃▂▂▁▂▂▂▂▃▂
wandb:                              +39 ...
wandb: 
wandb: Run summary:
wandb:                checkpoint_best_path /lustre/scratch126/c...
wandb:            checkpoint_best_val_loss 0.52308
wandb: checkpoint_best_val_loss_no_history 0.93775
wandb:                     checkpoint_path /lustre/scratch126/c...
wandb:                    cuda_device_name NVIDIA H200
wandb:                         cuda_usable True
wandb:                        dataset_size 83726
wandb:                              device cuda:0
wandb:                         distributed True
wandb:                               epoch 800
wandb:                                 +53 ...
wandb: 
wandb: 🚀 View run simple_cnn_slm_fb at: https://wandb.ai/shariflab/nonmarkovian/runs/ev1lplth
wandb: ⭐️ View project at: https://wandb.ai/shariflab/nonmarkovian
wandb: Synced 5 W&B file(s), 0 media file(s), 0 artifact file(s) and 0 other file(s)
wandb: Find logs at: ./wandb/run-20260503_172654-ev1lplth/logs
