W0415 16:31:37.507000 2608572 torch/distributed/run.py:792] 
W0415 16:31:37.507000 2608572 torch/distributed/run.py:792] *****************************************
W0415 16:31:37.507000 2608572 torch/distributed/run.py:792] Setting OMP_NUM_THREADS environment variable for each process to be 1 in default, to avoid your system being overloaded, please further tune the variable for optimal performance in your application as needed. 
W0415 16:31:37.507000 2608572 torch/distributed/run.py:792] *****************************************
/lustre/scratch126/cellgen/lotfollahi/ap55/Nonmarkovian/nonmarkovian/fbcnn.py:198: UserWarning: FBCNN load_state_dict incomplete: missing=90 unexpected=0 (first missing: ['convs.5.weight', 'convs.5.bias', 'convs.6.weight', 'convs.6.bias', 'convs.7.weight'], first unexpected: [])
  warnings.warn(
wandb: [wandb.login()] Loaded credentials for https://api.wandb.ai from /nfs/users/nfs_a/ap55/.netrc.
wandb: Currently logged in as: arian-yazdan2001 (shariflab) to https://api.wandb.ai. Use `wandb login --relogin` to force relogin
wandb: setting up run jp2kjckb
wandb: Tracking run with wandb version 0.26.0
wandb: Run data is saved locally in /lustre/scratch126/cellgen/lotfollahi/ap55/Nonmarkovian/wandb/run-20260415_163205-jp2kjckb
wandb: Run `wandb offline` to turn off syncing.
wandb: Syncing run routed_small_110m
wandb: ⭐️ View project at https://wandb.ai/shariflab/nonmarkovian
wandb: 🚀 View run at https://wandb.ai/shariflab/nonmarkovian/runs/jp2kjckb
/lustre/scratch126/cellgen/lotfollahi/ap55/Nonmarkovian/nonmarkovian/dit.py:323: FutureWarning: `torch.cuda.amp.autocast(args...)` is deprecated. Please use `torch.amp.autocast('cuda', args...)` instead.
  return torch.cuda.amp.autocast(dtype=torch.bfloat16)
/lustre/scratch126/cellgen/lotfollahi/ap55/Nonmarkovian/nonmarkovian/dit.py:323: FutureWarning: `torch.cuda.amp.autocast(args...)` is deprecated. Please use `torch.amp.autocast('cuda', args...)` instead.
  return torch.cuda.amp.autocast(dtype=torch.bfloat16)
/lustre/scratch126/cellgen/lotfollahi/ap55/Nonmarkovian/nonmarkovian/dit.py:323: FutureWarning: `torch.cuda.amp.autocast(args...)` is deprecated. Please use `torch.amp.autocast('cuda', args...)` instead.
  return torch.cuda.amp.autocast(dtype=torch.bfloat16)
/lustre/scratch126/cellgen/lotfollahi/ap55/Nonmarkovian/nonmarkovian/dit.py:323: FutureWarning: `torch.cuda.amp.autocast(args...)` is deprecated. Please use `torch.amp.autocast('cuda', args...)` instead.
  return torch.cuda.amp.autocast(dtype=torch.bfloat16)
/lustre/scratch126/cellgen/lotfollahi/ap55/Nonmarkovian/nonmarkovian/dit.py:177: FutureWarning: `torch.cuda.amp.autocast(args...)` is deprecated. Please use `torch.amp.autocast('cuda', args...)` instead.
  with torch.cuda.amp.autocast(enabled=False):
/lustre/scratch126/cellgen/lotfollahi/ap55/Nonmarkovian/nonmarkovian/dit.py:177: FutureWarning: `torch.cuda.amp.autocast(args...)` is deprecated. Please use `torch.amp.autocast('cuda', args...)` instead.
  with torch.cuda.amp.autocast(enabled=False):
/lustre/scratch126/cellgen/lotfollahi/ap55/Nonmarkovian/nonmarkovian/dit.py:177: FutureWarning: `torch.cuda.amp.autocast(args...)` is deprecated. Please use `torch.amp.autocast('cuda', args...)` instead.
  with torch.cuda.amp.autocast(enabled=False):
/lustre/scratch126/cellgen/lotfollahi/ap55/Nonmarkovian/nonmarkovian/dit.py:177: FutureWarning: `torch.cuda.amp.autocast(args...)` is deprecated. Please use `torch.amp.autocast('cuda', args...)` instead.
  with torch.cuda.amp.autocast(enabled=False):
[rank3]:[W415 16:32:16.207469681 reducer.cpp:1400] Warning: find_unused_parameters=True was specified in DDP constructor, but did not find any unused parameters in the forward pass. This flag results in an extra traversal of the autograd graph every iteration,  which can adversely affect performance. If your model indeed never has any unused parameters in the forward pass, consider turning this flag off. Note that this warning may be a false positive if your model has flow control causing later iterations to have unused parameters. (function operator())
[rank1]:[W415 16:32:16.207505136 reducer.cpp:1400] Warning: find_unused_parameters=True was specified in DDP constructor, but did not find any unused parameters in the forward pass. This flag results in an extra traversal of the autograd graph every iteration,  which can adversely affect performance. If your model indeed never has any unused parameters in the forward pass, consider turning this flag off. Note that this warning may be a false positive if your model has flow control causing later iterations to have unused parameters. (function operator())
[rank0]:[W415 16:32:16.207523239 reducer.cpp:1400] Warning: find_unused_parameters=True was specified in DDP constructor, but did not find any unused parameters in the forward pass. This flag results in an extra traversal of the autograd graph every iteration,  which can adversely affect performance. If your model indeed never has any unused parameters in the forward pass, consider turning this flag off. Note that this warning may be a false positive if your model has flow control causing later iterations to have unused parameters. (function operator())
[rank2]:[W415 16:32:16.207603266 reducer.cpp:1400] Warning: find_unused_parameters=True was specified in DDP constructor, but did not find any unused parameters in the forward pass. This flag results in an extra traversal of the autograd graph every iteration,  which can adversely affect performance. If your model indeed never has any unused parameters in the forward pass, consider turning this flag off. Note that this warning may be a false positive if your model has flow control causing later iterations to have unused parameters. (function operator())
Exception ignored in atexit callbackException ignored in atexit callbackException ignored in atexit callback: : <function cleanup_process_group at 0x149ca223bbe0><function cleanup_process_group at 0x14dbab237be0>

Traceback (most recent call last):
Traceback (most recent call last):
  File "/lustre/scratch126/cellgen/lotfollahi/ap55/Nonmarkovian/nonmarkovian/distributed_utils.py", line 47, in cleanup_process_group
  File "/lustre/scratch126/cellgen/lotfollahi/ap55/Nonmarkovian/nonmarkovian/distributed_utils.py", line 47, in cleanup_process_group
: <function cleanup_process_group at 0x14ac8fa33be0>
Traceback (most recent call last):
  File "/lustre/scratch126/cellgen/lotfollahi/ap55/Nonmarkovian/nonmarkovian/distributed_utils.py", line 47, in cleanup_process_group
        dist.destroy_process_group()dist.destroy_process_group()

  File "/lustre/scratch126/cellgen/lotfollahi/ap55/Nonmarkovian/virtualenv/Python3.11.3/lib/python3.10/site-packages/torch/distributed/distributed_c10d.py", line 2146, in destroy_process_group
  File "/lustre/scratch126/cellgen/lotfollahi/ap55/Nonmarkovian/virtualenv/Python3.11.3/lib/python3.10/site-packages/torch/distributed/distributed_c10d.py", line 2146, in destroy_process_group
    dist.destroy_process_group()
  File "/lustre/scratch126/cellgen/lotfollahi/ap55/Nonmarkovian/virtualenv/Python3.11.3/lib/python3.10/site-packages/torch/distributed/distributed_c10d.py", line 2146, in destroy_process_group
        _shutdown_backend(pg_to_shutdown)
_shutdown_backend(pg_to_shutdown)  File "/lustre/scratch126/cellgen/lotfollahi/ap55/Nonmarkovian/virtualenv/Python3.11.3/lib/python3.10/site-packages/torch/distributed/distributed_c10d.py", line 1815, in _shutdown_backend

  File "/lustre/scratch126/cellgen/lotfollahi/ap55/Nonmarkovian/virtualenv/Python3.11.3/lib/python3.10/site-packages/torch/distributed/distributed_c10d.py", line 1815, in _shutdown_backend
    _shutdown_backend(pg_to_shutdown)
  File "/lustre/scratch126/cellgen/lotfollahi/ap55/Nonmarkovian/virtualenv/Python3.11.3/lib/python3.10/site-packages/torch/distributed/distributed_c10d.py", line 1815, in _shutdown_backend
    backend._shutdown()
torch.distributed    .backend._shutdown()DistBackendError
: torch.distributedNCCL error in: /pytorch/torch/csrc/distributed/c10d/NCCLUtils.cpp:133, unhandled cuda error (run with NCCL_DEBUG=INFO for details), NCCL version 2.21.5
ncclUnhandledCudaError: Call to CUDA function failed.
Last error:
Cuda failure 'CUDA-capable device(s) is/are busy or unavailable'.
DistBackendError: NCCL error in: /pytorch/torch/csrc/distributed/c10d/NCCLUtils.cpp:133, unhandled cuda error (run with NCCL_DEBUG=INFO for details), NCCL version 2.21.5
ncclUnhandledCudaError: Call to CUDA function failed.
Last error:
Cuda failure 'CUDA-capable device(s) is/are busy or unavailable'
    backend._shutdown()
torch.distributed.DistBackendError: NCCL error in: /pytorch/torch/csrc/distributed/c10d/NCCLUtils.cpp:133, unhandled cuda error (run with NCCL_DEBUG=INFO for details), NCCL version 2.21.5
ncclUnhandledCudaError: Call to CUDA function failed.
Last error:
Cuda failure 'CUDA-capable device(s) is/are busy or unavailable'
wandb: uploading history steps 1640-1640, summary, console lines 13-14
wandb: 
wandb: Run history:
wandb:                            epoch ▁▁▁▁▁▁▁▃▃▃▃▃▃▃▃▅▅▅▅▅▅▅▅▅▅▆▆▆▆▆▆▆████████
wandb:           model/total_parameters ▁
wandb: model/trainable_model_parameters ▁
wandb:       model/trainable_parameters ▁
wandb:                  train/batch_idx ▂▄▄▆▆▇▇▁▂▂▃▅▆█▁▃▃▅▅▅▇██▃▃▃▄▅▅▅▆▆▇▇▁▄▅▅▆█
wandb:                 train/batch_size ▁▁▁▁▁▁▁▁▁▁▁▁▁▁▁▁▁▁▁▁▁▁▁▁▁▁▁▁▁▁▁▁▁▁▁▁▁▁▁▁
wandb:          train/batches_per_epoch ▁▁▁▁▁▁▁▁▁▁▁▁▁▁▁▁▁▁▁▁▁▁▁▁▁▁▁▁▁▁▁▁▁▁▁▁▁▁▁▁
wandb:                  train/diff_loss ▂▁▁▄▁▁▁█▁▂▁▁▁▁▅▅▁▇▁▁▁▄▁▁▁▁▁▁▁█▁▁▆▁▁▁▁▁▁▁
wandb:             train/epoch_loss_avg █▂▃▂▁
wandb:            train/grad_norm_model ▇▂▁▄▂▁▃▃▂▁▁▁▁▂▁▁▂▂▂▂▁▂▂▂▂▂▂▂▃▁██▂▁▁▂▃▁▂▁
wandb:                              +20 ...
wandb: 
wandb: Run summary:
wandb:        checkpoint_path /lustre/scratch126/c...
wandb:       cuda_device_name NVIDIA H200
wandb:            cuda_usable True
wandb:           dataset_size 83726
wandb:                 device cuda:0
wandb:            distributed True
wandb:                  epoch 5
wandb:             fbcnn_ckpt /lustre/scratch126/c...
wandb:          fbd_embedding fbcnn
wandb: model/total_parameters 130053124.0
wandb:                    +30 ...
wandb: 
wandb: 🚀 View run routed_small_110m at: https://wandb.ai/shariflab/nonmarkovian/runs/jp2kjckb
wandb: ⭐️ View project at: https://wandb.ai/shariflab/nonmarkovian
wandb: Synced 5 W&B file(s), 0 media file(s), 0 artifact file(s) and 0 other file(s)
wandb: Find logs at: ./wandb/run-20260415_163205-jp2kjckb/logs
