W0416 04:45:53.265000 2776621 torch/distributed/run.py:792] 
W0416 04:45:53.265000 2776621 torch/distributed/run.py:792] *****************************************
W0416 04:45:53.265000 2776621 torch/distributed/run.py:792] Setting OMP_NUM_THREADS environment variable for each process to be 1 in default, to avoid your system being overloaded, please further tune the variable for optimal performance in your application as needed. 
W0416 04:45:53.265000 2776621 torch/distributed/run.py:792] *****************************************
/lustre/scratch126/cellgen/lotfollahi/ap55/Nonmarkovian/nonmarkovian/fbcnn.py:198: UserWarning: FBCNN load_state_dict incomplete: missing=90 unexpected=0 (first missing: ['convs.5.weight', 'convs.5.bias', 'convs.6.weight', 'convs.6.bias', 'convs.7.weight'], first unexpected: [])
  warnings.warn(
wandb: [wandb.login()] Loaded credentials for https://api.wandb.ai from /nfs/users/nfs_a/ap55/.netrc.
wandb: Currently logged in as: arian-yazdan2001 (shariflab) to https://api.wandb.ai. Use `wandb login --relogin` to force relogin
wandb: setting up run avm2ctak
wandb: Tracking run with wandb version 0.26.0
wandb: Run data is saved locally in /lustre/scratch126/cellgen/lotfollahi/ap55/Nonmarkovian/wandb/run-20260416_044633-avm2ctak
wandb: Run `wandb offline` to turn off syncing.
wandb: Syncing run routed_small_110m
wandb: ⭐️ View project at https://wandb.ai/shariflab/nonmarkovian
wandb: 🚀 View run at https://wandb.ai/shariflab/nonmarkovian/runs/avm2ctak
/lustre/scratch126/cellgen/lotfollahi/ap55/Nonmarkovian/nonmarkovian/dit.py:323: FutureWarning: `torch.cuda.amp.autocast(args...)` is deprecated. Please use `torch.amp.autocast('cuda', args...)` instead.
  return torch.cuda.amp.autocast(dtype=torch.bfloat16)
/lustre/scratch126/cellgen/lotfollahi/ap55/Nonmarkovian/nonmarkovian/dit.py:323: FutureWarning: `torch.cuda.amp.autocast(args...)` is deprecated. Please use `torch.amp.autocast('cuda', args...)` instead.
  return torch.cuda.amp.autocast(dtype=torch.bfloat16)
/lustre/scratch126/cellgen/lotfollahi/ap55/Nonmarkovian/nonmarkovian/dit.py:323: FutureWarning: `torch.cuda.amp.autocast(args...)` is deprecated. Please use `torch.amp.autocast('cuda', args...)` instead.
  return torch.cuda.amp.autocast(dtype=torch.bfloat16)
/lustre/scratch126/cellgen/lotfollahi/ap55/Nonmarkovian/nonmarkovian/dit.py:323: FutureWarning: `torch.cuda.amp.autocast(args...)` is deprecated. Please use `torch.amp.autocast('cuda', args...)` instead.
  return torch.cuda.amp.autocast(dtype=torch.bfloat16)
/lustre/scratch126/cellgen/lotfollahi/ap55/Nonmarkovian/nonmarkovian/dit.py:177: FutureWarning: `torch.cuda.amp.autocast(args...)` is deprecated. Please use `torch.amp.autocast('cuda', args...)` instead.
  with torch.cuda.amp.autocast(enabled=False):
/lustre/scratch126/cellgen/lotfollahi/ap55/Nonmarkovian/nonmarkovian/dit.py:177: FutureWarning: `torch.cuda.amp.autocast(args...)` is deprecated. Please use `torch.amp.autocast('cuda', args...)` instead.
  with torch.cuda.amp.autocast(enabled=False):
/lustre/scratch126/cellgen/lotfollahi/ap55/Nonmarkovian/nonmarkovian/dit.py:177: FutureWarning: `torch.cuda.amp.autocast(args...)` is deprecated. Please use `torch.amp.autocast('cuda', args...)` instead.
  with torch.cuda.amp.autocast(enabled=False):
/lustre/scratch126/cellgen/lotfollahi/ap55/Nonmarkovian/nonmarkovian/dit.py:177: FutureWarning: `torch.cuda.amp.autocast(args...)` is deprecated. Please use `torch.amp.autocast('cuda', args...)` instead.
  with torch.cuda.amp.autocast(enabled=False):
[rank2]:[W416 04:47:56.140820490 reducer.cpp:1400] Warning: find_unused_parameters=True was specified in DDP constructor, but did not find any unused parameters in the forward pass. This flag results in an extra traversal of the autograd graph every iteration,  which can adversely affect performance. If your model indeed never has any unused parameters in the forward pass, consider turning this flag off. Note that this warning may be a false positive if your model has flow control causing later iterations to have unused parameters. (function operator())
[rank3]:[W416 04:47:56.140824339 reducer.cpp:1400] Warning: find_unused_parameters=True was specified in DDP constructor, but did not find any unused parameters in the forward pass. This flag results in an extra traversal of the autograd graph every iteration,  which can adversely affect performance. If your model indeed never has any unused parameters in the forward pass, consider turning this flag off. Note that this warning may be a false positive if your model has flow control causing later iterations to have unused parameters. (function operator())
[rank1]:[W416 04:47:56.140837668 reducer.cpp:1400] Warning: find_unused_parameters=True was specified in DDP constructor, but did not find any unused parameters in the forward pass. This flag results in an extra traversal of the autograd graph every iteration,  which can adversely affect performance. If your model indeed never has any unused parameters in the forward pass, consider turning this flag off. Note that this warning may be a false positive if your model has flow control causing later iterations to have unused parameters. (function operator())
[rank0]:[W416 04:47:56.140850728 reducer.cpp:1400] Warning: find_unused_parameters=True was specified in DDP constructor, but did not find any unused parameters in the forward pass. This flag results in an extra traversal of the autograd graph every iteration,  which can adversely affect performance. If your model indeed never has any unused parameters in the forward pass, consider turning this flag off. Note that this warning may be a false positive if your model has flow control causing later iterations to have unused parameters. (function operator())
W0416 05:10:40.537000 2776621 torch/distributed/elastic/agent/server/api.py:719] Received Signals.SIGINT death signal, shutting down workers
W0416 05:10:40.539000 2776621 torch/distributed/elastic/multiprocessing/api.py:897] Sending process 2776937 closing signal SIGINT
W0416 05:10:40.539000 2776621 torch/distributed/elastic/multiprocessing/api.py:897] Sending process 2776938 closing signal SIGINT
wandb: ERROR Control-C detected -- Run data was not synced
W0416 05:10:40.539000 2776621 torch/distributed/elastic/multiprocessing/api.py:897] Sending process 2776939 closing signal SIGINT
W0416 05:10:40.539000 2776621 torch/distributed/elastic/multiprocessing/api.py:897] Sending process 2776940 closing signal SIGINT
[rank3]: Traceback (most recent call last):
[rank3]:   File "/usr/lib/python3.10/runpy.py", line 196, in _run_module_as_main
[rank3]:     return _run_code(code, main_globals, None,
[rank3]:   File "/usr/lib/python3.10/runpy.py", line 86, in _run_code
[rank3]:     exec(code, run_globals)
[rank3]:   File "/lustre/scratch126/cellgen/lotfollahi/ap55/Nonmarkovian/nonmarkovian/train.py", line 609, in <module>
[rank3]:   File "/lustre/scratch126/cellgen/lotfollahi/ap55/Nonmarkovian/nonmarkovian/train.py", line 301, in main
[rank3]:     wandb.summary["fbd_embedding"] = "fbcnn"
[rank3]:   File "/lustre/scratch126/cellgen/lotfollahi/ap55/Nonmarkovian/nonmarkovian/train.py", line 454, in _train_loop
[rank3]:     sum_ms_fwd += ms_fwd
[rank3]: KeyboardInterrupt
[rank2]: Traceback (most recent call last):
[rank2]:   File "/usr/lib/python3.10/runpy.py", line 196, in _run_module_as_main
[rank2]:     return _run_code(code, main_globals, None,
[rank2]:   File "/usr/lib/python3.10/runpy.py", line 86, in _run_code
[rank2]:     exec(code, run_globals)
[rank2]:   File "/lustre/scratch126/cellgen/lotfollahi/ap55/Nonmarkovian/nonmarkovian/train.py", line 609, in <module>
[rank2]:   File "/lustre/scratch126/cellgen/lotfollahi/ap55/Nonmarkovian/nonmarkovian/train.py", line 301, in main
[rank2]:     wandb.summary["fbd_embedding"] = "fbcnn"
[rank2]:   File "/lustre/scratch126/cellgen/lotfollahi/ap55/Nonmarkovian/nonmarkovian/train.py", line 454, in _train_loop
[rank2]:     sum_ms_fwd += ms_fwd
[rank2]: KeyboardInterrupt
[rank1]: Traceback (most recent call last):
[rank1]:   File "/usr/lib/python3.10/runpy.py", line 196, in _run_module_as_main
[rank1]:     return _run_code(code, main_globals, None,
[rank1]:   File "/usr/lib/python3.10/runpy.py", line 86, in _run_code
[rank1]:   File "/lustre/scratch126/cellgen/lotfollahi/ap55/Nonmarkovian/nonmarkovian/train.py", line 609, in <module>
[rank1]:     barrier()
[rank1]:   File "/lustre/scratch126/cellgen/lotfollahi/ap55/Nonmarkovian/nonmarkovian/train.py", line 301, in main
[rank1]:     wandb.summary["fbd_embedding"] = "fbcnn"
[rank1]:   File "/lustre/scratch126/cellgen/lotfollahi/ap55/Nonmarkovian/nonmarkovian/train.py", line 454, in _train_loop
[rank1]:     sum_ms_fwd += ms_fwd
[rank1]: KeyboardInterrupt
Traceback (most recent call last):
  File "/lustre/scratch126/cellgen/lotfollahi/ap55/Nonmarkovian/nonmarkovian/train.py", line 301, in main
    wandb.summary["fbd_embedding"] = "fbcnn"
  File "/lustre/scratch126/cellgen/lotfollahi/ap55/Nonmarkovian/nonmarkovian/train.py", line 454, in _train_loop
    sum_ms_fwd += ms_fwd
KeyboardInterrupt

During handling of the above exception, another exception occurred:

Traceback (most recent call last):
  File "/usr/lib/python3.10/runpy.py", line 196, in _run_module_as_main
    return _run_code(code, main_globals, None,
  File "/usr/lib/python3.10/runpy.py", line 86, in _run_code
    exec(code, run_globals)
  File "/lustre/scratch126/cellgen/lotfollahi/ap55/Nonmarkovian/nonmarkovian/train.py", line 609, in <module>
    barrier()
  File "/lustre/scratch126/cellgen/lotfollahi/ap55/Nonmarkovian/nonmarkovian/train.py", line 317, in main
    train_sampler=train_sampler,
  File "/lustre/scratch126/cellgen/lotfollahi/ap55/Nonmarkovian/virtualenv/Python3.11.3/lib/python3.10/site-packages/wandb/sdk/wandb_run.py", line 4120, in finish
    wandb.run.finish(exit_code=exit_code, quiet=quiet)
  File "/lustre/scratch126/cellgen/lotfollahi/ap55/Nonmarkovian/virtualenv/Python3.11.3/lib/python3.10/site-packages/wandb/sdk/wandb_run.py", line 399, in wrapper
    return func(self, *args, **kwargs)
  File "/lustre/scratch126/cellgen/lotfollahi/ap55/Nonmarkovian/virtualenv/Python3.11.3/lib/python3.10/site-packages/wandb/sdk/wandb_run.py", line 444, in wrapper
    return func(self, *args, **kwargs)
  File "/lustre/scratch126/cellgen/lotfollahi/ap55/Nonmarkovian/virtualenv/Python3.11.3/lib/python3.10/site-packages/wandb/sdk/wandb_run.py", line 2297, in finish
    return self._finish(exit_code)
  File "/lustre/scratch126/cellgen/lotfollahi/ap55/Nonmarkovian/virtualenv/Python3.11.3/lib/python3.10/site-packages/wandb/sdk/wandb_run.py", line 399, in wrapper
    return func(self, *args, **kwargs)
  File "/lustre/scratch126/cellgen/lotfollahi/ap55/Nonmarkovian/virtualenv/Python3.11.3/lib/python3.10/site-packages/wandb/sdk/wandb_run.py", line 2325, in _finish
    self._atexit_cleanup(exit_code=exit_code)
  File "/lustre/scratch126/cellgen/lotfollahi/ap55/Nonmarkovian/virtualenv/Python3.11.3/lib/python3.10/site-packages/wandb/sdk/wandb_run.py", line 2519, in _atexit_cleanup
    self._on_finish()
  File "/lustre/scratch126/cellgen/lotfollahi/ap55/Nonmarkovian/virtualenv/Python3.11.3/lib/python3.10/site-packages/wandb/sdk/wandb_run.py", line 2729, in _on_finish
    self._console_stop()  # TODO: there's a race here with jupyter console logging
  File "/lustre/scratch126/cellgen/lotfollahi/ap55/Nonmarkovian/virtualenv/Python3.11.3/lib/python3.10/site-packages/wandb/sdk/wandb_run.py", line 2548, in _console_stop
    self._restore()
  File "/lustre/scratch126/cellgen/lotfollahi/ap55/Nonmarkovian/virtualenv/Python3.11.3/lib/python3.10/site-packages/wandb/sdk/wandb_run.py", line 2490, in _restore
    logger.info("restore")
  File "/usr/lib/python3.10/logging/__init__.py", line 1477, in info
    self._log(INFO, msg, args, **kwargs)
  File "/usr/lib/python3.10/logging/__init__.py", line 1624, in _log
    self.handle(record)
  File "/usr/lib/python3.10/logging/__init__.py", line 1634, in handle
    self.callHandlers(record)
  File "/usr/lib/python3.10/logging/__init__.py", line 1696, in callHandlers
    hdlr.handle(record)
  File "/usr/lib/python3.10/logging/__init__.py", line 968, in handle
    self.emit(record)
  File "/usr/lib/python3.10/logging/__init__.py", line 1218, in emit
    StreamHandler.emit(self, record)
  File "/usr/lib/python3.10/logging/__init__.py", line 1104, in emit
    self.flush()
  File "/usr/lib/python3.10/logging/__init__.py", line 1084, in flush
    self.stream.flush()
KeyboardInterrupt
[rank0]: Traceback (most recent call last):
[rank0]:   File "/lustre/scratch126/cellgen/lotfollahi/ap55/Nonmarkovian/nonmarkovian/train.py", line 301, in main
[rank0]:     wandb.summary["fbd_embedding"] = "fbcnn"
[rank0]:   File "/lustre/scratch126/cellgen/lotfollahi/ap55/Nonmarkovian/nonmarkovian/train.py", line 454, in _train_loop
[rank0]:     sum_ms_fwd += ms_fwd
[rank0]: KeyboardInterrupt

[rank0]: During handling of the above exception, another exception occurred:

[rank0]: Traceback (most recent call last):
[rank0]:   File "/usr/lib/python3.10/runpy.py", line 196, in _run_module_as_main
[rank0]:     return _run_code(code, main_globals, None,
[rank0]:   File "/usr/lib/python3.10/runpy.py", line 86, in _run_code
[rank0]:     exec(code, run_globals)
[rank0]:   File "/lustre/scratch126/cellgen/lotfollahi/ap55/Nonmarkovian/nonmarkovian/train.py", line 609, in <module>
[rank0]:     barrier()
[rank0]:   File "/lustre/scratch126/cellgen/lotfollahi/ap55/Nonmarkovian/nonmarkovian/train.py", line 317, in main
[rank0]:     train_sampler=train_sampler,
[rank0]:   File "/lustre/scratch126/cellgen/lotfollahi/ap55/Nonmarkovian/virtualenv/Python3.11.3/lib/python3.10/site-packages/wandb/sdk/wandb_run.py", line 4120, in finish
[rank0]:     wandb.run.finish(exit_code=exit_code, quiet=quiet)
[rank0]:   File "/lustre/scratch126/cellgen/lotfollahi/ap55/Nonmarkovian/virtualenv/Python3.11.3/lib/python3.10/site-packages/wandb/sdk/wandb_run.py", line 399, in wrapper
[rank0]:     return func(self, *args, **kwargs)
[rank0]:   File "/lustre/scratch126/cellgen/lotfollahi/ap55/Nonmarkovian/virtualenv/Python3.11.3/lib/python3.10/site-packages/wandb/sdk/wandb_run.py", line 444, in wrapper
[rank0]:     return func(self, *args, **kwargs)
[rank0]:   File "/lustre/scratch126/cellgen/lotfollahi/ap55/Nonmarkovian/virtualenv/Python3.11.3/lib/python3.10/site-packages/wandb/sdk/wandb_run.py", line 2297, in finish
[rank0]:     return self._finish(exit_code)
[rank0]:   File "/lustre/scratch126/cellgen/lotfollahi/ap55/Nonmarkovian/virtualenv/Python3.11.3/lib/python3.10/site-packages/wandb/sdk/wandb_run.py", line 399, in wrapper
[rank0]:     return func(self, *args, **kwargs)
[rank0]:   File "/lustre/scratch126/cellgen/lotfollahi/ap55/Nonmarkovian/virtualenv/Python3.11.3/lib/python3.10/site-packages/wandb/sdk/wandb_run.py", line 2325, in _finish
[rank0]:     self._atexit_cleanup(exit_code=exit_code)
[rank0]:   File "/lustre/scratch126/cellgen/lotfollahi/ap55/Nonmarkovian/virtualenv/Python3.11.3/lib/python3.10/site-packages/wandb/sdk/wandb_run.py", line 2519, in _atexit_cleanup
[rank0]:     self._on_finish()
[rank0]:   File "/lustre/scratch126/cellgen/lotfollahi/ap55/Nonmarkovian/virtualenv/Python3.11.3/lib/python3.10/site-packages/wandb/sdk/wandb_run.py", line 2729, in _on_finish
[rank0]:     self._console_stop()  # TODO: there's a race here with jupyter console logging
[rank0]:   File "/lustre/scratch126/cellgen/lotfollahi/ap55/Nonmarkovian/virtualenv/Python3.11.3/lib/python3.10/site-packages/wandb/sdk/wandb_run.py", line 2548, in _console_stop
[rank0]:     self._restore()
[rank0]:   File "/lustre/scratch126/cellgen/lotfollahi/ap55/Nonmarkovian/virtualenv/Python3.11.3/lib/python3.10/site-packages/wandb/sdk/wandb_run.py", line 2490, in _restore
[rank0]:     logger.info("restore")
[rank0]:   File "/usr/lib/python3.10/logging/__init__.py", line 1477, in info
[rank0]:     self._log(INFO, msg, args, **kwargs)
[rank0]:   File "/usr/lib/python3.10/logging/__init__.py", line 1624, in _log
[rank0]:     self.handle(record)
[rank0]:   File "/usr/lib/python3.10/logging/__init__.py", line 1634, in handle
[rank0]:     self.callHandlers(record)
[rank0]:   File "/usr/lib/python3.10/logging/__init__.py", line 1696, in callHandlers
[rank0]:     hdlr.handle(record)
[rank0]:   File "/usr/lib/python3.10/logging/__init__.py", line 968, in handle
[rank0]:     self.emit(record)
[rank0]:   File "/usr/lib/python3.10/logging/__init__.py", line 1218, in emit
[rank0]:     StreamHandler.emit(self, record)
[rank0]:   File "/usr/lib/python3.10/logging/__init__.py", line 1104, in emit
[rank0]:     self.flush()
[rank0]:   File "/usr/lib/python3.10/logging/__init__.py", line 1084, in flush
[rank0]:     self.stream.flush()
[rank0]: KeyboardInterrupt
Exception ignored in atexit callback: <function _start_and_connect_service.<locals>.teardown_atexit at 0x14881291e290>
Traceback (most recent call last):
  File "/lustre/scratch126/cellgen/lotfollahi/ap55/Nonmarkovian/virtualenv/Python3.11.3/lib/python3.10/site-packages/wandb/sdk/lib/service/service_connection.py", line 73, in teardown_atexit
    conn.teardown(hooks.exit_code)
  File "/lustre/scratch126/cellgen/lotfollahi/ap55/Nonmarkovian/virtualenv/Python3.11.3/lib/python3.10/site-packages/wandb/sdk/lib/service/service_connection.py", line 353, in teardown
    self._asyncer.run(publish_teardown_and_close)
  File "/lustre/scratch126/cellgen/lotfollahi/ap55/Nonmarkovian/virtualenv/Python3.11.3/lib/python3.10/site-packages/wandb/sdk/lib/asyncio_manager.py", line 137, in run
    return future.result()
  File "/usr/lib/python3.10/concurrent/futures/_base.py", line 458, in result
    return self.__get_result()
  File "/usr/lib/python3.10/concurrent/futures/_base.py", line 403, in __get_result
    raise self._exception
  File "/lustre/scratch126/cellgen/lotfollahi/ap55/Nonmarkovian/virtualenv/Python3.11.3/lib/python3.10/site-packages/wandb/sdk/lib/asyncio_manager.py", line 223, in _wrap
    return await fn()
  File "/lustre/scratch126/cellgen/lotfollahi/ap55/Nonmarkovian/virtualenv/Python3.11.3/lib/python3.10/site-packages/wandb/sdk/lib/service/service_connection.py", line 344, in publish_teardown_and_close
    await self._client.publish(
  File "/lustre/scratch126/cellgen/lotfollahi/ap55/Nonmarkovian/virtualenv/Python3.11.3/lib/python3.10/site-packages/wandb/sdk/lib/service/service_client.py", line 45, in publish
    await self._send_server_request(request)
  File "/lustre/scratch126/cellgen/lotfollahi/ap55/Nonmarkovian/virtualenv/Python3.11.3/lib/python3.10/site-packages/wandb/sdk/lib/service/service_client.py", line 87, in _send_server_request
    await self._drain_writer()
  File "/lustre/scratch126/cellgen/lotfollahi/ap55/Nonmarkovian/virtualenv/Python3.11.3/lib/python3.10/site-packages/wandb/sdk/lib/service/service_client.py", line 96, in _drain_writer
    await self._writer.drain()
  File "/usr/lib/python3.10/asyncio/streams.py", line 359, in drain
    raise exc
  File "/lustre/scratch126/cellgen/lotfollahi/ap55/Nonmarkovian/virtualenv/Python3.11.3/lib/python3.10/site-packages/wandb/sdk/lib/service/service_client.py", line 127, in _forward_responses
    while response := await self._read_server_response():
  File "/lustre/scratch126/cellgen/lotfollahi/ap55/Nonmarkovian/virtualenv/Python3.11.3/lib/python3.10/site-packages/wandb/sdk/lib/service/service_client.py", line 141, in _read_server_response
    header = await self._reader.readexactly(_HEADER_BYTE_INT_LEN)
  File "/usr/lib/python3.10/asyncio/streams.py", line 708, in readexactly
    await self._wait_for_data('readexactly')
  File "/usr/lib/python3.10/asyncio/streams.py", line 501, in _wait_for_data
    await self._waiter
  File "/usr/lib/python3.10/asyncio/selector_events.py", line 862, in _read_ready__data_received
    data = self._sock.recv(self.max_size)
ConnectionResetError: [Errno 104] Connection reset by peer
Exception ignored in atexit callbackException ignored in atexit callbackException ignored in atexit callback: <function cleanup_process_group at 0x1483a0a3bbe0>: : 
<function cleanup_process_group at 0x152037433be0>Traceback (most recent call last):
<function cleanup_process_group at 0x14832603bbe0>
  File "/lustre/scratch126/cellgen/lotfollahi/ap55/Nonmarkovian/nonmarkovian/distributed_utils.py", line 47, in cleanup_process_group

Traceback (most recent call last):
Traceback (most recent call last):
  File "/lustre/scratch126/cellgen/lotfollahi/ap55/Nonmarkovian/nonmarkovian/distributed_utils.py", line 47, in cleanup_process_group
  File "/lustre/scratch126/cellgen/lotfollahi/ap55/Nonmarkovian/nonmarkovian/distributed_utils.py", line 47, in cleanup_process_group
        dist.destroy_process_group()dist.destroy_process_group()

  File "/lustre/scratch126/cellgen/lotfollahi/ap55/Nonmarkovian/virtualenv/Python3.11.3/lib/python3.10/site-packages/torch/distributed/distributed_c10d.py", line 2146, in destroy_process_group
  File "/lustre/scratch126/cellgen/lotfollahi/ap55/Nonmarkovian/virtualenv/Python3.11.3/lib/python3.10/site-packages/torch/distributed/distributed_c10d.py", line 2146, in destroy_process_group
    dist.destroy_process_group()
  File "/lustre/scratch126/cellgen/lotfollahi/ap55/Nonmarkovian/virtualenv/Python3.11.3/lib/python3.10/site-packages/torch/distributed/distributed_c10d.py", line 2146, in destroy_process_group
        _shutdown_backend(pg_to_shutdown)_shutdown_backend(pg_to_shutdown)

  File "/lustre/scratch126/cellgen/lotfollahi/ap55/Nonmarkovian/virtualenv/Python3.11.3/lib/python3.10/site-packages/torch/distributed/distributed_c10d.py", line 1815, in _shutdown_backend
  File "/lustre/scratch126/cellgen/lotfollahi/ap55/Nonmarkovian/virtualenv/Python3.11.3/lib/python3.10/site-packages/torch/distributed/distributed_c10d.py", line 1815, in _shutdown_backend
    _shutdown_backend(pg_to_shutdown)
  File "/lustre/scratch126/cellgen/lotfollahi/ap55/Nonmarkovian/virtualenv/Python3.11.3/lib/python3.10/site-packages/torch/distributed/distributed_c10d.py", line 1815, in _shutdown_backend
    backend._shutdown()
torch.distributed.DistBackendError: NCCL error in: /pytorch/torch/csrc/distributed/c10d/NCCLUtils.cpp:133, unhandled cuda error (run with NCCL_DEBUG=INFO for details), NCCL version 2.21.5
ncclUnhandledCudaError: Call to CUDA function failed.
Last error:
Cuda failure 'CUDA-capable device(s) is/are busy or unavailable'
    backend._shutdown()
torch.distributed.DistBackendError: NCCL error in: /pytorch/torch/csrc/distributed/c10d/NCCLUtils.cpp:133, unhandled cuda error (run with NCCL_DEBUG=INFO for details), NCCL version 2.21.5
ncclUnhandledCudaError: Call to CUDA function failed.
Last error:
Cuda failure 'CUDA-capable device(s) is/are busy or unavailable'
    backend._shutdown()
torch.distributed.DistBackendError: NCCL error in: /pytorch/torch/csrc/distributed/c10d/NCCLUtils.cpp:133, unhandled cuda error (run with NCCL_DEBUG=INFO for details), NCCL version 2.21.5
ncclUnhandledCudaError: Call to CUDA function failed.
Last error:
Cuda failure 'CUDA-capable device(s) is/are busy or unavailable'
Traceback (most recent call last):
  File "/lustre/scratch126/cellgen/lotfollahi/ap55/Nonmarkovian/virtualenv/Python3.11.3/bin/torchrun", line 6, in <module>
    sys.exit(main())
  File "/lustre/scratch126/cellgen/lotfollahi/ap55/Nonmarkovian/virtualenv/Python3.11.3/lib/python3.10/site-packages/torch/distributed/elastic/multiprocessing/errors/__init__.py", line 355, in wrapper
    return f(*args, **kwargs)
  File "/lustre/scratch126/cellgen/lotfollahi/ap55/Nonmarkovian/virtualenv/Python3.11.3/lib/python3.10/site-packages/torch/distributed/run.py", line 918, in main
    run(args)
  File "/lustre/scratch126/cellgen/lotfollahi/ap55/Nonmarkovian/virtualenv/Python3.11.3/lib/python3.10/site-packages/torch/distributed/run.py", line 909, in run
    elastic_launch(
  File "/lustre/scratch126/cellgen/lotfollahi/ap55/Nonmarkovian/virtualenv/Python3.11.3/lib/python3.10/site-packages/torch/distributed/launcher/api.py", line 138, in __call__
    return launch_agent(self._config, self._entrypoint, list(args))
  File "/lustre/scratch126/cellgen/lotfollahi/ap55/Nonmarkovian/virtualenv/Python3.11.3/lib/python3.10/site-packages/torch/distributed/launcher/api.py", line 260, in launch_agent
    result = agent.run()
  File "/lustre/scratch126/cellgen/lotfollahi/ap55/Nonmarkovian/virtualenv/Python3.11.3/lib/python3.10/site-packages/torch/distributed/elastic/metrics/api.py", line 137, in wrapper
    result = f(*args, **kwargs)
  File "/lustre/scratch126/cellgen/lotfollahi/ap55/Nonmarkovian/virtualenv/Python3.11.3/lib/python3.10/site-packages/torch/distributed/elastic/agent/server/api.py", line 711, in run
    result = self._invoke_run(role)
  File "/lustre/scratch126/cellgen/lotfollahi/ap55/Nonmarkovian/virtualenv/Python3.11.3/lib/python3.10/site-packages/torch/distributed/elastic/agent/server/api.py", line 870, in _invoke_run
    time.sleep(monitor_interval)
  File "/lustre/scratch126/cellgen/lotfollahi/ap55/Nonmarkovian/virtualenv/Python3.11.3/lib/python3.10/site-packages/torch/distributed/elastic/multiprocessing/api.py", line 84, in _terminate_process_handler
    raise SignalException(f"Process {os.getpid()} got signal: {sigval}", sigval=sigval)
torch.distributed.elastic.multiprocessing.api.SignalException: Process 2776621 got signal: 2
